Archive member included because of file (symbol)

D:\Documents\Arduino\IMU_Kalman\avrfix\libavrfix.a(lmullkD.o)
                              ./Kalman_Filters/GyroKalman.o (lmullkD)
D:\Documents\Arduino\IMU_Kalman\avrfix\libavrfix.a(ldivlkD.o)
                              ./Kalman_Filters/GyroKalman.o (ldivlkD)
D:\Documents\Arduino\IMU_Kalman\avrfix\libavrfix.a(lsincoslk.o)
                              ./HMC5883/HMC5883.o (lsincoslk)
D:\Documents\Arduino\IMU_Kalman\avrfix\libavrfix.a(latan2lk.o)
                              ./HMC5883/HMC5883.o (latan2lk)
D:\Documents\Arduino\IMU_Kalman\avrfix\libavrfix.a(cordicck.o)
                              D:\Documents\Arduino\IMU_Kalman\avrfix\libavrfix.a(lsincoslk.o) (cordicck)
D:\Documents\Arduino\IMU_Kalman\Board_Support_Library\libArduino_Duemilanove_w__ATmega328.a(HardwareSerial.o)
                              ./IMU_Kalman.o (Serial)
D:\Documents\Arduino\IMU_Kalman\Board_Support_Library\libArduino_Duemilanove_w__ATmega328.a(Print.o)
                              ./Wire/Wire.o (Print::write(unsigned char const*, unsigned int))
D:\Documents\Arduino\IMU_Kalman\Board_Support_Library\libArduino_Duemilanove_w__ATmega328.a(WInterrupts.o)
                              ./MPU6000/MPU6000.o (attachInterrupt)
D:\Documents\Arduino\IMU_Kalman\Board_Support_Library\libArduino_Duemilanove_w__ATmega328.a(WString.o)
                              D:\Documents\Arduino\IMU_Kalman\Board_Support_Library\libArduino_Duemilanove_w__ATmega328.a(Print.o) (String::operator[](unsigned int) const)
D:\Documents\Arduino\IMU_Kalman\Board_Support_Library\libArduino_Duemilanove_w__ATmega328.a(main.o)
                              c:/arduino-1.0.4-windows/arduino-1.0.4/hardware/tools/avr/bin/../lib/gcc/avr/4.3.2/../../../../avr/lib/avr5/crtm328p.o (main)
D:\Documents\Arduino\IMU_Kalman\Board_Support_Library\libArduino_Duemilanove_w__ATmega328.a(malloc.o)
                              D:\Documents\Arduino\IMU_Kalman\Board_Support_Library\libArduino_Duemilanove_w__ATmega328.a(WString.o) (free)
D:\Documents\Arduino\IMU_Kalman\Board_Support_Library\libArduino_Duemilanove_w__ATmega328.a(new.o)
                              ./Wire/Wire.o (__cxa_pure_virtual)
D:\Documents\Arduino\IMU_Kalman\Board_Support_Library\libArduino_Duemilanove_w__ATmega328.a(wiring.o)
                              ./IMU_Kalman.o (micros)
D:\Documents\Arduino\IMU_Kalman\Board_Support_Library\libArduino_Duemilanove_w__ATmega328.a(wiring_digital.o)
                              ./SPI/SPI.o (pinMode)
c:/arduino-1.0.4-windows/arduino-1.0.4/hardware/tools/avr/bin/../lib/gcc/avr/4.3.2/../../../../avr/lib/avr5\libm.a(addsf3.o)
                              D:\Documents\Arduino\IMU_Kalman\Board_Support_Library\libArduino_Duemilanove_w__ATmega328.a(Print.o) (__subsf3)
c:/arduino-1.0.4-windows/arduino-1.0.4/hardware/tools/avr/bin/../lib/gcc/avr/4.3.2/../../../../avr/lib/avr5\libm.a(addsf3x.o)
                              c:/arduino-1.0.4-windows/arduino-1.0.4/hardware/tools/avr/bin/../lib/gcc/avr/4.3.2/../../../../avr/lib/avr5\libm.a(addsf3.o) (__addsf3x)
c:/arduino-1.0.4-windows/arduino-1.0.4/hardware/tools/avr/bin/../lib/gcc/avr/4.3.2/../../../../avr/lib/avr5\libm.a(cmpsf2.o)
                              D:\Documents\Arduino\IMU_Kalman\Board_Support_Library\libArduino_Duemilanove_w__ATmega328.a(Print.o) (__ltsf2)
c:/arduino-1.0.4-windows/arduino-1.0.4/hardware/tools/avr/bin/../lib/gcc/avr/4.3.2/../../../../avr/lib/avr5\libm.a(divsf3.o)
                              D:\Documents\Arduino\IMU_Kalman\Board_Support_Library\libArduino_Duemilanove_w__ATmega328.a(Print.o) (__divsf3)
c:/arduino-1.0.4-windows/arduino-1.0.4/hardware/tools/avr/bin/../lib/gcc/avr/4.3.2/../../../../avr/lib/avr5\libm.a(divsf3x.o)
                              c:/arduino-1.0.4-windows/arduino-1.0.4/hardware/tools/avr/bin/../lib/gcc/avr/4.3.2/../../../../avr/lib/avr5\libm.a(divsf3.o) (__divsf3x)
c:/arduino-1.0.4-windows/arduino-1.0.4/hardware/tools/avr/bin/../lib/gcc/avr/4.3.2/../../../../avr/lib/avr5\libm.a(fixsfsi.o)
                              D:\Documents\Arduino\IMU_Kalman\Board_Support_Library\libArduino_Duemilanove_w__ATmega328.a(Print.o) (__fixsfsi)
c:/arduino-1.0.4-windows/arduino-1.0.4/hardware/tools/avr/bin/../lib/gcc/avr/4.3.2/../../../../avr/lib/avr5\libm.a(fixunssfsi.o)
                              D:\Documents\Arduino\IMU_Kalman\Board_Support_Library\libArduino_Duemilanove_w__ATmega328.a(Print.o) (__fixunssfsi)
c:/arduino-1.0.4-windows/arduino-1.0.4/hardware/tools/avr/bin/../lib/gcc/avr/4.3.2/../../../../avr/lib/avr5\libm.a(floatsisf.o)
                              D:\Documents\Arduino\IMU_Kalman\Board_Support_Library\libArduino_Duemilanove_w__ATmega328.a(Print.o) (__floatunsisf)
c:/arduino-1.0.4-windows/arduino-1.0.4/hardware/tools/avr/bin/../lib/gcc/avr/4.3.2/../../../../avr/lib/avr5\libm.a(fp_cmp.o)
[...]
Memory Configuration

Name             Origin             Length             Attributes
text             0x00000000         0x00020000         xr
data             0x00800060         0x0000ffa0         rw !x
eeprom           0x00810000         0x00010000         rw !x
fuse             0x00820000         0x00000400         rw !x
lock             0x00830000         0x00000400         rw !x
signature        0x00840000         0x00000400         rw !x
*default*        0x00000000         0xffffffff

Linker script and memory map

Address of section .data set to 0x800100
LOAD c:/arduino-1.0.4-windows/arduino-1.0.4/hardware/tools/avr/bin/../lib/gcc/avr/4.3.2/../../../../avr/lib/avr5/crtm328p.o
LOAD ./Wire/Wire.o
LOAD ./Wire/twi.o
LOAD ./SPI/SPI.o
LOAD ./MPU6000/MPU6000.o
LOAD ./Kalman_Filters/GyroKalman.o
LOAD ./HMC5883/HMC5883.o
LOAD ./GlobalVariables.o
LOAD ./IMU_Kalman.o
LOAD ./utilities.o
LOAD D:\Documents\Arduino\IMU_Kalman\avrfix\libavrfix.a
LOAD D:\Documents\Arduino\IMU_Kalman\Board_Support_Library\libArduino_Duemilanove_w__ATmega328.a
LOAD c:/arduino-1.0.4-windows/arduino-1.0.4/hardware/tools/avr/bin/../lib/gcc/avr/4.3.2/../../../../avr/lib/avr5\libm.a
LOAD c:/arduino-1.0.4-windows/arduino-1.0.4/hardware/tools/avr/bin/../lib/gcc/avr/4.3.2/avr5\libgcc.a
LOAD c:/arduino-1.0.4-windows/arduino-1.0.4/hardware/tools/avr/bin/../lib/gcc/avr/4.3.2/../../../../avr/lib/avr5\libc.a
LOAD c:/arduino-1.0.4-windows/arduino-1.0.4/hardware/tools/avr/bin/../lib/gcc/avr/4.3.2/avr5\libgcc.a

.hash
 *(.hash)

.dynsym
 *(.dynsym)

.dynstr
 *(.dynstr)

.gnu.version
 *(.gnu.version)

.gnu.version_d
 *(.gnu.version_d)

.gnu.version_r
 *(.gnu.version_r)

.rel.init
 *(.rel.init)

.rela.init
 *(.rela.init)

.rel.text
 *(.rel.text)
 *(.rel.text.*)
 *(.rel.gnu.linkonce.t*)

.rela.text
 *(.rela.text)
 *(.rela.text.*)
 *(.rela.gnu.linkonce.t*)

.rel.fini
 *(.rel.fini)

.rela.fini
 *(.rela.fini)

.rel.rodata
 *(.rel.rodata)
 *(.rel.rodata.*)
 *(.rel.gnu.linkonce.r*)

.rela.rodata
 *(.rela.rodata)
 *(.rela.rodata.*)
 *(.rela.gnu.linkonce.r*)

.rel.data
 *(.rel.data)
 *(.rel.data.*)
 *(.rel.gnu.linkonce.d*)

.rela.data
 *(.rela.data)
 *(.rela.data.*)
 *(.rela.gnu.linkonce.d*)

.rel.ctors
 *(.rel.ctors)

.rela.ctors
 *(.rela.ctors)

.rel.dtors
 *(.rel.dtors)

.rela.dtors
 *(.rela.dtors)

.rel.got
 *(.rel.got)

.rela.got
 *(.rela.got)

.rel.bss
 *(.rel.bss)

.rela.bss
 *(.rela.bss)

.rel.plt
 *(.rel.plt)

.rela.plt
 *(.rela.plt)

.text           0x00000000     0x4432
 *(.vectors)
 .vectors       0x00000000       0x68 c:/arduino-1.0.4-windows/arduino-1.0.4/hardware/tools/avr/bin/../lib/gcc/avr/4.3.2/../../../../avr/lib/avr5/crtm328p.o
                0x00000000                __vectors
                0x00000000                __vector_default
 *(.vectors)
 *(.progmem.gcc*)
 *(.progmem*)
 .progmem.data  0x00000068       0x5a D:\Documents\Arduino\IMU_Kalman\Board_Support_Library\libArduino_Duemilanove_w__ATmega328.a(wiring_digital.o)
                0x00000068                port_to_mode_PGM
                0x00000086                digital_pin_to_port_PGM
                0x0000009a                digital_pin_to_bit_mask_PGM
                0x00000072                port_to_output_PGM
                0x0000007c                port_to_input_PGM
                0x000000ae                digital_pin_to_timer_PGM
                0x000000c2                . = ALIGN (0x2)
                0x000000c2                __trampolines_start = .
 *(.trampolines)
 .trampolines   0x000000c2        0x0 linker stubs
 *(.trampolines*)
                0x000000c2                __trampolines_end = .
 *(.jumptables)
 *(.jumptables*)
 *(.lowtext)
 *(.lowtext*)
                0x000000c2                __ctors_start = .
 *(.ctors)
 .ctors         0x000000c2        0x2 ./Wire/Wire.o
 .ctors         0x000000c4        0x2 ./MPU6000/MPU6000.o
 .ctors         0x000000c6        0x2 ./Kalman_Filters/GyroKalman.o
 .ctors         0x000000c8        0x2 ./HMC5883/HMC5883.o
 .ctors         0x000000ca        0x2 D:\Documents\Arduino\IMU_Kalman\Board_Support_Library\libArduino_Duemilanove_w__ATmega328.a(HardwareSerial.o)
                0x000000cc                __ctors_end = .
                0x000000cc                __dtors_start = .
 *(.dtors)
                0x000000cc                __dtors_end = .
 SORT(*)(.ctors)
 SORT(*)(.dtors)
 *(.init0)
 .init0         0x000000cc        0x0 c:/arduino-1.0.4-windows/arduino-1.0.4/hardware/tools/avr/bin/../lib/gcc/avr/4.3.2/../../../../avr/lib/avr5/crtm328p.o
                0x000000cc                __init
 *(.init0)
 *(.init1)
 *(.init1)
 *(.init2)
 .init2         0x000000cc        0xc c:/arduino-1.0.4-windows/arduino-1.0.4/hardware/tools/avr/bin/../lib/gcc/avr/4.3.2/../../../../avr/lib/avr5/crtm328p.o
 *(.init2)
 *(.init3)
 *(.init3)
 *(.init4)
 .init4         0x000000d8       0x16 c:/arduino-1.0.4-windows/arduino-1.0.4/hardware/tools/avr/bin/../lib/gcc/avr/4.3.2/avr5\libgcc.a(_copy_data.o)
                0x000000d8                __do_copy_data
 .init4         0x000000ee       0x10 c:/arduino-1.0.4-windows/arduino-1.0.4/hardware/tools/avr/bin/../lib/gcc/avr/4.3.2/avr5\libgcc.a(_clear_bss.o)
                0x000000ee                __do_clear_bss
 *(.init4)
 *(.init5)
 *(.init5)
 *(.init6)
 .init6         0x000000fe       0x16 c:/arduino-1.0.4-windows/arduino-1.0.4/hardware/tools/avr/bin/../lib/gcc/avr/4.3.2/avr5\libgcc.a(_ctors.o)
                0x000000fe                __do_global_ctors
 *(.init6)
 *(.init7)
 *(.init7)
 *(.init8)
 *(.init8)
 *(.init9)
 .init9         0x00000114        0x8 c:/arduino-1.0.4-windows/arduino-1.0.4/hardware/tools/avr/bin/../lib/gcc/avr/4.3.2/../../../../avr/lib/avr5/crtm328p.o
 *(.init9)
 *(.text)
 .text          0x0000011c        0x4 c:/arduino-1.0.4-windows/arduino-1.0.4/hardware/tools/avr/bin/../lib/gcc/avr/4.3.2/../../../../avr/lib/avr5/crtm328p.o
                0x0000011c                __vector_22
                0x0000011c                __vector_12
                0x0000011c                __bad_interrupt
                0x0000011c                __vector_6
                0x0000011c                __vector_3
                0x0000011c                __vector_23
                0x0000011c                __vector_25
                0x0000011c                __vector_11
                0x0000011c                __vector_13
                0x0000011c                __vector_17
                0x0000011c                __vector_7
                0x0000011c                __vector_5
                0x0000011c                __vector_4
                0x0000011c                __vector_9
                0x0000011c                __vector_21
                0x0000011c                __vector_15
                0x0000011c                __vector_8
                0x0000011c                __vector_14
                0x0000011c                __vector_10
                0x0000011c                __vector_20
 .text          0x00000120      0x51c ./Wire/twi.o
                0x00000264                twi_transmit
                0x000002de                __vector_24
                0x000002d2                twi_releaseBus
                0x0000029a                twi_attachSlaveRxEvent
                0x00000600                twi_init
                0x000001ba                twi_writeTo
                0x000002a4                twi_attachSlaveTxEvent
                0x00000128                twi_readFrom
                0x000002ae                twi_reply
                0x000002be                twi_stop
                0x00000120                twi_setAddress
 .text          0x0000063c      0x18a D:\Documents\Arduino\IMU_Kalman\avrfix\libavrfix.a(lmullkD.o)
                0x0000063c                lmullkD
 .text          0x000007c6      0x106 D:\Documents\Arduino\IMU_Kalman\avrfix\libavrfix.a(ldivlkD.o)
                0x000007c6                ldivlkD
 .text          0x000008cc      0x22c D:\Documents\Arduino\IMU_Kalman\avrfix\libavrfix.a(lsincoslk.o)
                0x000008cc                lsincoslk
 .text          0x00000af8      0x1ac D:\Documents\Arduino\IMU_Kalman\avrfix\libavrfix.a(latan2lk.o)
                0x00000af8                latan2lk
 .text          0x00000ca4      0x1ac D:\Documents\Arduino\IMU_Kalman\avrfix\libavrfix.a(cordicck.o)
                0x00000ca4                cordicck
                0x00000e50                . = ALIGN (0x2)
 *(.text.*)
 .text._ZN7TwoWire17beginTransmissionEi
                0x00000e50       0x14 ./Wire/Wire.o
                0x00000e50                TwoWire::beginTransmission(int)
 .text._ZN7TwoWire9availableEv
                0x00000e64       0x12 ./Wire/Wire.o
                0x00000e64                TwoWire::available()
 .text._ZN7TwoWire4readEv
                0x00000e76       0x2a ./Wire/Wire.o
                0x00000e76                TwoWire::read()
 .text._ZN7TwoWire4peekEv
                0x00000ea0       0x22 ./Wire/Wire.o
                0x00000ea0                TwoWire::peek()
 .text._ZN7TwoWire5flushEv
                0x00000ec2        0x2 ./Wire/Wire.o
                0x00000ec2                TwoWire::flush()
 .text._GLOBAL__I__ZN7TwoWire8rxBufferE
                0x00000ec4       0x2e ./Wire/Wire.o
 .text._ZN7TwoWire5writeEPKhj
                0x00000ef2       0x62 ./Wire/Wire.o
                0x00000ef2                TwoWire::write(unsigned char const*, unsigned int)
 .text._ZN7TwoWire5writeEh
                0x00000f54       0x60 ./Wire/Wire.o
                0x00000f54                TwoWire::write(unsigned char)
 .text._ZN7TwoWire15endTransmissionEh
                0x00000fb4       0x26 ./Wire/Wire.o
                0x00000fb4                TwoWire::endTransmission(unsigned char)
 .text._ZN7TwoWire15endTransmissionEv
                0x00000fda        0x8 ./Wire/Wire.o
                0x00000fda                TwoWire::endTransmission()
 .text._ZN7TwoWire11requestFromEhhh
                0x00000fe2       0x1a ./Wire/Wire.o
                0x00000fe2                TwoWire::requestFrom(unsigned char, unsigned char, unsigned char)
 .text._ZN7TwoWire11requestFromEhh
                0x00000ffc        0x8 ./Wire/Wire.o
                0x00000ffc                TwoWire::requestFrom(unsigned char, unsigned char)
 .text._ZN7TwoWire5beginEv
                0x00001004       0x16 ./Wire/Wire.o
                0x00001004                TwoWire::begin()
 .text._ZN8SPIClass15setClockDividerEh
                0x0000101a       0x22 ./SPI/SPI.o
                0x0000101a                SPIClass::setClockDivider(unsigned char)
 .text._ZN8SPIClass5beginEv
                0x0000103c       0x2e ./SPI/SPI.o
                0x0000103c                SPIClass::begin()
 .text._ZN7MPU6000C1Ev
                0x0000106a       0x74 ./MPU6000/MPU6000.o
                0x0000106a                MPU6000::MPU6000()
 .text._ZN7MPU600016Set_Gyro_OffsetsElll
                0x000010de       0x34 ./MPU6000/MPU6000.o
                0x000010de                MPU6000::Set_Gyro_Offsets(long, long, long)
 .text._ZN7MPU600017Set_Accel_OffsetsElll
                0x00001112       0x34 ./MPU6000/MPU6000.o
                0x00001112                MPU6000::Set_Accel_Offsets(long, long, long)
 .text._ZN7MPU60009GetAccelXEv
                0x00001146        0xc ./MPU6000/MPU6000.o
                0x00001146                MPU6000::GetAccelX()
 .text._ZN7MPU60009GetAccelYEv
                0x00001152        0xc ./MPU6000/MPU6000.o
                0x00001152                MPU6000::GetAccelY()
 .text._ZN7MPU60009GetAccelZEv
                0x0000115e        0xc ./MPU6000/MPU6000.o
                0x0000115e                MPU6000::GetAccelZ()
 .text._ZN7MPU60008GetGyroXEv
                0x0000116a        0xc ./MPU6000/MPU6000.o
                0x0000116a                MPU6000::GetGyroX()
 .text._ZN7MPU60008GetGyroYEv
                0x00001176        0xc ./MPU6000/MPU6000.o
                0x00001176                MPU6000::GetGyroY()
 .text._ZN7MPU60008GetGyroZEv
                0x00001182        0xc ./MPU6000/MPU6000.o
                0x00001182                MPU6000::GetGyroZ()
 .text._ZN7MPU600012GetDataCountEv
                0x0000118e        0x6 ./MPU6000/MPU6000.o
                0x0000118e                MPU6000::GetDataCount()
 .text._Z16MPU6000_data_intv
                0x00001194        0xc ./MPU6000/MPU6000.o
                0x00001194                MPU6000_data_int()
 .text._GLOBAL__I_Mpu6000
                0x000011a0        0xa ./MPU6000/MPU6000.o
 .text._ZN7MPU60008SPI_readEh
                0x000011aa       0x30 ./MPU6000/MPU6000.o
                0x000011aa                MPU6000::SPI_read(unsigned char)
 .text._ZN7MPU60009Read_GyroEv
                0x000011da      0x192 ./MPU6000/MPU6000.o
                0x000011da                MPU6000::Read_Gyro()
 .text._ZN7MPU600010Read_AccelEv
                0x0000136c      0x2c8 ./MPU6000/MPU6000.o
                0x0000136c                MPU6000::Read_Accel()
 .text._ZN7MPU600019Read_Accel_and_GyroEv
                0x00001634       0x2e ./MPU6000/MPU6000.o
                0x00001634                MPU6000::Read_Accel_and_Gyro()
 .text._ZN7MPU60009SPI_writeEhh
                0x00001662       0x32 ./MPU6000/MPU6000.o
                0x00001662                MPU6000::SPI_write(unsigned char, unsigned char)
 .text._ZN7MPU600010InitializeEjhhh
                0x00001694      0x26e ./MPU6000/MPU6000.o
                0x00001694                MPU6000::Initialize(unsigned int, unsigned char, unsigned char, unsigned char)
 .text._ZN10GyroKalmanC1Ev
                0x00001902       0x84 ./Kalman_Filters/GyroKalman.o
                0x00001902                GyroKalman::GyroKalman()
 .text._ZN10GyroKalman10InitializeEllllllll
                0x00001986       0xf8 ./Kalman_Filters/GyroKalman.o
                0x00001986                GyroKalman::Initialize(long, long, long, long, long, long, long, long)
 .text._ZN10GyroKalman8GetAngleEv
                0x00001a7e        0xc ./Kalman_Filters/GyroKalman.o
                0x00001a7e                GyroKalman::GetAngle()
 .text._ZN10GyroKalman7GetRateEv
                0x00001a8a        0xc ./Kalman_Filters/GyroKalman.o
                0x00001a8a                GyroKalman::GetRate()
 .text._ZN10GyroKalman18Update_with_NoDataEv
                0x00001a96       0x9e ./Kalman_Filters/GyroKalman.o
                0x00001a96                GyroKalman::Update_with_NoData()
 .text._GLOBAL__I_XAxisGyroKalman
                0x00001b34       0x1a ./Kalman_Filters/GyroKalman.o
 .text._ZN10GyroKalman7PredictEll
                0x00001b4e      0x2ce ./Kalman_Filters/GyroKalman.o
                0x00001b4e                GyroKalman::Predict(long, long)
 .text._ZN10GyroKalman7PredictEl
                0x00001e1c       0x16 ./Kalman_Filters/GyroKalman.o
                0x00001e1c                GyroKalman::Predict(long)
 .text._ZN10GyroKalman17Est_NoCtrl_NoMeasEl
                0x00001e32       0x16 ./Kalman_Filters/GyroKalman.o
                0x00001e32                GyroKalman::Est_NoCtrl_NoMeas(long)
 .text._ZN10GyroKalman26Update_with_Angle_and_RateEll
                0x00001e48      0x4de ./Kalman_Filters/GyroKalman.o
                0x00001e48                GyroKalman::Update_with_Angle_and_Rate(long, long)
 .text._ZN10GyroKalman27Est_NoCtrl_MeasAngleAndRateElll
                0x00002326       0x4a ./Kalman_Filters/GyroKalman.o
                0x00002326                GyroKalman::Est_NoCtrl_MeasAngleAndRate(long, long, long)
 .text._ZN10GyroKalman16Update_with_RateEl
                0x00002370      0x1ce ./Kalman_Filters/GyroKalman.o
                0x00002370                GyroKalman::Update_with_Rate(long)
 .text._ZN10GyroKalman19Est_NoCtrl_MeasRateEll
                0x0000253e       0x36 ./Kalman_Filters/GyroKalman.o
                0x0000253e                GyroKalman::Est_NoCtrl_MeasRate(long, long)
 .text._ZN10GyroKalman17Update_with_AngleEl
                0x00002574      0x1ce ./Kalman_Filters/GyroKalman.o
                0x00002574                GyroKalman::Update_with_Angle(long)
 .text._ZN10GyroKalman20Est_NoCtrl_MeasAngleEll
                0x00002742       0x36 ./Kalman_Filters/GyroKalman.o
                0x00002742                GyroKalman::Est_NoCtrl_MeasAngle(long, long)
 .text._ZN7HMC588310set_offsetElll
                0x00002778       0x1c ./HMC5883/HMC5883.o
                0x00002778                HMC5883::set_offset(long, long, long)
 .text._ZN7HMC588319set_mag_declinationEl
                0x00002794        0xc ./HMC5883/HMC5883.o
                0x00002794                HMC5883::set_mag_declination(long)
 .text._ZN7HMC588312GetDataCountEv
                0x000027a0        0x6 ./HMC5883/HMC5883.o
                0x000027a0                HMC5883::GetDataCount()
 .text._Z16HMC5883_data_intv
                0x000027a6        0xc ./HMC5883/HMC5883.o
                0x000027a6                HMC5883_data_int()
 .text._GLOBAL__I_Hmc5883
                0x000027b2       0xaa ./HMC5883/HMC5883.o
 .text._ZN7HMC58835writeEhh
                0x0000285c       0x3e ./HMC5883/HMC5883.o
                0x0000285c                HMC5883::write(unsigned char, unsigned char)
 .text._ZN7HMC58834readEhhPh
                0x0000289a       0x74 ./HMC5883/HMC5883.o
                0x0000289a                HMC5883::read(unsigned char, unsigned char, unsigned char*)
 .text._ZN7HMC588313Read_Mag_DataEv
                0x0000290e      0x164 ./HMC5883/HMC5883.o
                0x0000290e                HMC5883::Read_Mag_Data()
 .text._ZN7HMC588312Calc_HeadingEll
                0x00002a72      0x212 ./HMC5883/HMC5883.o
                0x00002a72                HMC5883::Calc_Heading(long, long)
 .text._ZN7HMC588310InitializeEhhhh
                0x00002c84      0x226 ./HMC5883/HMC5883.o
                0x00002c84                HMC5883::Initialize(unsigned char, unsigned char, unsigned char, unsigned char)
 .text.loop     0x00002eaa       0x74 ./IMU_Kalman.o
                0x00002eaa                loop
 .text.setup    0x00002f1e      0x220 ./IMU_Kalman.o
                0x00002f1e                setup
 .text._Z22Print_Filter_Debug_Outv
                0x0000313e      0x3b2 ./utilities.o
                0x0000313e                Print_Filter_Debug_Out()
 .text._Z26Calculate_Kalman_Estimatesv
                0x000034f0      0x246 ./utilities.o
                0x000034f0                Calculate_Kalman_Estimates()
 .text._Z12CheckForDatav
                0x00003736      0x124 ./utilities.o
                0x00003736                CheckForData()
 .text._Z11serialEventv
                0x0000385a        0x2 D:\Documents\Arduino\IMU_Kalman\Board_Support_Library\libArduino_Duemilanove_w__ATmega328.a(HardwareSerial.o)
                0x0000385a                serialEvent()
 .text.__vector_18
                0x0000385c       0x76 D:\Documents\Arduino\IMU_Kalman\Board_Support_Library\libArduino_Duemilanove_w__ATmega328.a(HardwareSerial.o)
                0x0000385c                __vector_18
 .text._Z14serialEventRunv
                0x000038d2       0x26 D:\Documents\Arduino\IMU_Kalman\Board_Support_Library\libArduino_Duemilanove_w__ATmega328.a(HardwareSerial.o)
                0x000038d2                serialEventRun()
 .text.__vector_19
                0x000038f8       0x76 D:\Documents\Arduino\IMU_Kalman\Board_Support_Library\libArduino_Duemilanove_w__ATmega328.a(HardwareSerial.o)
                0x000038f8                __vector_19
 .text._ZN14HardwareSerial5beginEm
                0x0000396e      0x10e D:\Documents\Arduino\IMU_Kalman\Board_Support_Library\libArduino_Duemilanove_w__ATmega328.a(HardwareSerial.o)
                0x0000396e                HardwareSerial::begin(unsigned long)
 .text._ZN14HardwareSerial9availableEv
                0x00003a7c       0x22 D:\Documents\Arduino\IMU_Kalman\Board_Support_Library\libArduino_Duemilanove_w__ATmega328.a(HardwareSerial.o)
                0x00003a7c                HardwareSerial::available()
 .text._ZN14HardwareSerial4peekEv
                0x00003a9e       0x40 D:\Documents\Arduino\IMU_Kalman\Board_Support_Library\libArduino_Duemilanove_w__ATmega328.a(HardwareSerial.o)
                0x00003a9e                HardwareSerial::peek()
 .text._ZN14HardwareSerial4readEv
                0x00003ade       0x52 D:\Documents\Arduino\IMU_Kalman\Board_Support_Library\libArduino_Duemilanove_w__ATmega328.a(HardwareSerial.o)
                0x00003ade                HardwareSerial::read()
 .text._ZN14HardwareSerial5flushEv
                0x00003b30       0x20 D:\Documents\Arduino\IMU_Kalman\Board_Support_Library\libArduino_Duemilanove_w__ATmega328.a(HardwareSerial.o)
                0x00003b30                HardwareSerial::flush()
 .text._ZN14HardwareSerial5writeEh
                0x00003b50       0x80 D:\Documents\Arduino\IMU_Kalman\Board_Support_Library\libArduino_Duemilanove_w__ATmega328.a(HardwareSerial.o)
                0x00003b50                HardwareSerial::write(unsigned char)
 .text._GLOBAL__I_rx_buffer
                0x00003bd0       0xac D:\Documents\Arduino\IMU_Kalman\Board_Support_Library\libArduino_Duemilanove_w__ATmega328.a(HardwareSerial.o)
 .text._ZN5Print5writeEPKhj
                0x00003c7c       0x54 D:\Documents\Arduino\IMU_Kalman\Board_Support_Library\libArduino_Duemilanove_w__ATmega328.a(Print.o)
                0x00003c7c                Print::write(unsigned char const*, unsigned int)
 .text._ZN5Print7printlnEv
                0x00003cd0       0x40 D:\Documents\Arduino\IMU_Kalman\Board_Support_Library\libArduino_Duemilanove_w__ATmega328.a(Print.o)
                0x00003cd0                Print::println()
 .text._ZN5Print5writeEPKc
                0x00003d10       0x38 D:\Documents\Arduino\IMU_Kalman\Board_Support_Library\libArduino_Duemilanove_w__ATmega328.a(Print.o)
                0x00003d10                Print::write(char const*)
 .text._ZN5Print11printNumberEmh
                0x00003d48       0xc8 D:\Documents\Arduino\IMU_Kalman\Board_Support_Library\libArduino_Duemilanove_w__ATmega328.a(Print.o)
                0x00003d48                Print::printNumber(unsigned long, unsigned char)
 .text._ZN5Print5printEmi
                0x00003e10       0x1e D:\Documents\Arduino\IMU_Kalman\Board_Support_Library\libArduino_Duemilanove_w__ATmega328.a(Print.o)
                0x00003e10                Print::print(unsigned long, int)
 .text._ZN5Print5printEli
                0x00003e2e       0x80 D:\Documents\Arduino\IMU_Kalman\Board_Support_Library\libArduino_Duemilanove_w__ATmega328.a(Print.o)
                0x00003e2e                Print::print(long, int)
 .text._ZN5Print5printEii
                0x00003eae       0x26 D:\Documents\Arduino\IMU_Kalman\Board_Support_Library\libArduino_Duemilanove_w__ATmega328.a(Print.o)
                0x00003eae                Print::print(int, int)
 .text._ZN5Print5printEPKc
                0x00003ed4        0x6 D:\Documents\Arduino\IMU_Kalman\Board_Support_Library\libArduino_Duemilanove_w__ATmega328.a(Print.o)
                0x00003ed4                Print::print(char const*)
 .text._ZN5Print7printlnEPKc
                0x00003eda       0x26 D:\Documents\Arduino\IMU_Kalman\Board_Support_Library\libArduino_Duemilanove_w__ATmega328.a(Print.o)
                0x00003eda                Print::println(char const*)
 .text.attachInterrupt
                0x00003f00       0x46 D:\Documents\Arduino\IMU_Kalman\Board_Support_Library\libArduino_Duemilanove_w__ATmega328.a(WInterrupts.o)
                0x00003f00                attachInterrupt
 .text.__vector_1
                0x00003f46       0x5a D:\Documents\Arduino\IMU_Kalman\Board_Support_Library\libArduino_Duemilanove_w__ATmega328.a(WInterrupts.o)
                0x00003f46                __vector_1
 .text.__vector_2
                0x00003fa0       0x5a D:\Documents\Arduino\IMU_Kalman\Board_Support_Library\libArduino_Duemilanove_w__ATmega328.a(WInterrupts.o)
                0x00003fa0                __vector_2
 .text.main     0x00003ffa       0x1e D:\Documents\Arduino\IMU_Kalman\Board_Support_Library\libArduino_Duemilanove_w__ATmega328.a(main.o)
                0x00003ffa                main
 .text.__vector_16
                0x00004018       0x90 D:\Documents\Arduino\IMU_Kalman\Board_Support_Library\libArduino_Duemilanove_w__ATmega328.a(wiring.o)
                0x00004018                __vector_16
 .text.micros   0x000040a8       0x4c D:\Documents\Arduino\IMU_Kalman\Board_Support_Library\libArduino_Duemilanove_w__ATmega328.a(wiring.o)
                0x000040a8                micros
 .text.delay    0x000040f4       0xb2 D:\Documents\Arduino\IMU_Kalman\Board_Support_Library\libArduino_Duemilanove_w__ATmega328.a(wiring.o)
                0x000040f4                delay
 .text.init     0x000041a6       0x76 D:\Documents\Arduino\IMU_Kalman\Board_Support_Library\libArduino_Duemilanove_w__ATmega328.a(wiring.o)
                0x000041a6                init
 .text.pinMode  0x0000421c       0x7e D:\Documents\Arduino\IMU_Kalman\Board_Support_Library\libArduino_Duemilanove_w__ATmega328.a(wiring_digital.o)
                0x0000421c                pinMode
 .text.digitalWrite
                0x0000429a       0xa8 D:\Documents\Arduino\IMU_Kalman\Board_Support_Library\libArduino_Duemilanove_w__ATmega328.a(wiring_digital.o)
                0x0000429a                digitalWrite
 .text.libgcc   0x00004342       0x3e c:/arduino-1.0.4-windows/arduino-1.0.4/hardware/tools/avr/bin/../lib/gcc/avr/4.3.2/avr5\libgcc.a(_mulsi3.o)
                0x00004342                __mulsi3
 .text.libgcc   0x00004380       0x28 c:/arduino-1.0.4-windows/arduino-1.0.4/hardware/tools/avr/bin/../lib/gcc/avr/4.3.2/avr5\libgcc.a(_udivmodhi4.o)
                0x00004380                __udivmodhi4
 .text.libgcc   0x000043a8       0x44 c:/arduino-1.0.4-windows/arduino-1.0.4/hardware/tools/avr/bin/../lib/gcc/avr/4.3.2/avr5\libgcc.a(_udivmodsi4.o)
                0x000043a8                __udivmodsi4
 .text.libgcc   0x000043ec       0x36 c:/arduino-1.0.4-windows/arduino-1.0.4/hardware/tools/avr/bin/../lib/gcc/avr/4.3.2/avr5\libgcc.a(_divmodsi4.o)
                0x000043ec                __divmodsi4
 .text.libgcc   0x00004422        0xc c:/arduino-1.0.4-windows/arduino-1.0.4/hardware/tools/avr/bin/../lib/gcc/avr/4.3.2/avr5\libgcc.a(_tablejump.o)
                0x00004426                __tablejump__
                0x00004422                __tablejump2__
                0x0000442e                . = ALIGN (0x2)
 *(.fini9)
 .fini9         0x0000442e        0x0 c:/arduino-1.0.4-windows/arduino-1.0.4/hardware/tools/avr/bin/../lib/gcc/avr/4.3.2/avr5\libgcc.a(_exit.o)
                0x0000442e                exit
                0x0000442e                _exit
 *(.fini9)
 *(.fini8)
 *(.fini8)
 *(.fini7)
 *(.fini7)
 *(.fini6)
 *(.fini6)
 *(.fini5)
 *(.fini5)
 *(.fini4)
 *(.fini4)
 *(.fini3)
 *(.fini3)
 *(.fini2)
 *(.fini2)
 *(.fini1)
 *(.fini1)
 *(.fini0)
 .fini0         0x0000442e        0x4 c:/arduino-1.0.4-windows/arduino-1.0.4/hardware/tools/avr/bin/../lib/gcc/avr/4.3.2/avr5\libgcc.a(_exit.o)
 *(.fini0)
                0x00004432                _etext = .

.data           0x00800100      0x220 load address 0x00004432
                0x00800100                PROVIDE (__data_start, .)
 *(.data)
 .data          0x00800100       0x8b ./IMU_Kalman.o
 .data          0x0080018b      0x111 ./utilities.o
 .data          0x0080029c       0x64 D:\Documents\Arduino\IMU_Kalman\avrfix\libavrfix.a(cordicck.o)
 *(.data*)
 *(.rodata)
 *(.rodata*)
 .rodata._ZTV7TwoWire
                0x00800300       0x10 ./Wire/Wire.o
                0x00800300                vtable for TwoWire
 .rodata._ZTV14HardwareSerial
                0x00800310       0x10 D:\Documents\Arduino\IMU_Kalman\Board_Support_Library\libArduino_Duemilanove_w__ATmega328.a(HardwareSerial.o)
                0x00800310                vtable for HardwareSerial
 *(.gnu.linkonce.d*)
                0x00800320                . = ALIGN (0x2)
                0x00800320                _edata = .
                0x00800320                PROVIDE (__data_end, .)

.bss            0x00800320      0x2d4
                0x00800320                PROVIDE (__bss_start, .)
 *(.bss)
 .bss           0x00800320       0x6e ./Wire/twi.o
 *(.bss*)
 .bss._ZN7TwoWire8rxBufferE
                0x0080038e       0x20 ./Wire/Wire.o
                0x0080038e                TwoWire::rxBuffer
 .bss._ZN7TwoWire13rxBufferIndexE
                0x008003ae        0x1 ./Wire/Wire.o
                0x008003ae                TwoWire::rxBufferIndex
 .bss._ZN7TwoWire14rxBufferLengthE
                0x008003af        0x1 ./Wire/Wire.o
                0x008003af                TwoWire::rxBufferLength
 .bss._ZN7TwoWire9txAddressE
                0x008003b0        0x1 ./Wire/Wire.o
                0x008003b0                TwoWire::txAddress
 .bss._ZN7TwoWire8txBufferE
                0x008003b1       0x20 ./Wire/Wire.o
                0x008003b1                TwoWire::txBuffer
 .bss._ZN7TwoWire13txBufferIndexE
                0x008003d1        0x1 ./Wire/Wire.o
                0x008003d1                TwoWire::txBufferIndex
 .bss._ZN7TwoWire14txBufferLengthE
                0x008003d2        0x1 ./Wire/Wire.o
                0x008003d2                TwoWire::txBufferLength
 .bss._ZN7TwoWire12transmittingE
                0x008003d3        0x1 ./Wire/Wire.o
                0x008003d3                TwoWire::transmitting
 .bss.Wire      0x008003d4        0xc ./Wire/Wire.o
                0x008003d4                Wire
 .bss.Mpu6000   0x008003e0       0x36 ./MPU6000/MPU6000.o
                0x008003e0                Mpu6000
 .bss.XAxisGyroKalman
                0x00800416       0x40 ./Kalman_Filters/GyroKalman.o
                0x00800416                XAxisGyroKalman
 .bss.YAxisGyroKalman
                0x00800456       0x40 ./Kalman_Filters/GyroKalman.o
                0x00800456                YAxisGyroKalman
 .bss.ZAxisGyroKalman
                0x00800496       0x40 ./Kalman_Filters/GyroKalman.o
                0x00800496                ZAxisGyroKalman
 .bss.Hmc5883   0x008004d6       0x28 ./HMC5883/HMC5883.o
                0x008004d6                Hmc5883
 .bss.loopstarttime_us
                0x008004fe        0x4 ./GlobalVariables.o
                0x008004fe                loopstarttime_us
 .bss.loopdeltatime_us
                0x00800502        0x4 ./GlobalVariables.o
                0x00800502                loopdeltatime_us
 .bss.newmagdata
                0x00800506        0x1 ./GlobalVariables.o
                0x00800506                newmagdata
 .bss.newmpudata
                0x00800507        0x1 ./GlobalVariables.o
                0x00800507                newmpudata
 .bss.rollrate_meas
                0x00800508        0x4 ./GlobalVariables.o
                0x00800508                rollrate_meas
 .bss.pitchrate_meas
                0x0080050c        0x4 ./GlobalVariables.o
                0x0080050c                pitchrate_meas
 .bss.yawrate_meas
                0x00800510        0x4 ./GlobalVariables.o
                0x00800510                yawrate_meas
 .bss.accelX_meas
                0x00800514        0x4 ./GlobalVariables.o
                0x00800514                accelX_meas
 .bss.accelY_meas
                0x00800518        0x4 ./GlobalVariables.o
                0x00800518                accelY_meas
 .bss.accelZ_meas
                0x0080051c        0x4 ./GlobalVariables.o
                0x0080051c                accelZ_meas
 .bss.heading_rad
                0x00800520        0x4 ./GlobalVariables.o
                0x00800520                heading_rad
 .bss.roll      0x00800524        0x4 ./GlobalVariables.o
                0x00800524                roll
 .bss.pitch     0x00800528        0x4 ./GlobalVariables.o
                0x00800528                pitch
 .bss.yaw       0x0080052c        0x4 ./GlobalVariables.o
                0x0080052c                yaw
 .bss.rollrate  0x00800530        0x4 ./GlobalVariables.o
                0x00800530                rollrate
 .bss.pitchrate
                0x00800534        0x4 ./GlobalVariables.o
                0x00800534                pitchrate
 .bss.yawrate   0x00800538        0x4 ./GlobalVariables.o
                0x00800538                yawrate
 .bss._ZZ22Print_Filter_Debug_OutvE1i
                0x0080053c        0x1 ./utilities.o
 .bss.rx_buffer
                0x0080053d       0x44 D:\Documents\Arduino\IMU_Kalman\Board_Support_Library\libArduino_Duemilanove_w__ATmega328.a(HardwareSerial.o)
                0x0080053d                rx_buffer
 .bss.tx_buffer
                0x00800581       0x44 D:\Documents\Arduino\IMU_Kalman\Board_Support_Library\libArduino_Duemilanove_w__ATmega328.a(HardwareSerial.o)
                0x00800581                tx_buffer
 .bss.Serial    0x008005c5       0x22 D:\Documents\Arduino\IMU_Kalman\Board_Support_Library\libArduino_Duemilanove_w__ATmega328.a(HardwareSerial.o)
                0x008005c5                Serial
 .bss.intFunc   0x008005e7        0x4 D:\Documents\Arduino\IMU_Kalman\Board_Support_Library\libArduino_Duemilanove_w__ATmega328.a(WInterrupts.o)
 .bss.timer0_overflow_count
                0x008005eb        0x4 D:\Documents\Arduino\IMU_Kalman\Board_Support_Library\libArduino_Duemilanove_w__ATmega328.a(wiring.o)
                0x008005eb                timer0_overflow_count
 .bss.timer0_millis
                0x008005ef        0x4 D:\Documents\Arduino\IMU_Kalman\Board_Support_Library\libArduino_Duemilanove_w__ATmega328.a(wiring.o)
                0x008005ef                timer0_millis
 .bss.timer0_fract
                0x008005f3        0x1 D:\Documents\Arduino\IMU_Kalman\Board_Support_Library\libArduino_Duemilanove_w__ATmega328.a(wiring.o)
 *(COMMON)
                0x008005f4                PROVIDE (__bss_end, .)
                0x00004432                __data_load_start = LOADADDR (.data)
                0x00004652                __data_load_end = (__data_load_start + SIZEOF (.data))

.noinit         0x008005f4        0x0
                0x008005f4                PROVIDE (__noinit_start, .)
 *(.noinit*)
                0x008005f4                PROVIDE (__noinit_end, .)
                0x008005f4                _end = .
                0x008005f4                PROVIDE (__heap_start, .)

.eeprom         0x00810000        0x0
 *(.eeprom*)
                0x00810000                __eeprom_end = .

.fuse
 *(.fuse)
 *(.lfuse)
 *(.hfuse)
 *(.efuse)

.lock
 *(.lock*)

.signature
 *(.signature*)

.stab
 *(.stab)

.stabstr
 *(.stabstr)

.stab.excl
 *(.stab.excl)

.stab.exclstr
 *(.stab.exclstr)

.stab.index
 *(.stab.index)

.stab.indexstr
 *(.stab.indexstr)

.comment
 *(.comment)

.debug
 *(.debug)

.line
 *(.line)

.debug_srcinfo
 *(.debug_srcinfo)

.debug_sfnames
 *(.debug_sfnames)

.debug_aranges  0x00000000      0x960
 *(.debug_aranges)
 .debug_aranges
                0x00000000       0xd8 ./Wire/Wire.o
 .debug_aranges
                0x000000d8       0x20 ./Wire/twi.o
 .debug_aranges
                0x000000f8       0x40 ./SPI/SPI.o
 .debug_aranges
                0x00000138       0xe0 ./MPU6000/MPU6000.o
 .debug_aranges
                0x00000218       0xe0 ./Kalman_Filters/GyroKalman.o
 .debug_aranges
                0x000002f8       0xd0 ./HMC5883/HMC5883.o
 .debug_aranges
                0x000003c8       0x28 ./IMU_Kalman.o
 .debug_aranges
                0x000003f0       0x30 ./utilities.o
 .debug_aranges
                0x00000420       0x98 D:\Documents\Arduino\IMU_Kalman\Board_Support_Library\libArduino_Duemilanove_w__ATmega328.a(HardwareSerial.o)
 .debug_aranges
                0x000004b8       0xf0 D:\Documents\Arduino\IMU_Kalman\Board_Support_Library\libArduino_Duemilanove_w__ATmega328.a(Print.o)
 .debug_aranges
                0x000005a8       0x38 D:\Documents\Arduino\IMU_Kalman\Board_Support_Library\libArduino_Duemilanove_w__ATmega328.a(WInterrupts.o)
 .debug_aranges
                0x000005e0      0x260 D:\Documents\Arduino\IMU_Kalman\Board_Support_Library\libArduino_Duemilanove_w__ATmega328.a(WString.o)
 .debug_aranges
                0x00000840       0x20 D:\Documents\Arduino\IMU_Kalman\Board_Support_Library\libArduino_Duemilanove_w__ATmega328.a(main.o)
 .debug_aranges
                0x00000860       0x30 D:\Documents\Arduino\IMU_Kalman\Board_Support_Library\libArduino_Duemilanove_w__ATmega328.a(malloc.o)
 .debug_aranges
                0x00000890       0x58 D:\Documents\Arduino\IMU_Kalman\Board_Support_Library\libArduino_Duemilanove_w__ATmega328.a(new.o)
 .debug_aranges
                0x000008e8       0x48 D:\Documents\Arduino\IMU_Kalman\Board_Support_Library\libArduino_Duemilanove_w__ATmega328.a(wiring.o)
 .debug_aranges
                0x00000930       0x30 D:\Documents\Arduino\IMU_Kalman\Board_Support_Library\libArduino_Duemilanove_w__ATmega328.a(wiring_digital.o)

.debug_pubnames
                0x00000000     0x1b28
 *(.debug_pubnames)
 .debug_pubnames
                0x00000000      0x33b ./Wire/Wire.o
 .debug_pubnames
                0x0000033b       0xd8 ./Wire/twi.o
 .debug_pubnames
                0x00000413       0x92 ./SPI/SPI.o
 .debug_pubnames
                0x000004a5      0x25e ./MPU6000/MPU6000.o
 .debug_pubnames
                0x00000703      0x361 ./Kalman_Filters/GyroKalman.o
 .debug_pubnames
                0x00000a64      0x240 ./HMC5883/HMC5883.o
 .debug_pubnames
                0x00000ca4      0x198 ./GlobalVariables.o
 .debug_pubnames
                0x00000e3c       0x25 ./IMU_Kalman.o
 .debug_pubnames
                0x00000e61       0x5d ./utilities.o
 .debug_pubnames
                0x00000ebe      0x1b4 D:\Documents\Arduino\IMU_Kalman\Board_Support_Library\libArduino_Duemilanove_w__ATmega328.a(HardwareSerial.o)
 .debug_pubnames
                0x00001072      0x200 D:\Documents\Arduino\IMU_Kalman\Board_Support_Library\libArduino_Duemilanove_w__ATmega328.a(Print.o)
 .debug_pubnames
                0x00001272       0x58 D:\Documents\Arduino\IMU_Kalman\Board_Support_Library\libArduino_Duemilanove_w__ATmega328.a(WInterrupts.o)
 .debug_pubnames
                0x000012ca      0x5bf D:\Documents\Arduino\IMU_Kalman\Board_Support_Library\libArduino_Duemilanove_w__ATmega328.a(WString.o)
 .debug_pubnames
                0x00001889       0x1b D:\Documents\Arduino\IMU_Kalman\Board_Support_Library\libArduino_Duemilanove_w__ATmega328.a(main.o)
 .debug_pubnames
                0x000018a4       0x5e D:\Documents\Arduino\IMU_Kalman\Board_Support_Library\libArduino_Duemilanove_w__ATmega328.a(malloc.o)
 .debug_pubnames
                0x00001902       0xbf D:\Documents\Arduino\IMU_Kalman\Board_Support_Library\libArduino_Duemilanove_w__ATmega328.a(new.o)
 .debug_pubnames
                0x000019c1       0x8d D:\Documents\Arduino\IMU_Kalman\Board_Support_Library\libArduino_Duemilanove_w__ATmega328.a(wiring.o)
 .debug_pubnames
                0x00001a4e       0xda D:\Documents\Arduino\IMU_Kalman\Board_Support_Library\libArduino_Duemilanove_w__ATmega328.a(wiring_digital.o)

.debug_info     0x00000000     0xc7c1
 *(.debug_info)
 .debug_info    0x00000000     0x196e ./Wire/Wire.o
 .debug_info    0x0000196e      0x557 ./Wire/twi.o
 .debug_info    0x00001ec5      0x286 ./SPI/SPI.o
 .debug_info    0x0000214b      0xbc1 ./MPU6000/MPU6000.o
 .debug_info    0x00002d0c      0xcc8 ./Kalman_Filters/GyroKalman.o
 .debug_info    0x000039d4      0xab8 ./HMC5883/HMC5883.o
 .debug_info    0x0000448c      0x333 ./GlobalVariables.o
 .debug_info    0x000047bf      0xc9d ./IMU_Kalman.o
 .debug_info    0x0000545c      0xd86 ./utilities.o
 .debug_info    0x000061e2     0x1904 D:\Documents\Arduino\IMU_Kalman\Board_Support_Library\libArduino_Duemilanove_w__ATmega328.a(HardwareSerial.o)
 .debug_info    0x00007ae6     0x1ad1 D:\Documents\Arduino\IMU_Kalman\Board_Support_Library\libArduino_Duemilanove_w__ATmega328.a(Print.o)
 .debug_info    0x000095b7      0x1fb D:\Documents\Arduino\IMU_Kalman\Board_Support_Library\libArduino_Duemilanove_w__ATmega328.a(WInterrupts.o)
 .debug_info    0x000097b2     0x21c5 D:\Documents\Arduino\IMU_Kalman\Board_Support_Library\libArduino_Duemilanove_w__ATmega328.a(WString.o)
 .debug_info    0x0000b977      0x14b D:\Documents\Arduino\IMU_Kalman\Board_Support_Library\libArduino_Duemilanove_w__ATmega328.a(main.o)
 .debug_info    0x0000bac2      0x2c2 D:\Documents\Arduino\IMU_Kalman\Board_Support_Library\libArduino_Duemilanove_w__ATmega328.a(malloc.o)
 .debug_info    0x0000bd84      0x195 D:\Documents\Arduino\IMU_Kalman\Board_Support_Library\libArduino_Duemilanove_w__ATmega328.a(new.o)
 .debug_info    0x0000bf19      0x319 D:\Documents\Arduino\IMU_Kalman\Board_Support_Library\libArduino_Duemilanove_w__ATmega328.a(wiring.o)
 .debug_info    0x0000c232      0x58f D:\Documents\Arduino\IMU_Kalman\Board_Support_Library\libArduino_Duemilanove_w__ATmega328.a(wiring_digital.o)
 *(.gnu.linkonce.wi.*)

.debug_abbrev   0x00000000     0x23d6
 *(.debug_abbrev)
 .debug_abbrev  0x00000000      0x3a7 ./Wire/Wire.o
 .debug_abbrev  0x000003a7      0x1f5 ./Wire/twi.o
 .debug_abbrev  0x0000059c      0x130 ./SPI/SPI.o
 .debug_abbrev  0x000006cc      0x2f7 ./MPU6000/MPU6000.o
 .debug_abbrev  0x000009c3      0x242 ./Kalman_Filters/GyroKalman.o
 .debug_abbrev  0x00000c05      0x2c5 ./HMC5883/HMC5883.o
 .debug_abbrev  0x00000eca       0x87 ./GlobalVariables.o
 .debug_abbrev  0x00000f51      0x163 ./IMU_Kalman.o
 .debug_abbrev  0x000010b4      0x19e ./utilities.o
 .debug_abbrev  0x00001252      0x450 D:\Documents\Arduino\IMU_Kalman\Board_Support_Library\libArduino_Duemilanove_w__ATmega328.a(HardwareSerial.o)
 .debug_abbrev  0x000016a2      0x336 D:\Documents\Arduino\IMU_Kalman\Board_Support_Library\libArduino_Duemilanove_w__ATmega328.a(Print.o)
 .debug_abbrev  0x000019d8       0xe7 D:\Documents\Arduino\IMU_Kalman\Board_Support_Library\libArduino_Duemilanove_w__ATmega328.a(WInterrupts.o)
 .debug_abbrev  0x00001abf      0x343 D:\Documents\Arduino\IMU_Kalman\Board_Support_Library\libArduino_Duemilanove_w__ATmega328.a(WString.o)
 .debug_abbrev  0x00001e02       0x7a D:\Documents\Arduino\IMU_Kalman\Board_Support_Library\libArduino_Duemilanove_w__ATmega328.a(main.o)
 .debug_abbrev  0x00001e7c      0x16f D:\Documents\Arduino\IMU_Kalman\Board_Support_Library\libArduino_Duemilanove_w__ATmega328.a(malloc.o)
 .debug_abbrev  0x00001feb       0xf7 D:\Documents\Arduino\IMU_Kalman\Board_Support_Library\libArduino_Duemilanove_w__ATmega328.a(new.o)
 .debug_abbrev  0x000020e2      0x17d D:\Documents\Arduino\IMU_Kalman\Board_Support_Library\libArduino_Duemilanove_w__ATmega328.a(wiring.o)
 .debug_abbrev  0x0000225f      0x177 D:\Documents\Arduino\IMU_Kalman\Board_Support_Library\libArduino_Duemilanove_w__ATmega328.a(wiring_digital.o)

.debug_line     0x00000000     0x6113
 *(.debug_line)
 .debug_line    0x00000000      0x61a ./Wire/Wire.o
 .debug_line    0x0000061a      0x534 ./Wire/twi.o
 .debug_line    0x00000b4e      0x213 ./SPI/SPI.o
 .debug_line    0x00000d61      0x97b ./MPU6000/MPU6000.o
 .debug_line    0x000016dc      0x88e ./Kalman_Filters/GyroKalman.o
 .debug_line    0x00001f6a      0x7f2 ./HMC5883/HMC5883.o
 .debug_line    0x0000275c      0x163 ./GlobalVariables.o
 .debug_line    0x000028bf      0x304 ./IMU_Kalman.o
 .debug_line    0x00002bc3      0x46d ./utilities.o
 .debug_line    0x00003030      0x76f D:\Documents\Arduino\IMU_Kalman\Board_Support_Library\libArduino_Duemilanove_w__ATmega328.a(HardwareSerial.o)
 .debug_line    0x0000379f      0x760 D:\Documents\Arduino\IMU_Kalman\Board_Support_Library\libArduino_Duemilanove_w__ATmega328.a(Print.o)
 .debug_line    0x00003eff      0x238 D:\Documents\Arduino\IMU_Kalman\Board_Support_Library\libArduino_Duemilanove_w__ATmega328.a(WInterrupts.o)
 .debug_line    0x00004137     0x111a D:\Documents\Arduino\IMU_Kalman\Board_Support_Library\libArduino_Duemilanove_w__ATmega328.a(WString.o)
 .debug_line    0x00005251      0x17b D:\Documents\Arduino\IMU_Kalman\Board_Support_Library\libArduino_Duemilanove_w__ATmega328.a(main.o)
 .debug_line    0x000053cc      0x419 D:\Documents\Arduino\IMU_Kalman\Board_Support_Library\libArduino_Duemilanove_w__ATmega328.a(malloc.o)
 .debug_line    0x000057e5      0x238 D:\Documents\Arduino\IMU_Kalman\Board_Support_Library\libArduino_Duemilanove_w__ATmega328.a(new.o)
 .debug_line    0x00005a1d      0x3c1 D:\Documents\Arduino\IMU_Kalman\Board_Support_Library\libArduino_Duemilanove_w__ATmega328.a(wiring.o)
 .debug_line    0x00005dde      0x335 D:\Documents\Arduino\IMU_Kalman\Board_Support_Library\libArduino_Duemilanove_w__ATmega328.a(wiring_digital.o)

.debug_frame    0x00000000     0x1140
 *(.debug_frame)
 .debug_frame   0x00000000      0x190 ./Wire/Wire.o
 .debug_frame   0x00000190       0xc0 ./Wire/twi.o
 .debug_frame   0x00000250       0x60 ./SPI/SPI.o
 .debug_frame   0x000002b0      0x1a0 ./MPU6000/MPU6000.o
 .debug_frame   0x00000450      0x1a0 ./Kalman_Filters/GyroKalman.o
 .debug_frame   0x000005f0      0x180 ./HMC5883/HMC5883.o
 .debug_frame   0x00000770       0x30 ./IMU_Kalman.o
 .debug_frame   0x000007a0       0x40 ./utilities.o
 .debug_frame   0x000007e0      0x110 D:\Documents\Arduino\IMU_Kalman\Board_Support_Library\libArduino_Duemilanove_w__ATmega328.a(HardwareSerial.o)
 .debug_frame   0x000008f0      0x1c0 D:\Documents\Arduino\IMU_Kalman\Board_Support_Library\libArduino_Duemilanove_w__ATmega328.a(Print.o)
 .debug_frame   0x00000ab0       0x50 D:\Documents\Arduino\IMU_Kalman\Board_Support_Library\libArduino_Duemilanove_w__ATmega328.a(WInterrupts.o)
 .debug_frame   0x00000b00      0x4a0 D:\Documents\Arduino\IMU_Kalman\Board_Support_Library\libArduino_Duemilanove_w__ATmega328.a(WString.o)
 .debug_frame   0x00000fa0       0x20 D:\Documents\Arduino\IMU_Kalman\Board_Support_Library\libArduino_Duemilanove_w__ATmega328.a(main.o)
 .debug_frame   0x00000fc0       0x40 D:\Documents\Arduino\IMU_Kalman\Board_Support_Library\libArduino_Duemilanove_w__ATmega328.a(malloc.o)
 .debug_frame   0x00001000       0x90 D:\Documents\Arduino\IMU_Kalman\Board_Support_Library\libArduino_Duemilanove_w__ATmega328.a(new.o)
 .debug_frame   0x00001090       0x70 D:\Documents\Arduino\IMU_Kalman\Board_Support_Library\libArduino_Duemilanove_w__ATmega328.a(wiring.o)
 .debug_frame   0x00001100       0x40 D:\Documents\Arduino\IMU_Kalman\Board_Support_Library\libArduino_Duemilanove_w__ATmega328.a(wiring_digital.o)

.debug_str      0x00000000     0x309e
 *(.debug_str)
 .debug_str     0x00000000      0xf11 ./Wire/Wire.o
                                0xffa (size before relaxing)
 .debug_str     0x00000f11      0x1bf ./Wire/twi.o
                                0x27c (size before relaxing)
 .debug_str     0x000010d0      0x154 ./SPI/SPI.o
                                0x22a (size before relaxing)
 .debug_str     0x00001224      0x4a3 ./MPU6000/MPU6000.o
                                0x719 (size before relaxing)
 .debug_str     0x000016c7      0x6eb ./Kalman_Filters/GyroKalman.o
                                0x84d (size before relaxing)
 .debug_str     0x00001db2      0x433 ./HMC5883/HMC5883.o
                                0x5e6 (size before relaxing)
 .debug_str     0x000021e5      0x126 ./GlobalVariables.o
                                0x21b (size before relaxing)
 .debug_str     0x0000230b       0x2c ./IMU_Kalman.o
                                0xdd7 (size before relaxing)
 .debug_str     0x00002337       0x9e ./utilities.o
                                0xedd (size before relaxing)
 .debug_str     0x000023d5      0x2de D:\Documents\Arduino\IMU_Kalman\Board_Support_Library\libArduino_Duemilanove_w__ATmega328.a(HardwareSerial.o)
                                0xe3b (size before relaxing)
 .debug_str     0x000026b3      0x3b9 D:\Documents\Arduino\IMU_Kalman\Board_Support_Library\libArduino_Duemilanove_w__ATmega328.a(Print.o)
                                0xc01 (size before relaxing)
 .debug_str     0x00002a6c       0x94 D:\Documents\Arduino\IMU_Kalman\Board_Support_Library\libArduino_Duemilanove_w__ATmega328.a(WInterrupts.o)
                                0x14f (size before relaxing)
 .debug_str     0x00002b00      0x1c3 D:\Documents\Arduino\IMU_Kalman\Board_Support_Library\libArduino_Duemilanove_w__ATmega328.a(WString.o)
                                0x99d (size before relaxing)
 .debug_str     0x00002cc3       0x54 D:\Documents\Arduino\IMU_Kalman\Board_Support_Library\libArduino_Duemilanove_w__ATmega328.a(main.o)
                                 0xf7 (size before relaxing)
 .debug_str     0x00002d17       0xc6 D:\Documents\Arduino\IMU_Kalman\Board_Support_Library\libArduino_Duemilanove_w__ATmega328.a(malloc.o)
                                0x145 (size before relaxing)
 .debug_str     0x00002ddd       0xfd D:\Documents\Arduino\IMU_Kalman\Board_Support_Library\libArduino_Duemilanove_w__ATmega328.a(new.o)
                                0x13b (size before relaxing)
 .debug_str     0x00002eda       0xb3 D:\Documents\Arduino\IMU_Kalman\Board_Support_Library\libArduino_Duemilanove_w__ATmega328.a(wiring.o)
                                0x164 (size before relaxing)
 .debug_str     0x00002f8d      0x111 D:\Documents\Arduino\IMU_Kalman\Board_Support_Library\libArduino_Duemilanove_w__ATmega328.a(wiring_digital.o)
                                0x1cf (size before relaxing)

.debug_loc      0x00000000     0x5707
 *(.debug_loc)
 .debug_loc     0x00000000      0x4cd ./Wire/Wire.o
 .debug_loc     0x000004cd      0x102 ./Wire/twi.o
 .debug_loc     0x000005cf       0x41 ./SPI/SPI.o
 .debug_loc     0x00000610      0x6a9 ./MPU6000/MPU6000.o
 .debug_loc     0x00000cb9      0x931 ./Kalman_Filters/GyroKalman.o
 .debug_loc     0x000015ea      0x669 ./HMC5883/HMC5883.o
 .debug_loc     0x00001c53      0x473 D:\Documents\Arduino\IMU_Kalman\Board_Support_Library\libArduino_Duemilanove_w__ATmega328.a(HardwareSerial.o)
 .debug_loc     0x000020c6      0xdb8 D:\Documents\Arduino\IMU_Kalman\Board_Support_Library\libArduino_Duemilanove_w__ATmega328.a(Print.o)
 .debug_loc     0x00002e7e       0x29 D:\Documents\Arduino\IMU_Kalman\Board_Support_Library\libArduino_Duemilanove_w__ATmega328.a(WInterrupts.o)
 .debug_loc     0x00002ea7     0x1f05 D:\Documents\Arduino\IMU_Kalman\Board_Support_Library\libArduino_Duemilanove_w__ATmega328.a(WString.o)
 .debug_loc     0x00004dac      0x5e0 D:\Documents\Arduino\IMU_Kalman\Board_Support_Library\libArduino_Duemilanove_w__ATmega328.a(malloc.o)
 .debug_loc     0x0000538c       0xb0 D:\Documents\Arduino\IMU_Kalman\Board_Support_Library\libArduino_Duemilanove_w__ATmega328.a(new.o)
 .debug_loc     0x0000543c      0x16d D:\Documents\Arduino\IMU_Kalman\Board_Support_Library\libArduino_Duemilanove_w__ATmega328.a(wiring.o)
 .debug_loc     0x000055a9      0x15e D:\Documents\Arduino\IMU_Kalman\Board_Support_Library\libArduino_Duemilanove_w__ATmega328.a(wiring_digital.o)

.debug_macinfo
 *(.debug_macinfo)
OUTPUT(IMU_Kalman.elf elf32-avr)
LOAD linker stubs

.debug_ranges   0x00000000      0x8d8
 .debug_ranges  0x00000000       0xd0 ./Wire/Wire.o
 .debug_ranges  0x000000d0       0x38 ./SPI/SPI.o
 .debug_ranges  0x00000108       0xd8 ./MPU6000/MPU6000.o
 .debug_ranges  0x000001e0       0xd8 ./Kalman_Filters/GyroKalman.o
 .debug_ranges  0x000002b8       0xc8 ./HMC5883/HMC5883.o
 .debug_ranges  0x00000380       0x20 ./IMU_Kalman.o
 .debug_ranges  0x000003a0       0x28 ./utilities.o
 .debug_ranges  0x000003c8       0x90 D:\Documents\Arduino\IMU_Kalman\Board_Support_Library\libArduino_Duemilanove_w__ATmega328.a(HardwareSerial.o)
 .debug_ranges  0x00000458       0xe8 D:\Documents\Arduino\IMU_Kalman\Board_Support_Library\libArduino_Duemilanove_w__ATmega328.a(Print.o)
 .debug_ranges  0x00000540       0x30 D:\Documents\Arduino\IMU_Kalman\Board_Support_Library\libArduino_Duemilanove_w__ATmega328.a(WInterrupts.o)
 .debug_ranges  0x00000570      0x270 D:\Documents\Arduino\IMU_Kalman\Board_Support_Library\libArduino_Duemilanove_w__ATmega328.a(WString.o)
 .debug_ranges  0x000007e0       0x18 D:\Documents\Arduino\IMU_Kalman\Board_Support_Library\libArduino_Duemilanove_w__ATmega328.a(main.o)
 .debug_ranges  0x000007f8       0x28 D:\Documents\Arduino\IMU_Kalman\Board_Support_Library\libArduino_Duemilanove_w__ATmega328.a(malloc.o)
 .debug_ranges  0x00000820       0x50 D:\Documents\Arduino\IMU_Kalman\Board_Support_Library\libArduino_Duemilanove_w__ATmega328.a(new.o)
 .debug_ranges  0x00000870       0x40 D:\Documents\Arduino\IMU_Kalman\Board_Support_Library\libArduino_Duemilanove_w__ATmega328.a(wiring.o)
 .debug_ranges  0x000008b0       0x28 D:\Documents\Arduino\IMU_Kalman\Board_Support_Library\libArduino_Duemilanove_w__ATmega328.a(wiring_digital.o)

Cross Reference Table

Symbol                                            File
Calculate_Kalman_Estimates()                      ./utilities.o
                                                  ./IMU_Kalman.o
CheckForData()                                    ./utilities.o
                                                  ./IMU_Kalman.o
GyroKalman::Est_Ctrl_MeasAngle(long, long, long)  ./Kalman_Filters/GyroKalman.o
GyroKalman::Est_Ctrl_MeasAngleAndRate(long, long, long, long) ./Kalman_Filters/GyroKalman.o
GyroKalman::Est_Ctrl_MeasRate(long, long, long)   ./Kalman_Filters/GyroKalman.o
GyroKalman::Est_Ctrl_NoMeas(long, long)           ./Kalman_Filters/GyroKalman.o
GyroKalman::Est_NoCtrl_MeasAngle(long, long)      ./Kalman_Filters/GyroKalman.o
                                                  ./utilities.o
GyroKalman::Est_NoCtrl_MeasAngleAndRate(long, long, long) ./Kalman_Filters/GyroKalman.o
                                                  ./utilities.o
GyroKalman::Est_NoCtrl_MeasRate(long, long)       ./Kalman_Filters/GyroKalman.o
                                                  ./utilities.o
GyroKalman::Est_NoCtrl_NoMeas(long)               ./Kalman_Filters/GyroKalman.o
                                                  ./utilities.o
GyroKalman::GetAngle()                            ./Kalman_Filters/GyroKalman.o
                                                  ./utilities.o
GyroKalman::GetEstCov(unsigned char)              ./Kalman_Filters/GyroKalman.o
GyroKalman::GetRate()                             ./Kalman_Filters/GyroKalman.o
                                                  ./utilities.o
GyroKalman::GyroKalman()                          ./Kalman_Filters/GyroKalman.o
GyroKalman::GyroKalman()                          ./Kalman_Filters/GyroKalman.o
GyroKalman::Initialize(long, long, long, long, long, long, long, long) ./Kalman_Filters/GyroKalman.o
                                                  ./IMU_Kalman.o
GyroKalman::Predict(long)                         ./Kalman_Filters/GyroKalman.o
GyroKalman::Predict(long, long)                   ./Kalman_Filters/GyroKalman.o
GyroKalman::SetAngleObsNoiseVar(long)             ./Kalman_Filters/GyroKalman.o
GyroKalman::SetAngleProcNoiseVar(long)            ./Kalman_Filters/GyroKalman.o
GyroKalman::SetRateObsNoiseVar(long)              ./Kalman_Filters/GyroKalman.o
GyroKalman::SetRateProcNoiseVar(long)             ./Kalman_Filters/GyroKalman.o
GyroKalman::Update_with_Angle(long)               ./Kalman_Filters/GyroKalman.o
GyroKalman::Update_with_Angle_and_Rate(long, long) ./Kalman_Filters/GyroKalman.o
GyroKalman::Update_with_NoData()                  ./Kalman_Filters/GyroKalman.o
GyroKalman::Update_with_Rate(long)                ./Kalman_Filters/GyroKalman.o
HMC5883::Calc_Heading(long, long)                 ./HMC5883/HMC5883.o
                                                  ./utilities.o
HMC5883::GetDataCount()                           ./HMC5883/HMC5883.o
                                                  ./utilities.o
HMC5883::GetHeading()                             ./HMC5883/HMC5883.o
HMC5883::GetIdentity1()                           ./HMC5883/HMC5883.o
HMC5883::GetIdentity2()                           ./HMC5883/HMC5883.o
HMC5883::GetIdentity3()                           ./HMC5883/HMC5883.o
HMC5883::GetMagDeclination()                      ./HMC5883/HMC5883.o
HMC5883::GetMagX()                                ./HMC5883/HMC5883.o
HMC5883::GetMagY()                                ./HMC5883/HMC5883.o
HMC5883::GetMagZ()                                ./HMC5883/HMC5883.o
HMC5883::HMC5883()                                ./HMC5883/HMC5883.o
HMC5883::HMC5883()                                ./HMC5883/HMC5883.o
HMC5883::Initialize()                             ./HMC5883/HMC5883.o
HMC5883::Initialize(unsigned char, unsigned char, unsigned char, unsigned char) ./HMC5883/HMC5883.o
                                                  ./IMU_Kalman.o
HMC5883::Read_Mag_Data()                          ./HMC5883/HMC5883.o
                                                  ./utilities.o
HMC5883::Read_Mag_Data_And_Calc_Heading(long, long) ./HMC5883/HMC5883.o
HMC5883::data_int()                               ./HMC5883/HMC5883.o
HMC5883::read(unsigned char, unsigned char, unsigned char*) ./HMC5883/HMC5883.o
HMC5883::set_mag_declination(long)                ./HMC5883/HMC5883.o
                                                  ./IMU_Kalman.o
HMC5883::set_offset(long, long, long)             ./HMC5883/HMC5883.o
                                                  ./IMU_Kalman.o
HMC5883::write(unsigned char, unsigned char)      ./HMC5883/HMC5883.o
HMC5883_data_int()                                ./HMC5883/HMC5883.o
HardwareSerial::HardwareSerial(ring_buffer*, ring_buffer*, unsigned char volatile*, unsigned char volatile*, unsigned char volatile*, unsigned char volatile*, unsigned char volatile*, unsigned char volatile*, unsigned char, unsigned char, unsigned char, unsigned char, unsigned char) D:\Documents\Arduino\IMU_Kalman\Board_Support_Library\libArduino_Duemilanove_w__ATmega328.a(HardwareSerial.o)
HardwareSerial::HardwareSerial(ring_buffer*, ring_buffer*, unsigned char volatile*, unsigned char volatile*, unsigned char volatile*, unsigned char volatile*, unsigned char volatile*, unsigned char volatile*, unsigned char, unsigned char, unsigned char, unsigned char, unsigned char) D:\Documents\Arduino\IMU_Kalman\Board_Support_Library\libArduino_Duemilanove_w__ATmega328.a(HardwareSerial.o)
HardwareSerial::available()                       D:\Documents\Arduino\IMU_Kalman\Board_Support_Library\libArduino_Duemilanove_w__ATmega328.a(HardwareSerial.o)
HardwareSerial::begin(unsigned long)              D:\Documents\Arduino\IMU_Kalman\Board_Support_Library\libArduino_Duemilanove_w__ATmega328.a(HardwareSerial.o)
                                                  ./IMU_Kalman.o
HardwareSerial::begin(unsigned long, unsigned char) D:\Documents\Arduino\IMU_Kalman\Board_Support_Library\libArduino_Duemilanove_w__ATmega328.a(HardwareSerial.o)
HardwareSerial::end()                             D:\Documents\Arduino\IMU_Kalman\Board_Support_Library\libArduino_Duemilanove_w__ATmega328.a(HardwareSerial.o)
HardwareSerial::flush()                           D:\Documents\Arduino\IMU_Kalman\Board_Support_Library\libArduino_Duemilanove_w__ATmega328.a(HardwareSerial.o)
HardwareSerial::operator bool()                   D:\Documents\Arduino\IMU_Kalman\Board_Support_Library\libArduino_Duemilanove_w__ATmega328.a(HardwareSerial.o)
HardwareSerial::peek()                            D:\Documents\Arduino\IMU_Kalman\Board_Support_Library\libArduino_Duemilanove_w__ATmega328.a(HardwareSerial.o)
HardwareSerial::read()                            D:\Documents\Arduino\IMU_Kalman\Board_Support_Library\libArduino_Duemilanove_w__ATmega328.a(HardwareSerial.o)
HardwareSerial::write(unsigned char)              D:\Documents\Arduino\IMU_Kalman\Board_Support_Library\libArduino_Duemilanove_w__ATmega328.a(HardwareSerial.o)
Hmc5883                                           ./HMC5883/HMC5883.o
                                                  ./utilities.o
                                                  ./IMU_Kalman.o
MPU6000::GetAccelX()                              ./MPU6000/MPU6000.o
                                                  ./utilities.o
MPU6000::GetAccelY()                              ./MPU6000/MPU6000.o
                                                  ./utilities.o
MPU6000::GetAccelZ()                              ./MPU6000/MPU6000.o
                                                  ./utilities.o
MPU6000::GetDataCount()                           ./MPU6000/MPU6000.o
                                                  ./utilities.o
MPU6000::GetGyroX()                               ./MPU6000/MPU6000.o
                                                  ./utilities.o
MPU6000::GetGyroY()                               ./MPU6000/MPU6000.o
                                                  ./utilities.o
MPU6000::GetGyroZ()                               ./MPU6000/MPU6000.o
                                                  ./utilities.o
MPU6000::GetIdentity()                            ./MPU6000/MPU6000.o
MPU6000::GetTemp()                                ./MPU6000/MPU6000.o
MPU6000::Initialize()                             ./MPU6000/MPU6000.o
MPU6000::Initialize(unsigned int, unsigned char, unsigned char, unsigned char) ./MPU6000/MPU6000.o
                                                  ./IMU_Kalman.o
MPU6000::MPU6000()                                ./MPU6000/MPU6000.o
MPU6000::MPU6000()                                ./MPU6000/MPU6000.o
MPU6000::Read_Accel()                             ./MPU6000/MPU6000.o
MPU6000::Read_Accel_and_Gyro()                    ./MPU6000/MPU6000.o
                                                  ./utilities.o
MPU6000::Read_All_Data()                          ./MPU6000/MPU6000.o
MPU6000::Read_Gyro()                              ./MPU6000/MPU6000.o
MPU6000::Read_Temp()                              ./MPU6000/MPU6000.o
MPU6000::SPI_read(unsigned char)                  ./MPU6000/MPU6000.o
MPU6000::SPI_write(unsigned char, unsigned char)  ./MPU6000/MPU6000.o
MPU6000::Set_Accel_Offsets(long, long, long)      ./MPU6000/MPU6000.o
                                                  ./IMU_Kalman.o
MPU6000::Set_Gyro_Offsets(long, long, long)       ./MPU6000/MPU6000.o
                                                  ./IMU_Kalman.o
MPU6000::data_int()                               ./MPU6000/MPU6000.o
MPU6000_data_int()                                ./MPU6000/MPU6000.o
Mpu6000                                           ./MPU6000/MPU6000.o
                                                  ./utilities.o
                                                  ./IMU_Kalman.o
Print::print(Printable const&)                    D:\Documents\Arduino\IMU_Kalman\Board_Support_Library\libArduino_Duemilanove_w__ATmega328.a(Print.o)
Print::print(String const&)                       D:\Documents\Arduino\IMU_Kalman\Board_Support_Library\libArduino_Duemilanove_w__ATmega328.a(Print.o)
Print::print(__FlashStringHelper const*)          D:\Documents\Arduino\IMU_Kalman\Board_Support_Library\libArduino_Duemilanove_w__ATmega328.a(Print.o)
Print::print(char const*)                         D:\Documents\Arduino\IMU_Kalman\Board_Support_Library\libArduino_Duemilanove_w__ATmega328.a(Print.o)
                                                  ./utilities.o
Print::print(char)                                D:\Documents\Arduino\IMU_Kalman\Board_Support_Library\libArduino_Duemilanove_w__ATmega328.a(Print.o)
Print::print(double, int)                         D:\Documents\Arduino\IMU_Kalman\Board_Support_Library\libArduino_Duemilanove_w__ATmega328.a(Print.o)
Print::print(int, int)                            D:\Documents\Arduino\IMU_Kalman\Board_Support_Library\libArduino_Duemilanove_w__ATmega328.a(Print.o)
                                                  ./utilities.o
Print::print(long, int)                           D:\Documents\Arduino\IMU_Kalman\Board_Support_Library\libArduino_Duemilanove_w__ATmega328.a(Print.o)
Print::print(unsigned char, int)                  D:\Documents\Arduino\IMU_Kalman\Board_Support_Library\libArduino_Duemilanove_w__ATmega328.a(Print.o)
Print::print(unsigned int, int)                   D:\Documents\Arduino\IMU_Kalman\Board_Support_Library\libArduino_Duemilanove_w__ATmega328.a(Print.o)
Print::print(unsigned long, int)                  D:\Documents\Arduino\IMU_Kalman\Board_Support_Library\libArduino_Duemilanove_w__ATmega328.a(Print.o)
                                                  ./utilities.o
Print::printFloat(double, unsigned char)          D:\Documents\Arduino\IMU_Kalman\Board_Support_Library\libArduino_Duemilanove_w__ATmega328.a(Print.o)
Print::printNumber(unsigned long, unsigned char)  D:\Documents\Arduino\IMU_Kalman\Board_Support_Library\libArduino_Duemilanove_w__ATmega328.a(Print.o)
Print::println()                                  D:\Documents\Arduino\IMU_Kalman\Board_Support_Library\libArduino_Duemilanove_w__ATmega328.a(Print.o)
Print::println(Printable const&)                  D:\Documents\Arduino\IMU_Kalman\Board_Support_Library\libArduino_Duemilanove_w__ATmega328.a(Print.o)
Print::println(String const&)                     D:\Documents\Arduino\IMU_Kalman\Board_Support_Library\libArduino_Duemilanove_w__ATmega328.a(Print.o)
Print::println(__FlashStringHelper const*)        D:\Documents\Arduino\IMU_Kalman\Board_Support_Library\libArduino_Duemilanove_w__ATmega328.a(Print.o)
Print::println(char const*)                       D:\Documents\Arduino\IMU_Kalman\Board_Support_Library\libArduino_Duemilanove_w__ATmega328.a(Print.o)
                                                  ./utilities.o
                                                  ./IMU_Kalman.o
Print::println(char)                              D:\Documents\Arduino\IMU_Kalman\Board_Support_Library\libArduino_Duemilanove_w__ATmega328.a(Print.o)
Print::println(double, int)                       D:\Documents\Arduino\IMU_Kalman\Board_Support_Library\libArduino_Duemilanove_w__ATmega328.a(Print.o)
Print::println(int, int)                          D:\Documents\Arduino\IMU_Kalman\Board_Support_Library\libArduino_Duemilanove_w__ATmega328.a(Print.o)
Print::println(long, int)                         D:\Documents\Arduino\IMU_Kalman\Board_Support_Library\libArduino_Duemilanove_w__ATmega328.a(Print.o)
Print::println(unsigned char, int)                D:\Documents\Arduino\IMU_Kalman\Board_Support_Library\libArduino_Duemilanove_w__ATmega328.a(Print.o)
Print::println(unsigned int, int)                 D:\Documents\Arduino\IMU_Kalman\Board_Support_Library\libArduino_Duemilanove_w__ATmega328.a(Print.o)
Print::println(unsigned long, int)                D:\Documents\Arduino\IMU_Kalman\Board_Support_Library\libArduino_Duemilanove_w__ATmega328.a(Print.o)
Print::write(char const*)                         D:\Documents\Arduino\IMU_Kalman\Board_Support_Library\libArduino_Duemilanove_w__ATmega328.a(Print.o)
Print::write(unsigned char const*, unsigned int)  D:\Documents\Arduino\IMU_Kalman\Board_Support_Library\libArduino_Duemilanove_w__ATmega328.a(Print.o)
                                                  D:\Documents\Arduino\IMU_Kalman\Board_Support_Library\libArduino_Duemilanove_w__ATmega328.a(HardwareSerial.o)
                                                  ./Wire/Wire.o
Print_Filter_Debug_Out()                          ./utilities.o
                                                  ./IMU_Kalman.o
SPI                                               ./SPI/SPI.o
SPIClass::begin()                                 ./SPI/SPI.o
                                                  ./MPU6000/MPU6000.o
SPIClass::end()                                   ./SPI/SPI.o
SPIClass::setBitOrder(unsigned char)              ./SPI/SPI.o
SPIClass::setClockDivider(unsigned char)          ./SPI/SPI.o
                                                  ./MPU6000/MPU6000.o
SPIClass::setDataMode(unsigned char)              ./SPI/SPI.o
Serial                                            D:\Documents\Arduino\IMU_Kalman\Board_Support_Library\libArduino_Duemilanove_w__ATmega328.a(HardwareSerial.o)
                                                  ./utilities.o
                                                  ./IMU_Kalman.o
String::String(String const&)                     D:\Documents\Arduino\IMU_Kalman\Board_Support_Library\libArduino_Duemilanove_w__ATmega328.a(WString.o)
String::String(String const&)                     D:\Documents\Arduino\IMU_Kalman\Board_Support_Library\libArduino_Duemilanove_w__ATmega328.a(WString.o)
String::String(char const*)                       D:\Documents\Arduino\IMU_Kalman\Board_Support_Library\libArduino_Duemilanove_w__ATmega328.a(WString.o)
String::String(char const*)                       D:\Documents\Arduino\IMU_Kalman\Board_Support_Library\libArduino_Duemilanove_w__ATmega328.a(WString.o)
String::String(char)                              D:\Documents\Arduino\IMU_Kalman\Board_Support_Library\libArduino_Duemilanove_w__ATmega328.a(WString.o)
String::String(char)                              D:\Documents\Arduino\IMU_Kalman\Board_Support_Library\libArduino_Duemilanove_w__ATmega328.a(WString.o)
String::String(int, unsigned char)                D:\Documents\Arduino\IMU_Kalman\Board_Support_Library\libArduino_Duemilanove_w__ATmega328.a(WString.o)
String::String(int, unsigned char)                D:\Documents\Arduino\IMU_Kalman\Board_Support_Library\libArduino_Duemilanove_w__ATmega328.a(WString.o)
String::String(long, unsigned char)               D:\Documents\Arduino\IMU_Kalman\Board_Support_Library\libArduino_Duemilanove_w__ATmega328.a(WString.o)
String::String(long, unsigned char)               D:\Documents\Arduino\IMU_Kalman\Board_Support_Library\libArduino_Duemilanove_w__ATmega328.a(WString.o)
String::String(unsigned char, unsigned char)      D:\Documents\Arduino\IMU_Kalman\Board_Support_Library\libArduino_Duemilanove_w__ATmega328.a(WString.o)
String::String(unsigned char, unsigned char)      D:\Documents\Arduino\IMU_Kalman\Board_Support_Library\libArduino_Duemilanove_w__ATmega328.a(WString.o)
String::String(unsigned int, unsigned char)       D:\Documents\Arduino\IMU_Kalman\Board_Support_Library\libArduino_Duemilanove_w__ATmega328.a(WString.o)
String::String(unsigned int, unsigned char)       D:\Documents\Arduino\IMU_Kalman\Board_Support_Library\libArduino_Duemilanove_w__ATmega328.a(WString.o)
String::String(unsigned long, unsigned char)      D:\Documents\Arduino\IMU_Kalman\Board_Support_Library\libArduino_Duemilanove_w__ATmega328.a(WString.o)
String::String(unsigned long, unsigned char)      D:\Documents\Arduino\IMU_Kalman\Board_Support_Library\libArduino_Duemilanove_w__ATmega328.a(WString.o)
String::changeBuffer(unsigned int)                D:\Documents\Arduino\IMU_Kalman\Board_Support_Library\libArduino_Duemilanove_w__ATmega328.a(WString.o)
String::charAt(unsigned int) const                D:\Documents\Arduino\IMU_Kalman\Board_Support_Library\libArduino_Duemilanove_w__ATmega328.a(WString.o)
String::compareTo(String const&) const            D:\Documents\Arduino\IMU_Kalman\Board_Support_Library\libArduino_Duemilanove_w__ATmega328.a(WString.o)
String::concat(String const&)                     D:\Documents\Arduino\IMU_Kalman\Board_Support_Library\libArduino_Duemilanove_w__ATmega328.a(WString.o)
String::concat(char const*)                       D:\Documents\Arduino\IMU_Kalman\Board_Support_Library\libArduino_Duemilanove_w__ATmega328.a(WString.o)
String::concat(char const*, unsigned int)         D:\Documents\Arduino\IMU_Kalman\Board_Support_Library\libArduino_Duemilanove_w__ATmega328.a(WString.o)
String::concat(char)                              D:\Documents\Arduino\IMU_Kalman\Board_Support_Library\libArduino_Duemilanove_w__ATmega328.a(WString.o)
String::concat(int)                               D:\Documents\Arduino\IMU_Kalman\Board_Support_Library\libArduino_Duemilanove_w__ATmega328.a(WString.o)
String::concat(long)                              D:\Documents\Arduino\IMU_Kalman\Board_Support_Library\libArduino_Duemilanove_w__ATmega328.a(WString.o)
String::concat(unsigned char)                     D:\Documents\Arduino\IMU_Kalman\Board_Support_Library\libArduino_Duemilanove_w__ATmega328.a(WString.o)
String::concat(unsigned int)                      D:\Documents\Arduino\IMU_Kalman\Board_Support_Library\libArduino_Duemilanove_w__ATmega328.a(WString.o)
String::concat(unsigned long)                     D:\Documents\Arduino\IMU_Kalman\Board_Support_Library\libArduino_Duemilanove_w__ATmega328.a(WString.o)
String::copy(char const*, unsigned int)           D:\Documents\Arduino\IMU_Kalman\Board_Support_Library\libArduino_Duemilanove_w__ATmega328.a(WString.o)
String::endsWith(String const&) const             D:\Documents\Arduino\IMU_Kalman\Board_Support_Library\libArduino_Duemilanove_w__ATmega328.a(WString.o)
String::equals(String const&) const               D:\Documents\Arduino\IMU_Kalman\Board_Support_Library\libArduino_Duemilanove_w__ATmega328.a(WString.o)
String::equals(char const*) const                 D:\Documents\Arduino\IMU_Kalman\Board_Support_Library\libArduino_Duemilanove_w__ATmega328.a(WString.o)
String::equalsIgnoreCase(String const&) const     D:\Documents\Arduino\IMU_Kalman\Board_Support_Library\libArduino_Duemilanove_w__ATmega328.a(WString.o)
String::getBytes(unsigned char*, unsigned int, unsigned int) const D:\Documents\Arduino\IMU_Kalman\Board_Support_Library\libArduino_Duemilanove_w__ATmega328.a(WString.o)
String::indexOf(String const&) const              D:\Documents\Arduino\IMU_Kalman\Board_Support_Library\libArduino_Duemilanove_w__ATmega328.a(WString.o)
String::indexOf(String const&, unsigned int) const D:\Documents\Arduino\IMU_Kalman\Board_Support_Library\libArduino_Duemilanove_w__ATmega328.a(WString.o)
String::indexOf(char) const                       D:\Documents\Arduino\IMU_Kalman\Board_Support_Library\libArduino_Duemilanove_w__ATmega328.a(WString.o)
String::indexOf(char, unsigned int) const         D:\Documents\Arduino\IMU_Kalman\Board_Support_Library\libArduino_Duemilanove_w__ATmega328.a(WString.o)
String::invalidate()                              D:\Documents\Arduino\IMU_Kalman\Board_Support_Library\libArduino_Duemilanove_w__ATmega328.a(WString.o)
String::lastIndexOf(String const&) const          D:\Documents\Arduino\IMU_Kalman\Board_Support_Library\libArduino_Duemilanove_w__ATmega328.a(WString.o)
String::lastIndexOf(String const&, unsigned int) const D:\Documents\Arduino\IMU_Kalman\Board_Support_Library\libArduino_Duemilanove_w__ATmega328.a(WString.o)
String::lastIndexOf(char) const                   D:\Documents\Arduino\IMU_Kalman\Board_Support_Library\libArduino_Duemilanove_w__ATmega328.a(WString.o)
String::lastIndexOf(char, unsigned int) const     D:\Documents\Arduino\IMU_Kalman\Board_Support_Library\libArduino_Duemilanove_w__ATmega328.a(WString.o)
String::operator<(String const&) const            D:\Documents\Arduino\IMU_Kalman\Board_Support_Library\libArduino_Duemilanove_w__ATmega328.a(WString.o)
String::operator<=(String const&) const           D:\Documents\Arduino\IMU_Kalman\Board_Support_Library\libArduino_Duemilanove_w__ATmega328.a(WString.o)
String::operator=(String const&)                  D:\Documents\Arduino\IMU_Kalman\Board_Support_Library\libArduino_Duemilanove_w__ATmega328.a(WString.o)
String::operator=(char const*)                    D:\Documents\Arduino\IMU_Kalman\Board_Support_Library\libArduino_Duemilanove_w__ATmega328.a(WString.o)
String::operator>(String const&) const            D:\Documents\Arduino\IMU_Kalman\Board_Support_Library\libArduino_Duemilanove_w__ATmega328.a(WString.o)
String::operator>=(String const&) const           D:\Documents\Arduino\IMU_Kalman\Board_Support_Library\libArduino_Duemilanove_w__ATmega328.a(WString.o)
String::operator[](unsigned int)                  D:\Documents\Arduino\IMU_Kalman\Board_Support_Library\libArduino_Duemilanove_w__ATmega328.a(WString.o)
String::operator[](unsigned int) const            D:\Documents\Arduino\IMU_Kalman\Board_Support_Library\libArduino_Duemilanove_w__ATmega328.a(WString.o)
                                                  D:\Documents\Arduino\IMU_Kalman\Board_Support_Library\libArduino_Duemilanove_w__ATmega328.a(Print.o)
String::replace(String const&, String const&)     D:\Documents\Arduino\IMU_Kalman\Board_Support_Library\libArduino_Duemilanove_w__ATmega328.a(WString.o)
String::replace(char, char)                       D:\Documents\Arduino\IMU_Kalman\Board_Support_Library\libArduino_Duemilanove_w__ATmega328.a(WString.o)
String::reserve(unsigned int)                     D:\Documents\Arduino\IMU_Kalman\Board_Support_Library\libArduino_Duemilanove_w__ATmega328.a(WString.o)
String::setCharAt(unsigned int, char)             D:\Documents\Arduino\IMU_Kalman\Board_Support_Library\libArduino_Duemilanove_w__ATmega328.a(WString.o)
String::startsWith(String const&) const           D:\Documents\Arduino\IMU_Kalman\Board_Support_Library\libArduino_Duemilanove_w__ATmega328.a(WString.o)
String::startsWith(String const&, unsigned int) const D:\Documents\Arduino\IMU_Kalman\Board_Support_Library\libArduino_Duemilanove_w__ATmega328.a(WString.o)
String::substring(unsigned int) const             D:\Documents\Arduino\IMU_Kalman\Board_Support_Library\libArduino_Duemilanove_w__ATmega328.a(WString.o)
String::substring(unsigned int, unsigned int) const D:\Documents\Arduino\IMU_Kalman\Board_Support_Library\libArduino_Duemilanove_w__ATmega328.a(WString.o)
String::toInt() const                             D:\Documents\Arduino\IMU_Kalman\Board_Support_Library\libArduino_Duemilanove_w__ATmega328.a(WString.o)
String::toLowerCase()                             D:\Documents\Arduino\IMU_Kalman\Board_Support_Library\libArduino_Duemilanove_w__ATmega328.a(WString.o)
String::toUpperCase()                             D:\Documents\Arduino\IMU_Kalman\Board_Support_Library\libArduino_Duemilanove_w__ATmega328.a(WString.o)
String::trim()                                    D:\Documents\Arduino\IMU_Kalman\Board_Support_Library\libArduino_Duemilanove_w__ATmega328.a(WString.o)
String::~String()                                 D:\Documents\Arduino\IMU_Kalman\Board_Support_Library\libArduino_Duemilanove_w__ATmega328.a(WString.o)
String::~String()                                 D:\Documents\Arduino\IMU_Kalman\Board_Support_Library\libArduino_Duemilanove_w__ATmega328.a(WString.o)
TwoWire::TwoWire()                                ./Wire/Wire.o
TwoWire::TwoWire()                                ./Wire/Wire.o
TwoWire::available()                              ./Wire/Wire.o
                                                  ./HMC5883/HMC5883.o
TwoWire::begin()                                  ./Wire/Wire.o
                                                  ./HMC5883/HMC5883.o
TwoWire::begin(int)                               ./Wire/Wire.o
TwoWire::begin(unsigned char)                     ./Wire/Wire.o
TwoWire::beginTransmission(int)                   ./Wire/Wire.o
                                                  ./HMC5883/HMC5883.o
TwoWire::beginTransmission(unsigned char)         ./Wire/Wire.o
TwoWire::endTransmission()                        ./Wire/Wire.o
                                                  ./HMC5883/HMC5883.o
TwoWire::endTransmission(unsigned char)           ./Wire/Wire.o
TwoWire::flush()                                  ./Wire/Wire.o
TwoWire::onReceive(void (*)(int))                 ./Wire/Wire.o
TwoWire::onReceiveService(unsigned char*, int)    ./Wire/Wire.o
TwoWire::onRequest(void (*)())                    ./Wire/Wire.o
TwoWire::onRequestService()                       ./Wire/Wire.o
TwoWire::peek()                                   ./Wire/Wire.o
TwoWire::read()                                   ./Wire/Wire.o
                                                  ./HMC5883/HMC5883.o
TwoWire::requestFrom(int, int)                    ./Wire/Wire.o
TwoWire::requestFrom(int, int, int)               ./Wire/Wire.o
TwoWire::requestFrom(unsigned char, unsigned char) ./Wire/Wire.o
                                                  ./HMC5883/HMC5883.o
TwoWire::requestFrom(unsigned char, unsigned char, unsigned char) ./Wire/Wire.o
TwoWire::rxBuffer                                 ./Wire/Wire.o
TwoWire::rxBufferIndex                            ./Wire/Wire.o
TwoWire::rxBufferLength                           ./Wire/Wire.o
TwoWire::transmitting                             ./Wire/Wire.o
TwoWire::txAddress                                ./Wire/Wire.o
TwoWire::txBuffer                                 ./Wire/Wire.o
TwoWire::txBufferIndex                            ./Wire/Wire.o
TwoWire::txBufferLength                           ./Wire/Wire.o
TwoWire::user_onReceive                           ./Wire/Wire.o
TwoWire::user_onRequest                           ./Wire/Wire.o
TwoWire::write(unsigned char const*, unsigned int) ./Wire/Wire.o
TwoWire::write(unsigned char)                     ./Wire/Wire.o
                                                  ./HMC5883/HMC5883.o
Wire                                              ./Wire/Wire.o
                                                  ./HMC5883/HMC5883.o
XAxisGyroKalman                                   ./Kalman_Filters/GyroKalman.o
                                                  ./utilities.o
                                                  ./IMU_Kalman.o
YAxisGyroKalman                                   ./Kalman_Filters/GyroKalman.o
                                                  ./utilities.o
                                                  ./IMU_Kalman.o
ZAxisGyroKalman                                   ./Kalman_Filters/GyroKalman.o
                                                  ./utilities.o
                                                  ./IMU_Kalman.o
__addsf3                                          c:/arduino-1.0.4-windows/arduino-1.0.4/hardware/tools/avr/bin/../lib/gcc/avr/4.3.2/../../../../avr/lib/avr5\libm.a(addsf3.o)
                                                  D:\Documents\Arduino\IMU_Kalman\Board_Support_Library\libArduino_Duemilanove_w__ATmega328.a(Print.o)
__addsf3x                                         c:/arduino-1.0.4-windows/arduino-1.0.4/hardware/tools/avr/bin/../lib/gcc/avr/4.3.2/../../../../avr/lib/avr5\libm.a(addsf3x.o)
                                                  c:/arduino-1.0.4-windows/arduino-1.0.4/hardware/tools/avr/bin/../lib/gcc/avr/4.3.2/../../../../avr/lib/avr5\libm.a(addsf3.o)
__bad_interrupt                                   c:/arduino-1.0.4-windows/arduino-1.0.4/hardware/tools/avr/bin/../lib/gcc/avr/4.3.2/../../../../avr/lib/avr5/crtm328p.o
__brkval                                          D:\Documents\Arduino\IMU_Kalman\Board_Support_Library\libArduino_Duemilanove_w__ATmega328.a(malloc.o)
__brkval_maximum                                  D:\Documents\Arduino\IMU_Kalman\Board_Support_Library\libArduino_Duemilanove_w__ATmega328.a(malloc.o)
__bss_end                                         c:/arduino-1.0.4-windows/arduino-1.0.4/hardware/tools/avr/bin/../lib/gcc/avr/4.3.2/avr5\libgcc.a(_clear_bss.o)
__bss_start                                       c:/arduino-1.0.4-windows/arduino-1.0.4/hardware/tools/avr/bin/../lib/gcc/avr/4.3.2/avr5\libgcc.a(_clear_bss.o)
__cmpsf2                                          c:/arduino-1.0.4-windows/arduino-1.0.4/hardware/tools/avr/bin/../lib/gcc/avr/4.3.2/../../../../avr/lib/avr5\libm.a(cmpsf2.o)
__ctors_end                                       c:/arduino-1.0.4-windows/arduino-1.0.4/hardware/tools/avr/bin/../lib/gcc/avr/4.3.2/avr5\libgcc.a(_ctors.o)
__ctors_start                                     c:/arduino-1.0.4-windows/arduino-1.0.4/hardware/tools/avr/bin/../lib/gcc/avr/4.3.2/avr5\libgcc.a(_ctors.o)
__ctype_isfalse                                   c:/arduino-1.0.4-windows/arduino-1.0.4/hardware/tools/avr/bin/../lib/gcc/avr/4.3.2/../../../../avr/lib/avr5\libc.a(cty_isfalse.o)
                                                  c:/arduino-1.0.4-windows/arduino-1.0.4/hardware/tools/avr/bin/../lib/gcc/avr/4.3.2/../../../../avr/lib/avr5\libc.a(isspace.o)
__ctype_istrue                                    c:/arduino-1.0.4-windows/arduino-1.0.4/hardware/tools/avr/bin/../lib/gcc/avr/4.3.2/../../../../avr/lib/avr5\libc.a(cty_isfalse.o)
__cxa_guard_abort                                 D:\Documents\Arduino\IMU_Kalman\Board_Support_Library\libArduino_Duemilanove_w__ATmega328.a(new.o)
__cxa_guard_acquire                               D:\Documents\Arduino\IMU_Kalman\Board_Support_Library\libArduino_Duemilanove_w__ATmega328.a(new.o)
__cxa_guard_release                               D:\Documents\Arduino\IMU_Kalman\Board_Support_Library\libArduino_Duemilanove_w__ATmega328.a(new.o)
__cxa_pure_virtual                                D:\Documents\Arduino\IMU_Kalman\Board_Support_Library\libArduino_Duemilanove_w__ATmega328.a(new.o)
                                                  D:\Documents\Arduino\IMU_Kalman\Board_Support_Library\libArduino_Duemilanove_w__ATmega328.a(Print.o)
                                                  D:\Documents\Arduino\IMU_Kalman\Board_Support_Library\libArduino_Duemilanove_w__ATmega328.a(HardwareSerial.o)
                                                  ./Wire/Wire.o
__data_end                                        c:/arduino-1.0.4-windows/arduino-1.0.4/hardware/tools/avr/bin/../lib/gcc/avr/4.3.2/avr5\libgcc.a(_copy_data.o)
__data_load_start                                 c:/arduino-1.0.4-windows/arduino-1.0.4/hardware/tools/avr/bin/../lib/gcc/avr/4.3.2/avr5\libgcc.a(_copy_data.o)
__data_start                                      c:/arduino-1.0.4-windows/arduino-1.0.4/hardware/tools/avr/bin/../lib/gcc/avr/4.3.2/avr5\libgcc.a(_copy_data.o)
__divmodsi4                                       c:/arduino-1.0.4-windows/arduino-1.0.4/hardware/tools/avr/bin/../lib/gcc/avr/4.3.2/avr5\libgcc.a(_divmodsi4.o)
                                                  D:\Documents\Arduino\IMU_Kalman\avrfix\libavrfix.a(ldivlkD.o)
__divsf3                                          c:/arduino-1.0.4-windows/arduino-1.0.4/hardware/tools/avr/bin/../lib/gcc/avr/4.3.2/../../../../avr/lib/avr5\libm.a(divsf3.o)
                                                  D:\Documents\Arduino\IMU_Kalman\Board_Support_Library\libArduino_Duemilanove_w__ATmega328.a(Print.o)
__divsf3_pse                                      c:/arduino-1.0.4-windows/arduino-1.0.4/hardware/tools/avr/bin/../lib/gcc/avr/4.3.2/../../../../avr/lib/avr5\libm.a(divsf3x.o)
__divsf3x                                         c:/arduino-1.0.4-windows/arduino-1.0.4/hardware/tools/avr/bin/../lib/gcc/avr/4.3.2/../../../../avr/lib/avr5\libm.a(divsf3x.o)
                                                  c:/arduino-1.0.4-windows/arduino-1.0.4/hardware/tools/avr/bin/../lib/gcc/avr/4.3.2/../../../../avr/lib/avr5\libm.a(divsf3.o)
__do_clear_bss                                    c:/arduino-1.0.4-windows/arduino-1.0.4/hardware/tools/avr/bin/../lib/gcc/avr/4.3.2/avr5\libgcc.a(_clear_bss.o)
                                                  D:\Documents\Arduino\IMU_Kalman\Board_Support_Library\libArduino_Duemilanove_w__ATmega328.a(wiring_digital.o)
                                                  D:\Documents\Arduino\IMU_Kalman\Board_Support_Library\libArduino_Duemilanove_w__ATmega328.a(wiring.o)
                                                  D:\Documents\Arduino\IMU_Kalman\Board_Support_Library\libArduino_Duemilanove_w__ATmega328.a(new.o)
                                                  D:\Documents\Arduino\IMU_Kalman\Board_Support_Library\libArduino_Duemilanove_w__ATmega328.a(malloc.o)
                                                  D:\Documents\Arduino\IMU_Kalman\Board_Support_Library\libArduino_Duemilanove_w__ATmega328.a(main.o)
                                                  D:\Documents\Arduino\IMU_Kalman\Board_Support_Library\libArduino_Duemilanove_w__ATmega328.a(WString.o)
                                                  D:\Documents\Arduino\IMU_Kalman\Board_Support_Library\libArduino_Duemilanove_w__ATmega328.a(WInterrupts.o)
                                                  D:\Documents\Arduino\IMU_Kalman\Board_Support_Library\libArduino_Duemilanove_w__ATmega328.a(Print.o)
                                                  D:\Documents\Arduino\IMU_Kalman\Board_Support_Library\libArduino_Duemilanove_w__ATmega328.a(HardwareSerial.o)
                                                  D:\Documents\Arduino\IMU_Kalman\avrfix\libavrfix.a(cordicck.o)
                                                  D:\Documents\Arduino\IMU_Kalman\avrfix\libavrfix.a(latan2lk.o)
                                                  D:\Documents\Arduino\IMU_Kalman\avrfix\libavrfix.a(lsincoslk.o)
                                                  D:\Documents\Arduino\IMU_Kalman\avrfix\libavrfix.a(ldivlkD.o)
                                                  D:\Documents\Arduino\IMU_Kalman\avrfix\libavrfix.a(lmullkD.o)
                                                  ./utilities.o
                                                  ./IMU_Kalman.o
                                                  ./GlobalVariables.o
                                                  ./HMC5883/HMC5883.o
                                                  ./Kalman_Filters/GyroKalman.o
                                                  ./MPU6000/MPU6000.o
                                                  ./SPI/SPI.o
                                                  ./Wire/twi.o
                                                  ./Wire/Wire.o
__do_copy_data                                    c:/arduino-1.0.4-windows/arduino-1.0.4/hardware/tools/avr/bin/../lib/gcc/avr/4.3.2/avr5\libgcc.a(_copy_data.o)
                                                  D:\Documents\Arduino\IMU_Kalman\Board_Support_Library\libArduino_Duemilanove_w__ATmega328.a(wiring_digital.o)
                                                  D:\Documents\Arduino\IMU_Kalman\Board_Support_Library\libArduino_Duemilanove_w__ATmega328.a(wiring.o)
                                                  D:\Documents\Arduino\IMU_Kalman\Board_Support_Library\libArduino_Duemilanove_w__ATmega328.a(new.o)
                                                  D:\Documents\Arduino\IMU_Kalman\Board_Support_Library\libArduino_Duemilanove_w__ATmega328.a(malloc.o)
                                                  D:\Documents\Arduino\IMU_Kalman\Board_Support_Library\libArduino_Duemilanove_w__ATmega328.a(main.o)
                                                  D:\Documents\Arduino\IMU_Kalman\Board_Support_Library\libArduino_Duemilanove_w__ATmega328.a(WString.o)
                                                  D:\Documents\Arduino\IMU_Kalman\Board_Support_Library\libArduino_Duemilanove_w__ATmega328.a(WInterrupts.o)
                                                  D:\Documents\Arduino\IMU_Kalman\Board_Support_Library\libArduino_Duemilanove_w__ATmega328.a(Print.o)
                                                  D:\Documents\Arduino\IMU_Kalman\Board_Support_Library\libArduino_Duemilanove_w__ATmega328.a(HardwareSerial.o)
                                                  D:\Documents\Arduino\IMU_Kalman\avrfix\libavrfix.a(cordicck.o)
                                                  D:\Documents\Arduino\IMU_Kalman\avrfix\libavrfix.a(latan2lk.o)
                                                  D:\Documents\Arduino\IMU_Kalman\avrfix\libavrfix.a(lsincoslk.o)
                                                  D:\Documents\Arduino\IMU_Kalman\avrfix\libavrfix.a(ldivlkD.o)
                                                  D:\Documents\Arduino\IMU_Kalman\avrfix\libavrfix.a(lmullkD.o)
                                                  ./utilities.o
                                                  ./IMU_Kalman.o
                                                  ./GlobalVariables.o
                                                  ./HMC5883/HMC5883.o
                                                  ./Kalman_Filters/GyroKalman.o
                                                  ./MPU6000/MPU6000.o
                                                  ./SPI/SPI.o
                                                  ./Wire/twi.o
                                                  ./Wire/Wire.o
__do_global_ctors                                 c:/arduino-1.0.4-windows/arduino-1.0.4/hardware/tools/avr/bin/../lib/gcc/avr/4.3.2/avr5\libgcc.a(_ctors.o)
                                                  D:\Documents\Arduino\IMU_Kalman\Board_Support_Library\libArduino_Duemilanove_w__ATmega328.a(HardwareSerial.o)
                                                  ./HMC5883/HMC5883.o
                                                  ./Kalman_Filters/GyroKalman.o
                                                  ./MPU6000/MPU6000.o
                                                  ./Wire/Wire.o
__eqsf2                                           c:/arduino-1.0.4-windows/arduino-1.0.4/hardware/tools/avr/bin/../lib/gcc/avr/4.3.2/../../../../avr/lib/avr5\libm.a(cmpsf2.o)
__fixsfsi                                         c:/arduino-1.0.4-windows/arduino-1.0.4/hardware/tools/avr/bin/../lib/gcc/avr/4.3.2/../../../../avr/lib/avr5\libm.a(fixsfsi.o)
                                                  D:\Documents\Arduino\IMU_Kalman\Board_Support_Library\libArduino_Duemilanove_w__ATmega328.a(Print.o)
__fixunssfsi                                      c:/arduino-1.0.4-windows/arduino-1.0.4/hardware/tools/avr/bin/../lib/gcc/avr/4.3.2/../../../../avr/lib/avr5\libm.a(fixunssfsi.o)
                                                  c:/arduino-1.0.4-windows/arduino-1.0.4/hardware/tools/avr/bin/../lib/gcc/avr/4.3.2/../../../../avr/lib/avr5\libm.a(fixsfsi.o)
                                                  D:\Documents\Arduino\IMU_Kalman\Board_Support_Library\libArduino_Duemilanove_w__ATmega328.a(Print.o)
__floatsisf                                       c:/arduino-1.0.4-windows/arduino-1.0.4/hardware/tools/avr/bin/../lib/gcc/avr/4.3.2/../../../../avr/lib/avr5\libm.a(floatsisf.o)
                                                  D:\Documents\Arduino\IMU_Kalman\Board_Support_Library\libArduino_Duemilanove_w__ATmega328.a(Print.o)
__floatunsisf                                     c:/arduino-1.0.4-windows/arduino-1.0.4/hardware/tools/avr/bin/../lib/gcc/avr/4.3.2/../../../../avr/lib/avr5\libm.a(floatsisf.o)
                                                  D:\Documents\Arduino\IMU_Kalman\Board_Support_Library\libArduino_Duemilanove_w__ATmega328.a(Print.o)
__flp                                             D:\Documents\Arduino\IMU_Kalman\Board_Support_Library\libArduino_Duemilanove_w__ATmega328.a(malloc.o)
__fp_cmp                                          c:/arduino-1.0.4-windows/arduino-1.0.4/hardware/tools/avr/bin/../lib/gcc/avr/4.3.2/../../../../avr/lib/avr5\libm.a(fp_cmp.o)
                                                  c:/arduino-1.0.4-windows/arduino-1.0.4/hardware/tools/avr/bin/../lib/gcc/avr/4.3.2/../../../../avr/lib/avr5\libm.a(unordsf2.o)