Archive member included because of file (symbol)

D:\Documents\QuadCopter\Code\IMU\KalmanIMU\Release\..\..\..\libraries\Board_Support_Library\libArduino_Duemilanove_w__ATmega328.a(HardwareSerial.o)
                              ./utilities.o (Serial)
D:\Documents\QuadCopter\Code\IMU\KalmanIMU\Release\..\..\..\libraries\Board_Support_Library\libArduino_Duemilanove_w__ATmega328.a(Print.o)
                              D:\Documents\QuadCopter\Code\IMU\KalmanIMU\Release\..\..\..\libraries\Board_Support_Library\libArduino_Duemilanove_w__ATmega328.a(HardwareSerial.o) (Print::write(unsigned char const*, unsigned int))
D:\Documents\QuadCopter\Code\IMU\KalmanIMU\Release\..\..\..\libraries\Board_Support_Library\libArduino_Duemilanove_w__ATmega328.a(WString.o)
                              D:\Documents\QuadCopter\Code\IMU\KalmanIMU\Release\..\..\..\libraries\Board_Support_Library\libArduino_Duemilanove_w__ATmega328.a(Print.o) (String::operator[](unsigned int) const)
D:\Documents\QuadCopter\Code\IMU\KalmanIMU\Release\..\..\..\libraries\Board_Support_Library\libArduino_Duemilanove_w__ATmega328.a(main.o)
                              c:/arduino-1.0.4-windows/arduino-1.0.4/hardware/tools/avr/bin/../lib/gcc/avr/4.3.2/../../../../avr/lib/avr5/crtm328p.o (main)
D:\Documents\QuadCopter\Code\IMU\KalmanIMU\Release\..\..\..\libraries\Board_Support_Library\libArduino_Duemilanove_w__ATmega328.a(malloc.o)
                              D:\Documents\QuadCopter\Code\IMU\KalmanIMU\Release\..\..\..\libraries\Board_Support_Library\libArduino_Duemilanove_w__ATmega328.a(WString.o) (free)
D:\Documents\QuadCopter\Code\IMU\KalmanIMU\Release\..\..\..\libraries\Board_Support_Library\libArduino_Duemilanove_w__ATmega328.a(new.o)
                              D:\Documents\QuadCopter\Code\IMU\KalmanIMU\Release\..\..\..\libraries\Board_Support_Library\libArduino_Duemilanove_w__ATmega328.a(HardwareSerial.o) (__cxa_pure_virtual)
D:\Documents\QuadCopter\Code\IMU\KalmanIMU\Release\..\..\..\libraries\Board_Support_Library\libArduino_Duemilanove_w__ATmega328.a(wiring.o)
                              ./IMU_Kalman.o (micros)
D:\Documents\QuadCopter\Code\IMU\KalmanIMU\Release\..\..\..\libraries\avrfix\libavrfix.a(lmullkD.o)
                              ./utilities.o (lmullkD)
D:\Documents\QuadCopter\Code\IMU\KalmanIMU\Release\..\..\..\libraries\MPU6000\libMPU6000.a(MPU6000.o)
                              ./utilities.o (MPU6000::Set_Gyro_Offsets(long, long, long))
D:\Documents\QuadCopter\Code\IMU\KalmanIMU\Release\..\..\..\libraries\HMC5883\libHMC5883.a(HMC5883.o)
                              ./utilities.o (HMC5883::set_offset(long, long, long))
D:\Documents\QuadCopter\Code\IMU\KalmanIMU\Release\..\..\..\libraries\GyroKalman\libGyroKalman.a(GyroKalman.o)
                              ./utilities.o (GyroKalman::Initialize(long, long, long, long, long, long, long, long))
c:/arduino-1.0.4-windows/arduino-1.0.4/hardware/tools/avr/bin/../lib/gcc/avr/4.3.2/../../../../avr/lib/avr5\libm.a(addsf3.o)
                              D:\Documents\QuadCopter\Code\IMU\KalmanIMU\Release\..\..\..\libraries\Board_Support_Library\libArduino_Duemilanove_w__ATmega328.a(Print.o) (__subsf3)
c:/arduino-1.0.4-windows/arduino-1.0.4/hardware/tools/avr/bin/../lib/gcc/avr/4.3.2/../../../../avr/lib/avr5\libm.a(addsf3x.o)
                              c:/arduino-1.0.4-windows/arduino-1.0.4/hardware/tools/avr/bin/../lib/gcc/avr/4.3.2/../../../../avr/lib/avr5\libm.a(addsf3.o) (__addsf3x)
c:/arduino-1.0.4-windows/arduino-1.0.4/hardware/tools/avr/bin/../lib/gcc/avr/4.3.2/../../../../avr/lib/avr5\libm.a(cmpsf2.o)
                              D:\Documents\QuadCopter\Code\IMU\KalmanIMU\Release\..\..\..\libraries\Board_Support_Library\libArduino_Duemilanove_w__ATmega328.a(Print.o) (__ltsf2)
c:/arduino-1.0.4-windows/arduino-1.0.4/hardware/tools/avr/bin/../lib/gcc/avr/4.3.2/../../../../avr/lib/avr5\libm.a(divsf3.o)
                              D:\Documents\QuadCopter\Code\IMU\KalmanIMU\Release\..\..\..\libraries\Board_Support_Library\libArduino_Duemilanove_w__ATmega328.a(Print.o) (__divsf3)
c:/arduino-1.0.4-windows/arduino-1.0.4/hardware/tools/avr/bin/../lib/gcc/avr/4.3.2/../../../../avr/lib/avr5\libm.a(divsf3x.o)
                              c:/arduino-1.0.4-windows/arduino-1.0.4/hardware/tools/avr/bin/../lib/gcc/avr/4.3.2/../../../../avr/lib/avr5\libm.a(divsf3.o) (__divsf3x)
c:/arduino-1.0.4-windows/arduino-1.0.4/hardware/tools/avr/bin/../lib/gcc/avr/4.3.2/../../../../avr/lib/avr5\libm.a(fixsfsi.o)
                              D:\Documents\QuadCopter\Code\IMU\KalmanIMU\Release\..\..\..\libraries\Board_Support_Library\libArduino_Duemilanove_w__ATmega328.a(Print.o) (__fixsfsi)
c:/arduino-1.0.4-windows/arduino-1.0.4/hardware/tools/avr/bin/../lib/gcc/avr/4.3.2/../../../../avr/lib/avr5\libm.a(fixunssfsi.o)
                              D:\Documents\QuadCopter\Code\IMU\KalmanIMU\Release\..\..\..\libraries\Board_Support_Library\libArduino_Duemilanove_w__ATmega328.a(Print.o) (__fixunssfsi)
[...]
Memory Configuration

Name             Origin             Length             Attributes
text             0x00000000         0x00020000         xr
data             0x00800060         0x0000ffa0         rw !x
eeprom           0x00810000         0x00010000         rw !x
fuse             0x00820000         0x00000400         rw !x
lock             0x00830000         0x00000400         rw !x
signature        0x00840000         0x00000400         rw !x
*default*        0x00000000         0xffffffff

Linker script and memory map

Address of section .data set to 0x800100
LOAD c:/arduino-1.0.4-windows/arduino-1.0.4/hardware/tools/avr/bin/../lib/gcc/avr/4.3.2/../../../../avr/lib/avr5/crtm328p.o
LOAD ./GlobalVariables.o
LOAD ./IMU_Kalman.o
LOAD ./utilities.o
LOAD D:\Documents\QuadCopter\Code\IMU\KalmanIMU\Release\..\..\..\libraries\Board_Support_Library\libArduino_Duemilanove_w__ATmega328.a
LOAD D:\Documents\QuadCopter\Code\IMU\KalmanIMU\Release\..\..\..\libraries\avrfix\libavrfix.a
LOAD D:\Documents\QuadCopter\Code\IMU\KalmanIMU\Release\..\..\..\libraries\Wire\libWire.a
LOAD D:\Documents\QuadCopter\Code\IMU\KalmanIMU\Release\..\..\..\libraries\SPI\libSPI.a
LOAD D:\Documents\QuadCopter\Code\IMU\KalmanIMU\Release\..\..\..\libraries\MPU6000\libMPU6000.a
LOAD D:\Documents\QuadCopter\Code\IMU\KalmanIMU\Release\..\..\..\libraries\HMC5883\libHMC5883.a
LOAD D:\Documents\QuadCopter\Code\IMU\KalmanIMU\Release\..\..\..\libraries\GyroKalman\libGyroKalman.a
LOAD c:/arduino-1.0.4-windows/arduino-1.0.4/hardware/tools/avr/bin/../lib/gcc/avr/4.3.2/../../../../avr/lib/avr5\libm.a
LOAD c:/arduino-1.0.4-windows/arduino-1.0.4/hardware/tools/avr/bin/../lib/gcc/avr/4.3.2/avr5\libgcc.a
LOAD c:/arduino-1.0.4-windows/arduino-1.0.4/hardware/tools/avr/bin/../lib/gcc/avr/4.3.2/../../../../avr/lib/avr5\libc.a
LOAD c:/arduino-1.0.4-windows/arduino-1.0.4/hardware/tools/avr/bin/../lib/gcc/avr/4.3.2/avr5\libgcc.a

.hash
 *(.hash)

.dynsym
 *(.dynsym)

.dynstr
 *(.dynstr)

.gnu.version
 *(.gnu.version)

.gnu.version_d
 *(.gnu.version_d)

.gnu.version_r
 *(.gnu.version_r)

.rel.init
 *(.rel.init)

.rela.init
 *(.rela.init)

.rel.text
 *(.rel.text)
 *(.rel.text.*)
 *(.rel.gnu.linkonce.t*)

.rela.text
 *(.rela.text)
 *(.rela.text.*)
 *(.rela.gnu.linkonce.t*)

.rel.fini
 *(.rel.fini)

.rela.fini
 *(.rela.fini)

.rel.rodata
 *(.rel.rodata)
 *(.rel.rodata.*)
 *(.rel.gnu.linkonce.r*)

.rela.rodata
 *(.rela.rodata)
 *(.rela.rodata.*)
 *(.rela.gnu.linkonce.r*)

.rel.data
 *(.rel.data)
 *(.rel.data.*)
 *(.rel.gnu.linkonce.d*)

.rela.data
 *(.rela.data)
 *(.rela.data.*)
 *(.rela.gnu.linkonce.d*)

.rel.ctors
 *(.rel.ctors)

.rela.ctors
 *(.rela.ctors)

.rel.dtors
 *(.rel.dtors)

.rela.dtors
 *(.rela.dtors)

.rel.got
 *(.rel.got)

.rela.got
 *(.rela.got)

.rel.bss
 *(.rel.bss)

.rela.bss
 *(.rela.bss)

.rel.plt
 *(.rel.plt)

.rela.plt
 *(.rela.plt)

.text           0x00000000     0x3814
 *(.vectors)
 .vectors       0x00000000       0x68 c:/arduino-1.0.4-windows/arduino-1.0.4/hardware/tools/avr/bin/../lib/gcc/avr/4.3.2/../../../../avr/lib/avr5/crtm328p.o
                0x00000000                __vectors
                0x00000000                __vector_default
 *(.vectors)
 *(.progmem.gcc*)
 *(.progmem*)
                0x00000068                . = ALIGN (0x2)
                0x00000068                __trampolines_start = .
 *(.trampolines)
 .trampolines   0x00000068        0x0 linker stubs
 *(.trampolines*)
                0x00000068                __trampolines_end = .
 *(.jumptables)
 *(.jumptables*)
 *(.lowtext)
 *(.lowtext*)
                0x00000068                __ctors_start = .
 *(.ctors)
 .ctors         0x00000068        0x2 ./utilities.o
 .ctors         0x0000006a        0x2 D:\Documents\QuadCopter\Code\IMU\KalmanIMU\Release\..\..\..\libraries\Board_Support_Library\libArduino_Duemilanove_w__ATmega328.a(HardwareSerial.o)
 .ctors         0x0000006c        0x2 D:\Documents\QuadCopter\Code\IMU\KalmanIMU\Release\..\..\..\libraries\MPU6000\libMPU6000.a(MPU6000.o)
 .ctors         0x0000006e        0x2 D:\Documents\QuadCopter\Code\IMU\KalmanIMU\Release\..\..\..\libraries\HMC5883\libHMC5883.a(HMC5883.o)
 .ctors         0x00000070        0x2 D:\Documents\QuadCopter\Code\IMU\KalmanIMU\Release\..\..\..\libraries\GyroKalman\libGyroKalman.a(GyroKalman.o)
                0x00000072                __ctors_end = .
                0x00000072                __dtors_start = .
 *(.dtors)
                0x00000072                __dtors_end = .
 SORT(*)(.ctors)
 SORT(*)(.dtors)
 *(.init0)
 .init0         0x00000072        0x0 c:/arduino-1.0.4-windows/arduino-1.0.4/hardware/tools/avr/bin/../lib/gcc/avr/4.3.2/../../../../avr/lib/avr5/crtm328p.o
                0x00000072                __init
 *(.init0)
 *(.init1)
 *(.init1)
 *(.init2)
 .init2         0x00000072        0xc c:/arduino-1.0.4-windows/arduino-1.0.4/hardware/tools/avr/bin/../lib/gcc/avr/4.3.2/../../../../avr/lib/avr5/crtm328p.o
 *(.init2)
 *(.init3)
 *(.init3)
 *(.init4)
 .init4         0x0000007e       0x16 c:/arduino-1.0.4-windows/arduino-1.0.4/hardware/tools/avr/bin/../lib/gcc/avr/4.3.2/avr5\libgcc.a(_copy_data.o)
                0x0000007e                __do_copy_data
 .init4         0x00000094       0x10 c:/arduino-1.0.4-windows/arduino-1.0.4/hardware/tools/avr/bin/../lib/gcc/avr/4.3.2/avr5\libgcc.a(_clear_bss.o)
                0x00000094                __do_clear_bss
 *(.init4)
 *(.init5)
 *(.init5)
 *(.init6)
 .init6         0x000000a4       0x16 c:/arduino-1.0.4-windows/arduino-1.0.4/hardware/tools/avr/bin/../lib/gcc/avr/4.3.2/avr5\libgcc.a(_ctors.o)
                0x000000a4                __do_global_ctors
 *(.init6)
 *(.init7)
 *(.init7)
 *(.init8)
 *(.init8)
 *(.init9)
 .init9         0x000000ba        0x8 c:/arduino-1.0.4-windows/arduino-1.0.4/hardware/tools/avr/bin/../lib/gcc/avr/4.3.2/../../../../avr/lib/avr5/crtm328p.o
 *(.init9)
 *(.text)
 .text          0x000000c2        0x4 c:/arduino-1.0.4-windows/arduino-1.0.4/hardware/tools/avr/bin/../lib/gcc/avr/4.3.2/../../../../avr/lib/avr5/crtm328p.o
                0x000000c2                __vector_22
                0x000000c2                __vector_1
                0x000000c2                __vector_24
                0x000000c2                __vector_12
                0x000000c2                __bad_interrupt
                0x000000c2                __vector_6
                0x000000c2                __vector_3
                0x000000c2                __vector_23
                0x000000c2                __vector_25
                0x000000c2                __vector_11
                0x000000c2                __vector_13
                0x000000c2                __vector_17
                0x000000c2                __vector_7
                0x000000c2                __vector_5
                0x000000c2                __vector_4
                0x000000c2                __vector_9
                0x000000c2                __vector_2
                0x000000c2                __vector_21
                0x000000c2                __vector_15
                0x000000c2                __vector_8
                0x000000c2                __vector_14
                0x000000c2                __vector_10
                0x000000c2                __vector_20
 .text          0x000000c6      0x18a D:\Documents\QuadCopter\Code\IMU\KalmanIMU\Release\..\..\..\libraries\avrfix\libavrfix.a(lmullkD.o)
                0x000000c6                lmullkD
                0x00000250                . = ALIGN (0x2)
 *(.text.*)
 .text.loop     0x00000250       0x74 ./IMU_Kalman.o
                0x00000250                loop
 .text.setup    0x000002c4       0x26 ./IMU_Kalman.o
                0x000002c4                setup
 .text._GLOBAL__I_XAxisAngleNoise
                0x000002ea      0x24a ./utilities.o
 .text._ZN19CalcMeanAndVariance13CalcNextValueElPl
                0x00000534       0xf2 ./utilities.o
                0x00000534                CalcMeanAndVariance::CalcNextValue(long, long*)
 .text._Z26Calculate_Kalman_Estimatesv
                0x00000626      0x28a ./utilities.o
                0x00000626                Calculate_Kalman_Estimates()
 .text._Z12CheckForDatav
                0x000008b0      0x180 ./utilities.o
                0x000008b0                CheckForData()
 .text._Z17Initialize_Systemv
                0x00000a30      0x490 ./utilities.o
                0x00000a30                Initialize_System()
 .text._Z15PrintBinaryDatav
                0x00000ec0      0x18a ./utilities.o
                0x00000ec0                PrintBinaryData()
 .text._Z11serialEventv
                0x0000104a        0x2 D:\Documents\QuadCopter\Code\IMU\KalmanIMU\Release\..\..\..\libraries\Board_Support_Library\libArduino_Duemilanove_w__ATmega328.a(HardwareSerial.o)
                0x0000104a                serialEvent()
 .text.__vector_18
                0x0000104c       0x76 D:\Documents\QuadCopter\Code\IMU\KalmanIMU\Release\..\..\..\libraries\Board_Support_Library\libArduino_Duemilanove_w__ATmega328.a(HardwareSerial.o)
                0x0000104c                __vector_18
 .text._Z14serialEventRunv
                0x000010c2       0x26 D:\Documents\QuadCopter\Code\IMU\KalmanIMU\Release\..\..\..\libraries\Board_Support_Library\libArduino_Duemilanove_w__ATmega328.a(HardwareSerial.o)
                0x000010c2                serialEventRun()
 .text.__vector_19
                0x000010e8       0x76 D:\Documents\QuadCopter\Code\IMU\KalmanIMU\Release\..\..\..\libraries\Board_Support_Library\libArduino_Duemilanove_w__ATmega328.a(HardwareSerial.o)
                0x000010e8                __vector_19
 .text._ZN14HardwareSerial5beginEm
                0x0000115e      0x10e D:\Documents\QuadCopter\Code\IMU\KalmanIMU\Release\..\..\..\libraries\Board_Support_Library\libArduino_Duemilanove_w__ATmega328.a(HardwareSerial.o)
                0x0000115e                HardwareSerial::begin(unsigned long)
 .text._ZN14HardwareSerial9availableEv
                0x0000126c       0x22 D:\Documents\QuadCopter\Code\IMU\KalmanIMU\Release\..\..\..\libraries\Board_Support_Library\libArduino_Duemilanove_w__ATmega328.a(HardwareSerial.o)
                0x0000126c                HardwareSerial::available()
 .text._ZN14HardwareSerial4peekEv
                0x0000128e       0x40 D:\Documents\QuadCopter\Code\IMU\KalmanIMU\Release\..\..\..\libraries\Board_Support_Library\libArduino_Duemilanove_w__ATmega328.a(HardwareSerial.o)
                0x0000128e                HardwareSerial::peek()
 .text._ZN14HardwareSerial4readEv
                0x000012ce       0x52 D:\Documents\QuadCopter\Code\IMU\KalmanIMU\Release\..\..\..\libraries\Board_Support_Library\libArduino_Duemilanove_w__ATmega328.a(HardwareSerial.o)
                0x000012ce                HardwareSerial::read()
 .text._ZN14HardwareSerial5flushEv
                0x00001320       0x20 D:\Documents\QuadCopter\Code\IMU\KalmanIMU\Release\..\..\..\libraries\Board_Support_Library\libArduino_Duemilanove_w__ATmega328.a(HardwareSerial.o)
                0x00001320                HardwareSerial::flush()
 .text._ZN14HardwareSerial5writeEh
                0x00001340       0x80 D:\Documents\QuadCopter\Code\IMU\KalmanIMU\Release\..\..\..\libraries\Board_Support_Library\libArduino_Duemilanove_w__ATmega328.a(HardwareSerial.o)
                0x00001340                HardwareSerial::write(unsigned char)
 .text._GLOBAL__I_rx_buffer
                0x000013c0       0xac D:\Documents\QuadCopter\Code\IMU\KalmanIMU\Release\..\..\..\libraries\Board_Support_Library\libArduino_Duemilanove_w__ATmega328.a(HardwareSerial.o)
 .text._ZN5Print5writeEPKhj
                0x0000146c       0x54 D:\Documents\QuadCopter\Code\IMU\KalmanIMU\Release\..\..\..\libraries\Board_Support_Library\libArduino_Duemilanove_w__ATmega328.a(Print.o)
                0x0000146c                Print::write(unsigned char const*, unsigned int)
 .text._ZN5Print7printlnEv
                0x000014c0       0x40 D:\Documents\QuadCopter\Code\IMU\KalmanIMU\Release\..\..\..\libraries\Board_Support_Library\libArduino_Duemilanove_w__ATmega328.a(Print.o)
                0x000014c0                Print::println()
 .text._ZN5Print5writeEPKc
                0x00001500       0x38 D:\Documents\QuadCopter\Code\IMU\KalmanIMU\Release\..\..\..\libraries\Board_Support_Library\libArduino_Duemilanove_w__ATmega328.a(Print.o)
                0x00001500                Print::write(char const*)
 .text._ZN5Print5printEPKc
                0x00001538        0x6 D:\Documents\QuadCopter\Code\IMU\KalmanIMU\Release\..\..\..\libraries\Board_Support_Library\libArduino_Duemilanove_w__ATmega328.a(Print.o)
                0x00001538                Print::print(char const*)
 .text._ZN5Print7printlnEPKc
                0x0000153e       0x26 D:\Documents\QuadCopter\Code\IMU\KalmanIMU\Release\..\..\..\libraries\Board_Support_Library\libArduino_Duemilanove_w__ATmega328.a(Print.o)
                0x0000153e                Print::println(char const*)
 .text.main     0x00001564       0x1e D:\Documents\QuadCopter\Code\IMU\KalmanIMU\Release\..\..\..\libraries\Board_Support_Library\libArduino_Duemilanove_w__ATmega328.a(main.o)
                0x00001564                main
 .text.__vector_16
                0x00001582       0x90 D:\Documents\QuadCopter\Code\IMU\KalmanIMU\Release\..\..\..\libraries\Board_Support_Library\libArduino_Duemilanove_w__ATmega328.a(wiring.o)
                0x00001582                __vector_16
 .text.micros   0x00001612       0x4c D:\Documents\QuadCopter\Code\IMU\KalmanIMU\Release\..\..\..\libraries\Board_Support_Library\libArduino_Duemilanove_w__ATmega328.a(wiring.o)
                0x00001612                micros
 .text.delay    0x0000165e       0xb2 D:\Documents\QuadCopter\Code\IMU\KalmanIMU\Release\..\..\..\libraries\Board_Support_Library\libArduino_Duemilanove_w__ATmega328.a(wiring.o)
                0x0000165e                delay
 .text.init     0x00001710       0x76 D:\Documents\QuadCopter\Code\IMU\KalmanIMU\Release\..\..\..\libraries\Board_Support_Library\libArduino_Duemilanove_w__ATmega328.a(wiring.o)
                0x00001710                init
 .text._ZN7MPU6000C1Ev
                0x00001786       0x84 D:\Documents\QuadCopter\Code\IMU\KalmanIMU\Release\..\..\..\libraries\MPU6000\libMPU6000.a(MPU6000.o)
                0x00001786                MPU6000::MPU6000()
 .text._ZN7MPU600016Set_Gyro_OffsetsElll
                0x0000180a       0x34 D:\Documents\QuadCopter\Code\IMU\KalmanIMU\Release\..\..\..\libraries\MPU6000\libMPU6000.a(MPU6000.o)
                0x0000180a                MPU6000::Set_Gyro_Offsets(long, long, long)
 .text._ZN7MPU600017Set_Accel_OffsetsElll
                0x0000183e       0x34 D:\Documents\QuadCopter\Code\IMU\KalmanIMU\Release\..\..\..\libraries\MPU6000\libMPU6000.a(MPU6000.o)
                0x0000183e                MPU6000::Set_Accel_Offsets(long, long, long)
 .text._ZN7MPU60009GetAccelXEv
                0x00001872        0xc D:\Documents\QuadCopter\Code\IMU\KalmanIMU\Release\..\..\..\libraries\MPU6000\libMPU6000.a(MPU6000.o)
                0x00001872                MPU6000::GetAccelX()
 .text._ZN7MPU60009GetAccelYEv
                0x0000187e        0xc D:\Documents\QuadCopter\Code\IMU\KalmanIMU\Release\..\..\..\libraries\MPU6000\libMPU6000.a(MPU6000.o)
                0x0000187e                MPU6000::GetAccelY()
 .text._ZN7MPU60009GetAccelZEv
                0x0000188a        0xc D:\Documents\QuadCopter\Code\IMU\KalmanIMU\Release\..\..\..\libraries\MPU6000\libMPU6000.a(MPU6000.o)
                0x0000188a                MPU6000::GetAccelZ()
 .text._ZN7MPU60008GetGyroXEv
                0x00001896        0xc D:\Documents\QuadCopter\Code\IMU\KalmanIMU\Release\..\..\..\libraries\MPU6000\libMPU6000.a(MPU6000.o)
                0x00001896                MPU6000::GetGyroX()
 .text._ZN7MPU60008GetGyroYEv
                0x000018a2        0xc D:\Documents\QuadCopter\Code\IMU\KalmanIMU\Release\..\..\..\libraries\MPU6000\libMPU6000.a(MPU6000.o)
                0x000018a2                MPU6000::GetGyroY()
 .text._ZN7MPU60008GetGyroZEv
                0x000018ae        0xc D:\Documents\QuadCopter\Code\IMU\KalmanIMU\Release\..\..\..\libraries\MPU6000\libMPU6000.a(MPU6000.o)
                0x000018ae                MPU6000::GetGyroZ()
 .text._ZN7MPU60009GetAngleXEv
                0x000018ba        0xc D:\Documents\QuadCopter\Code\IMU\KalmanIMU\Release\..\..\..\libraries\MPU6000\libMPU6000.a(MPU6000.o)
                0x000018ba                MPU6000::GetAngleX()
 .text._ZN7MPU60009GetAngleYEv
                0x000018c6        0xc D:\Documents\QuadCopter\Code\IMU\KalmanIMU\Release\..\..\..\libraries\MPU6000\libMPU6000.a(MPU6000.o)
                0x000018c6                MPU6000::GetAngleY()
 .text._ZN7MPU600012GetDataCountEv
                0x000018d2        0x6 D:\Documents\QuadCopter\Code\IMU\KalmanIMU\Release\..\..\..\libraries\MPU6000\libMPU6000.a(MPU6000.o)
                0x000018d2                MPU6000::GetDataCount()
 .text._Z16MPU6000_data_intv
                0x000018d8        0xc D:\Documents\QuadCopter\Code\IMU\KalmanIMU\Release\..\..\..\libraries\MPU6000\libMPU6000.a(MPU6000.o)
                0x000018d8                MPU6000_data_int()
 .text._GLOBAL__I_Mpu6000
                0x000018e4        0xa D:\Documents\QuadCopter\Code\IMU\KalmanIMU\Release\..\..\..\libraries\MPU6000\libMPU6000.a(MPU6000.o)
 .text._ZN7MPU60008SPI_readEh
                0x000018ee       0x30 D:\Documents\QuadCopter\Code\IMU\KalmanIMU\Release\..\..\..\libraries\MPU6000\libMPU6000.a(MPU6000.o)
                0x000018ee                MPU6000::SPI_read(unsigned char)
 .text._ZN7MPU60009Read_GyroEv
                0x0000191e      0x192 D:\Documents\QuadCopter\Code\IMU\KalmanIMU\Release\..\..\..\libraries\MPU6000\libMPU6000.a(MPU6000.o)
                0x0000191e                MPU6000::Read_Gyro()
 .text._ZN7MPU60009SPI_writeEhh
                0x00001ab0       0x32 D:\Documents\QuadCopter\Code\IMU\KalmanIMU\Release\..\..\..\libraries\MPU6000\libMPU6000.a(MPU6000.o)
                0x00001ab0                MPU6000::SPI_write(unsigned char, unsigned char)
 .text._ZN7MPU600016Calculate_AnglesEv
                0x00001ae2      0x14e D:\Documents\QuadCopter\Code\IMU\KalmanIMU\Release\..\..\..\libraries\MPU6000\libMPU6000.a(MPU6000.o)
                0x00001ae2                MPU6000::Calculate_Angles()
 .text._ZN7MPU600010Read_AccelEv
                0x00001c30      0x2ce D:\Documents\QuadCopter\Code\IMU\KalmanIMU\Release\..\..\..\libraries\MPU6000\libMPU6000.a(MPU6000.o)
                0x00001c30                MPU6000::Read_Accel()
 .text._ZN7MPU600019Read_Accel_and_GyroEv
                0x00001efe       0x2e D:\Documents\QuadCopter\Code\IMU\KalmanIMU\Release\..\..\..\libraries\MPU6000\libMPU6000.a(MPU6000.o)
                0x00001efe                MPU6000::Read_Accel_and_Gyro()
 .text._ZN7MPU600010InitializeEjhhh
                0x00001f2c      0x26c D:\Documents\QuadCopter\Code\IMU\KalmanIMU\Release\..\..\..\libraries\MPU6000\libMPU6000.a(MPU6000.o)
                0x00001f2c                MPU6000::Initialize(unsigned int, unsigned char, unsigned char, unsigned char)
 .text._ZN7HMC588310set_offsetElll
                0x00002198       0x1c D:\Documents\QuadCopter\Code\IMU\KalmanIMU\Release\..\..\..\libraries\HMC5883\libHMC5883.a(HMC5883.o)
                0x00002198                HMC5883::set_offset(long, long, long)
 .text._ZN7HMC588319set_mag_declinationEl
                0x000021b4        0xc D:\Documents\QuadCopter\Code\IMU\KalmanIMU\Release\..\..\..\libraries\HMC5883\libHMC5883.a(HMC5883.o)
                0x000021b4                HMC5883::set_mag_declination(long)
 .text._ZN7HMC588312GetDataCountEv
                0x000021c0        0x6 D:\Documents\QuadCopter\Code\IMU\KalmanIMU\Release\..\..\..\libraries\HMC5883\libHMC5883.a(HMC5883.o)
                0x000021c0                HMC5883::GetDataCount()
 .text._Z16HMC5883_data_intv
                0x000021c6        0xc D:\Documents\QuadCopter\Code\IMU\KalmanIMU\Release\..\..\..\libraries\HMC5883\libHMC5883.a(HMC5883.o)
                0x000021c6                HMC5883_data_int()
 .text._GLOBAL__I_Hmc5883
                0x000021d2       0xaa D:\Documents\QuadCopter\Code\IMU\KalmanIMU\Release\..\..\..\libraries\HMC5883\libHMC5883.a(HMC5883.o)
 .text._ZN7HMC58835writeEhh
                0x0000227c       0x3e D:\Documents\QuadCopter\Code\IMU\KalmanIMU\Release\..\..\..\libraries\HMC5883\libHMC5883.a(HMC5883.o)
                0x0000227c                HMC5883::write(unsigned char, unsigned char)
 .text._ZN7HMC58834readEhhPh
                0x000022ba       0x74 D:\Documents\QuadCopter\Code\IMU\KalmanIMU\Release\..\..\..\libraries\HMC5883\libHMC5883.a(HMC5883.o)
                0x000022ba                HMC5883::read(unsigned char, unsigned char, unsigned char*)
 .text._ZN7HMC588313Read_Mag_DataEv
                0x0000232e      0x148 D:\Documents\QuadCopter\Code\IMU\KalmanIMU\Release\..\..\..\libraries\HMC5883\libHMC5883.a(HMC5883.o)
                0x0000232e                HMC5883::Read_Mag_Data()
 .text._ZN7HMC588312Calc_HeadingEll
                0x00002476      0x212 D:\Documents\QuadCopter\Code\IMU\KalmanIMU\Release\..\..\..\libraries\HMC5883\libHMC5883.a(HMC5883.o)
                0x00002476                HMC5883::Calc_Heading(long, long)
 .text._ZN7HMC588310InitializeEhhhh
                0x00002688      0x226 D:\Documents\QuadCopter\Code\IMU\KalmanIMU\Release\..\..\..\libraries\HMC5883\libHMC5883.a(HMC5883.o)
                0x00002688                HMC5883::Initialize(unsigned char, unsigned char, unsigned char, unsigned char)
 .text._ZN10GyroKalmanC1Ev
                0x000028ae       0x84 D:\Documents\QuadCopter\Code\IMU\KalmanIMU\Release\..\..\..\libraries\GyroKalman\libGyroKalman.a(GyroKalman.o)
                0x000028ae                GyroKalman::GyroKalman()
 .text._ZN10GyroKalman10InitializeEllllllll
                0x00002932       0xf8 D:\Documents\QuadCopter\Code\IMU\KalmanIMU\Release\..\..\..\libraries\GyroKalman\libGyroKalman.a(GyroKalman.o)
                0x00002932                GyroKalman::Initialize(long, long, long, long, long, long, long, long)
 .text._ZN10GyroKalman8GetAngleEv
                0x00002a2a        0xc D:\Documents\QuadCopter\Code\IMU\KalmanIMU\Release\..\..\..\libraries\GyroKalman\libGyroKalman.a(GyroKalman.o)
                0x00002a2a                GyroKalman::GetAngle()
 .text._ZN10GyroKalman7GetRateEv
                0x00002a36        0xc D:\Documents\QuadCopter\Code\IMU\KalmanIMU\Release\..\..\..\libraries\GyroKalman\libGyroKalman.a(GyroKalman.o)
                0x00002a36                GyroKalman::GetRate()
 .text._ZN10GyroKalman18Update_with_NoDataEv
                0x00002a42       0x9e D:\Documents\QuadCopter\Code\IMU\KalmanIMU\Release\..\..\..\libraries\GyroKalman\libGyroKalman.a(GyroKalman.o)
                0x00002a42                GyroKalman::Update_with_NoData()
 .text._GLOBAL__I_XAxisGyroKalman
                0x00002ae0       0x1a D:\Documents\QuadCopter\Code\IMU\KalmanIMU\Release\..\..\..\libraries\GyroKalman\libGyroKalman.a(GyroKalman.o)
 .text._ZN10GyroKalman7PredictEll
                0x00002afa      0x2ce D:\Documents\QuadCopter\Code\IMU\KalmanIMU\Release\..\..\..\libraries\GyroKalman\libGyroKalman.a(GyroKalman.o)
                0x00002afa                GyroKalman::Predict(long, long)
 .text._ZN10GyroKalman7PredictEl
                0x00002dc8       0x16 D:\Documents\QuadCopter\Code\IMU\KalmanIMU\Release\..\..\..\libraries\GyroKalman\libGyroKalman.a(GyroKalman.o)
                0x00002dc8                GyroKalman::Predict(long)
 .text._ZN10GyroKalman17Est_NoCtrl_NoMeasEl
                0x00002dde       0x16 D:\Documents\QuadCopter\Code\IMU\KalmanIMU\Release\..\..\..\libraries\GyroKalman\libGyroKalman.a(GyroKalman.o)
                0x00002dde                GyroKalman::Est_NoCtrl_NoMeas(long)
 .text._ZN10GyroKalman26Update_with_Angle_and_RateEll
                0x00002df4      0x4de D:\Documents\QuadCopter\Code\IMU\KalmanIMU\Release\..\..\..\libraries\GyroKalman\libGyroKalman.a(GyroKalman.o)
                0x00002df4                GyroKalman::Update_with_Angle_and_Rate(long, long)
 .text._ZN10GyroKalman27Est_NoCtrl_MeasAngleAndRateElll
                0x000032d2       0x4a D:\Documents\QuadCopter\Code\IMU\KalmanIMU\Release\..\..\..\libraries\GyroKalman\libGyroKalman.a(GyroKalman.o)
                0x000032d2                GyroKalman::Est_NoCtrl_MeasAngleAndRate(long, long, long)
 .text._ZN10GyroKalman16Update_with_RateEl
                0x0000331c      0x1ce D:\Documents\QuadCopter\Code\IMU\KalmanIMU\Release\..\..\..\libraries\GyroKalman\libGyroKalman.a(GyroKalman.o)
                0x0000331c                GyroKalman::Update_with_Rate(long)
 .text._ZN10GyroKalman19Est_NoCtrl_MeasRateEll
                0x000034ea       0x36 D:\Documents\QuadCopter\Code\IMU\KalmanIMU\Release\..\..\..\libraries\GyroKalman\libGyroKalman.a(GyroKalman.o)
                0x000034ea                GyroKalman::Est_NoCtrl_MeasRate(long, long)
 .text._ZN10GyroKalman17Update_with_AngleEl
                0x00003520      0x1ce D:\Documents\QuadCopter\Code\IMU\KalmanIMU\Release\..\..\..\libraries\GyroKalman\libGyroKalman.a(GyroKalman.o)
                0x00003520                GyroKalman::Update_with_Angle(long)
 .text._ZN10GyroKalman20Est_NoCtrl_MeasAngleEll
                0x000036ee       0x36 D:\Documents\QuadCopter\Code\IMU\KalmanIMU\Release\..\..\..\libraries\GyroKalman\libGyroKalman.a(GyroKalman.o)
                0x000036ee                GyroKalman::Est_NoCtrl_MeasAngle(long, long)
 .text.libgcc   0x00003724       0x3e c:/arduino-1.0.4-windows/arduino-1.0.4/hardware/tools/avr/bin/../lib/gcc/avr/4.3.2/avr5\libgcc.a(_mulsi3.o)
                0x00003724                __mulsi3
 .text.libgcc   0x00003762       0x28 c:/arduino-1.0.4-windows/arduino-1.0.4/hardware/tools/avr/bin/../lib/gcc/avr/4.3.2/avr5\libgcc.a(_udivmodhi4.o)
                0x00003762                __udivmodhi4
 .text.libgcc   0x0000378a       0x44 c:/arduino-1.0.4-windows/arduino-1.0.4/hardware/tools/avr/bin/../lib/gcc/avr/4.3.2/avr5\libgcc.a(_udivmodsi4.o)
                0x0000378a                __udivmodsi4
 .text.libgcc   0x000037ce       0x36 c:/arduino-1.0.4-windows/arduino-1.0.4/hardware/tools/avr/bin/../lib/gcc/avr/4.3.2/avr5\libgcc.a(_divmodsi4.o)
                0x000037ce                __divmodsi4
 .text.libgcc   0x00003804        0xc c:/arduino-1.0.4-windows/arduino-1.0.4/hardware/tools/avr/bin/../lib/gcc/avr/4.3.2/avr5\libgcc.a(_tablejump.o)
                0x00003808                __tablejump__
                0x00003804                __tablejump2__
                0x00003810                . = ALIGN (0x2)
 *(.fini9)
 .fini9         0x00003810        0x0 c:/arduino-1.0.4-windows/arduino-1.0.4/hardware/tools/avr/bin/../lib/gcc/avr/4.3.2/avr5\libgcc.a(_exit.o)
                0x00003810                exit
                0x00003810                _exit
 *(.fini9)
 *(.fini8)
 *(.fini8)
 *(.fini7)
 *(.fini7)
 *(.fini6)
 *(.fini6)
 *(.fini5)
 *(.fini5)
 *(.fini4)
 *(.fini4)
 *(.fini3)
 *(.fini3)
 *(.fini2)
 *(.fini2)
 *(.fini1)
 *(.fini1)
 *(.fini0)
 .fini0         0x00003810        0x4 c:/arduino-1.0.4-windows/arduino-1.0.4/hardware/tools/avr/bin/../lib/gcc/avr/4.3.2/avr5\libgcc.a(_exit.o)
 *(.fini0)
                0x00003814                _etext = .

.data           0x00800100       0xb8 load address 0x00003814
                0x00800100                PROVIDE (__data_start, .)
 *(.data)
 .data          0x00800100       0xa8 ./utilities.o
 *(.data*)
 *(.rodata)
 *(.rodata*)
 .rodata._ZTV14HardwareSerial
                0x008001a8       0x10 D:\Documents\QuadCopter\Code\IMU\KalmanIMU\Release\..\..\..\libraries\Board_Support_Library\libArduino_Duemilanove_w__ATmega328.a(HardwareSerial.o)
                0x008001a8                vtable for HardwareSerial
 *(.gnu.linkonce.d*)
                0x008001b8                . = ALIGN (0x2)
                0x008001b8                _edata = .
                0x008001b8                PROVIDE (__data_end, .)

.bss            0x008001b8      0x2af
                0x008001b8                PROVIDE (__bss_start, .)
 *(.bss)
 *(.bss*)
 .bss.loopstarttime_us
                0x008001b8        0x4 ./GlobalVariables.o
                0x008001b8                loopstarttime_us
 .bss.loopdeltatime_us
                0x008001bc        0x4 ./GlobalVariables.o
                0x008001bc                loopdeltatime_us
 .bss.newmagdata
                0x008001c0        0x1 ./GlobalVariables.o
                0x008001c0                newmagdata
 .bss.newmpudata
                0x008001c1        0x1 ./GlobalVariables.o
                0x008001c1                newmpudata
 .bss.rollrate_meas
                0x008001c2        0x4 ./GlobalVariables.o
                0x008001c2                rollrate_meas
 .bss.pitchrate_meas
                0x008001c6        0x4 ./GlobalVariables.o
                0x008001c6                pitchrate_meas
 .bss.yawrate_meas
                0x008001ca        0x4 ./GlobalVariables.o
                0x008001ca                yawrate_meas
 .bss.accelX_meas
                0x008001ce        0x4 ./GlobalVariables.o
                0x008001ce                accelX_meas
 .bss.accelY_meas
                0x008001d2        0x4 ./GlobalVariables.o
                0x008001d2                accelY_meas
 .bss.accelZ_meas
                0x008001d6        0x4 ./GlobalVariables.o
                0x008001d6                accelZ_meas
 .bss.roll_fromAccel
                0x008001da        0x4 ./GlobalVariables.o
                0x008001da                roll_fromAccel
 .bss.pitch_fromAccel
                0x008001de        0x4 ./GlobalVariables.o
                0x008001de                pitch_fromAccel
 .bss.heading_rad
                0x008001e2        0x4 ./GlobalVariables.o
                0x008001e2                heading_rad
 .bss.roll      0x008001e6        0x4 ./GlobalVariables.o
                0x008001e6                roll
 .bss.pitch     0x008001ea        0x4 ./GlobalVariables.o
                0x008001ea                pitch
 .bss.yaw       0x008001ee        0x4 ./GlobalVariables.o
                0x008001ee                yaw
 .bss.rollrate  0x008001f2        0x4 ./GlobalVariables.o
                0x008001f2                rollrate
 .bss.pitchrate
                0x008001f6        0x4 ./GlobalVariables.o
                0x008001f6                pitchrate
 .bss.yawrate   0x008001fa        0x4 ./GlobalVariables.o
                0x008001fa                yawrate
 .bss.XAxisAngleNoise
                0x008001fe       0x10 ./utilities.o
                0x008001fe                XAxisAngleNoise
 .bss.YAxisAngleNoise
                0x0080020e       0x10 ./utilities.o
                0x0080020e                YAxisAngleNoise
 .bss.ZAxisAngleNoise
                0x0080021e       0x10 ./utilities.o
                0x0080021e                ZAxisAngleNoise
 .bss.XAxisRateNoise
                0x0080022e       0x10 ./utilities.o
                0x0080022e                XAxisRateNoise
 .bss.YAxisRateNoise
                0x0080023e       0x10 ./utilities.o
                0x0080023e                YAxisRateNoise
 .bss.ZAxisRateNoise
                0x0080024e       0x10 ./utilities.o
                0x0080024e                ZAxisRateNoise
 .bss.XAxisAccelNoise
                0x0080025e       0x10 ./utilities.o
                0x0080025e                XAxisAccelNoise
 .bss.YAxisAccelNoise
                0x0080026e       0x10 ./utilities.o
                0x0080026e                YAxisAccelNoise
 .bss.ZAxisAccelNoise
                0x0080027e       0x10 ./utilities.o
                0x0080027e                ZAxisAccelNoise
 .bss.rx_buffer
                0x0080028e       0x44 D:\Documents\QuadCopter\Code\IMU\KalmanIMU\Release\..\..\..\libraries\Board_Support_Library\libArduino_Duemilanove_w__ATmega328.a(HardwareSerial.o)
                0x0080028e                rx_buffer
 .bss.tx_buffer
                0x008002d2       0x44 D:\Documents\QuadCopter\Code\IMU\KalmanIMU\Release\..\..\..\libraries\Board_Support_Library\libArduino_Duemilanove_w__ATmega328.a(HardwareSerial.o)
                0x008002d2                tx_buffer
 .bss.Serial    0x00800316       0x22 D:\Documents\QuadCopter\Code\IMU\KalmanIMU\Release\..\..\..\libraries\Board_Support_Library\libArduino_Duemilanove_w__ATmega328.a(HardwareSerial.o)
                0x00800316                Serial
 .bss.timer0_overflow_count
                0x00800338        0x4 D:\Documents\QuadCopter\Code\IMU\KalmanIMU\Release\..\..\..\libraries\Board_Support_Library\libArduino_Duemilanove_w__ATmega328.a(wiring.o)
                0x00800338                timer0_overflow_count
 .bss.timer0_millis
                0x0080033c        0x4 D:\Documents\QuadCopter\Code\IMU\KalmanIMU\Release\..\..\..\libraries\Board_Support_Library\libArduino_Duemilanove_w__ATmega328.a(wiring.o)
                0x0080033c                timer0_millis
 .bss.timer0_fract
                0x00800340        0x1 D:\Documents\QuadCopter\Code\IMU\KalmanIMU\Release\..\..\..\libraries\Board_Support_Library\libArduino_Duemilanove_w__ATmega328.a(wiring.o)
 .bss.Mpu6000   0x00800341       0x3e D:\Documents\QuadCopter\Code\IMU\KalmanIMU\Release\..\..\..\libraries\MPU6000\libMPU6000.a(MPU6000.o)
                0x00800341                Mpu6000
 .bss.Hmc5883   0x0080037f       0x28 D:\Documents\QuadCopter\Code\IMU\KalmanIMU\Release\..\..\..\libraries\HMC5883\libHMC5883.a(HMC5883.o)
                0x0080037f                Hmc5883
 .bss.XAxisGyroKalman
                0x008003a7       0x40 D:\Documents\QuadCopter\Code\IMU\KalmanIMU\Release\..\..\..\libraries\GyroKalman\libGyroKalman.a(GyroKalman.o)
                0x008003a7                XAxisGyroKalman
 .bss.YAxisGyroKalman
                0x008003e7       0x40 D:\Documents\QuadCopter\Code\IMU\KalmanIMU\Release\..\..\..\libraries\GyroKalman\libGyroKalman.a(GyroKalman.o)
                0x008003e7                YAxisGyroKalman
 .bss.ZAxisGyroKalman
                0x00800427       0x40 D:\Documents\QuadCopter\Code\IMU\KalmanIMU\Release\..\..\..\libraries\GyroKalman\libGyroKalman.a(GyroKalman.o)
                0x00800427                ZAxisGyroKalman
 *(COMMON)
                0x00800467                PROVIDE (__bss_end, .)
                0x00003814                __data_load_start = LOADADDR (.data)
                0x000038cc                __data_load_end = (__data_load_start + SIZEOF (.data))

.noinit         0x00800467        0x0
                0x00800467                PROVIDE (__noinit_start, .)
 *(.noinit*)
                0x00800467                PROVIDE (__noinit_end, .)
                0x00800467                _end = .
                0x00800467                PROVIDE (__heap_start, .)

.eeprom         0x00810000        0x0
 *(.eeprom*)
                0x00810000                __eeprom_end = .

.fuse
 *(.fuse)
 *(.lfuse)
 *(.hfuse)
 *(.efuse)

.lock
 *(.lock*)

.signature
 *(.signature*)

.stab
 *(.stab)

.stabstr
 *(.stabstr)

.stab.excl
 *(.stab.excl)

.stab.exclstr
 *(.stab.exclstr)

.stab.index
 *(.stab.index)

.stab.indexstr
 *(.stab.indexstr)

.comment
 *(.comment)

.debug
 *(.debug)

.line
 *(.line)

.debug_srcinfo
 *(.debug_srcinfo)

.debug_sfnames
 *(.debug_sfnames)

.debug_aranges  0x00000000      0x560
 *(.debug_aranges)
 .debug_aranges
                0x00000000       0x28 ./IMU_Kalman.o
 .debug_aranges
                0x00000028       0x60 ./utilities.o
 .debug_aranges
                0x00000088       0x98 D:\Documents\QuadCopter\Code\IMU\KalmanIMU\Release\..\..\..\libraries\Board_Support_Library\libArduino_Duemilanove_w__ATmega328.a(HardwareSerial.o)
 .debug_aranges
                0x00000120       0xf0 D:\Documents\QuadCopter\Code\IMU\KalmanIMU\Release\..\..\..\libraries\Board_Support_Library\libArduino_Duemilanove_w__ATmega328.a(Print.o)
 .debug_aranges
                0x00000210      0x260 D:\Documents\QuadCopter\Code\IMU\KalmanIMU\Release\..\..\..\libraries\Board_Support_Library\libArduino_Duemilanove_w__ATmega328.a(WString.o)
 .debug_aranges
                0x00000470       0x20 D:\Documents\QuadCopter\Code\IMU\KalmanIMU\Release\..\..\..\libraries\Board_Support_Library\libArduino_Duemilanove_w__ATmega328.a(main.o)
 .debug_aranges
                0x00000490       0x30 D:\Documents\QuadCopter\Code\IMU\KalmanIMU\Release\..\..\..\libraries\Board_Support_Library\libArduino_Duemilanove_w__ATmega328.a(malloc.o)
 .debug_aranges
                0x000004c0       0x58 D:\Documents\QuadCopter\Code\IMU\KalmanIMU\Release\..\..\..\libraries\Board_Support_Library\libArduino_Duemilanove_w__ATmega328.a(new.o)
 .debug_aranges
                0x00000518       0x48 D:\Documents\QuadCopter\Code\IMU\KalmanIMU\Release\..\..\..\libraries\Board_Support_Library\libArduino_Duemilanove_w__ATmega328.a(wiring.o)

.debug_pubnames
                0x00000000      0xede
 *(.debug_pubnames)
 .debug_pubnames
                0x00000000      0x1bf ./GlobalVariables.o
 .debug_pubnames
                0x000001bf       0x25 ./IMU_Kalman.o
 .debug_pubnames
                0x000001e4      0x1c2 ./utilities.o
 .debug_pubnames
                0x000003a6      0x1b4 D:\Documents\QuadCopter\Code\IMU\KalmanIMU\Release\..\..\..\libraries\Board_Support_Library\libArduino_Duemilanove_w__ATmega328.a(HardwareSerial.o)
 .debug_pubnames
                0x0000055a      0x200 D:\Documents\QuadCopter\Code\IMU\KalmanIMU\Release\..\..\..\libraries\Board_Support_Library\libArduino_Duemilanove_w__ATmega328.a(Print.o)
 .debug_pubnames
                0x0000075a      0x5bf D:\Documents\QuadCopter\Code\IMU\KalmanIMU\Release\..\..\..\libraries\Board_Support_Library\libArduino_Duemilanove_w__ATmega328.a(WString.o)
 .debug_pubnames
                0x00000d19       0x1b D:\Documents\QuadCopter\Code\IMU\KalmanIMU\Release\..\..\..\libraries\Board_Support_Library\libArduino_Duemilanove_w__ATmega328.a(main.o)
 .debug_pubnames
                0x00000d34       0x5e D:\Documents\QuadCopter\Code\IMU\KalmanIMU\Release\..\..\..\libraries\Board_Support_Library\libArduino_Duemilanove_w__ATmega328.a(malloc.o)
 .debug_pubnames
                0x00000d92       0xbf D:\Documents\QuadCopter\Code\IMU\KalmanIMU\Release\..\..\..\libraries\Board_Support_Library\libArduino_Duemilanove_w__ATmega328.a(new.o)
 .debug_pubnames
                0x00000e51       0x8d D:\Documents\QuadCopter\Code\IMU\KalmanIMU\Release\..\..\..\libraries\Board_Support_Library\libArduino_Duemilanove_w__ATmega328.a(wiring.o)

.debug_info     0x00000000     0x764b
 *(.debug_info)
 .debug_info    0x00000000      0x357 ./GlobalVariables.o
 .debug_info    0x00000357      0x182 ./IMU_Kalman.o
 .debug_info    0x000004d9     0x131d ./utilities.o
 .debug_info    0x000017f6     0x1904 D:\Documents\QuadCopter\Code\IMU\KalmanIMU\Release\..\..\..\libraries\Board_Support_Library\libArduino_Duemilanove_w__ATmega328.a(HardwareSerial.o)
 .debug_info    0x000030fa     0x1ad1 D:\Documents\QuadCopter\Code\IMU\KalmanIMU\Release\..\..\..\libraries\Board_Support_Library\libArduino_Duemilanove_w__ATmega328.a(Print.o)
 .debug_info    0x00004bcb     0x21c5 D:\Documents\QuadCopter\Code\IMU\KalmanIMU\Release\..\..\..\libraries\Board_Support_Library\libArduino_Duemilanove_w__ATmega328.a(WString.o)
 .debug_info    0x00006d90      0x14b D:\Documents\QuadCopter\Code\IMU\KalmanIMU\Release\..\..\..\libraries\Board_Support_Library\libArduino_Duemilanove_w__ATmega328.a(main.o)
 .debug_info    0x00006edb      0x2c2 D:\Documents\QuadCopter\Code\IMU\KalmanIMU\Release\..\..\..\libraries\Board_Support_Library\libArduino_Duemilanove_w__ATmega328.a(malloc.o)
 .debug_info    0x0000719d      0x195 D:\Documents\QuadCopter\Code\IMU\KalmanIMU\Release\..\..\..\libraries\Board_Support_Library\libArduino_Duemilanove_w__ATmega328.a(new.o)
 .debug_info    0x00007332      0x319 D:\Documents\QuadCopter\Code\IMU\KalmanIMU\Release\..\..\..\libraries\Board_Support_Library\libArduino_Duemilanove_w__ATmega328.a(wiring.o)
 *(.gnu.linkonce.wi.*)

.debug_abbrev   0x00000000     0x1337
 *(.debug_abbrev)
 .debug_abbrev  0x00000000       0x87 ./GlobalVariables.o
 .debug_abbrev  0x00000087       0x8b ./IMU_Kalman.o
 .debug_abbrev  0x00000112      0x2ff ./utilities.o
 .debug_abbrev  0x00000411      0x450 D:\Documents\QuadCopter\Code\IMU\KalmanIMU\Release\..\..\..\libraries\Board_Support_Library\libArduino_Duemilanove_w__ATmega328.a(HardwareSerial.o)
 .debug_abbrev  0x00000861      0x336 D:\Documents\QuadCopter\Code\IMU\KalmanIMU\Release\..\..\..\libraries\Board_Support_Library\libArduino_Duemilanove_w__ATmega328.a(Print.o)
 .debug_abbrev  0x00000b97      0x343 D:\Documents\QuadCopter\Code\IMU\KalmanIMU\Release\..\..\..\libraries\Board_Support_Library\libArduino_Duemilanove_w__ATmega328.a(WString.o)
 .debug_abbrev  0x00000eda       0x7a D:\Documents\QuadCopter\Code\IMU\KalmanIMU\Release\..\..\..\libraries\Board_Support_Library\libArduino_Duemilanove_w__ATmega328.a(main.o)
 .debug_abbrev  0x00000f54      0x16f D:\Documents\QuadCopter\Code\IMU\KalmanIMU\Release\..\..\..\libraries\Board_Support_Library\libArduino_Duemilanove_w__ATmega328.a(malloc.o)
 .debug_abbrev  0x000010c3       0xf7 D:\Documents\QuadCopter\Code\IMU\KalmanIMU\Release\..\..\..\libraries\Board_Support_Library\libArduino_Duemilanove_w__ATmega328.a(new.o)
 .debug_abbrev  0x000011ba      0x17d D:\Documents\QuadCopter\Code\IMU\KalmanIMU\Release\..\..\..\libraries\Board_Support_Library\libArduino_Duemilanove_w__ATmega328.a(wiring.o)

.debug_line     0x00000000     0x387e
 *(.debug_line)
 .debug_line    0x00000000      0x1fb ./GlobalVariables.o
 .debug_line    0x000001fb      0x1b5 ./IMU_Kalman.o
 .debug_line    0x000003b0      0x958 ./utilities.o
 .debug_line    0x00000d08      0x76f D:\Documents\QuadCopter\Code\IMU\KalmanIMU\Release\..\..\..\libraries\Board_Support_Library\libArduino_Duemilanove_w__ATmega328.a(HardwareSerial.o)
 .debug_line    0x00001477      0x760 D:\Documents\QuadCopter\Code\IMU\KalmanIMU\Release\..\..\..\libraries\Board_Support_Library\libArduino_Duemilanove_w__ATmega328.a(Print.o)
 .debug_line    0x00001bd7     0x111a D:\Documents\QuadCopter\Code\IMU\KalmanIMU\Release\..\..\..\libraries\Board_Support_Library\libArduino_Duemilanove_w__ATmega328.a(WString.o)
 .debug_line    0x00002cf1      0x17b D:\Documents\QuadCopter\Code\IMU\KalmanIMU\Release\..\..\..\libraries\Board_Support_Library\libArduino_Duemilanove_w__ATmega328.a(main.o)
 .debug_line    0x00002e6c      0x419 D:\Documents\QuadCopter\Code\IMU\KalmanIMU\Release\..\..\..\libraries\Board_Support_Library\libArduino_Duemilanove_w__ATmega328.a(malloc.o)
 .debug_line    0x00003285      0x238 D:\Documents\QuadCopter\Code\IMU\KalmanIMU\Release\..\..\..\libraries\Board_Support_Library\libArduino_Duemilanove_w__ATmega328.a(new.o)
 .debug_line    0x000034bd      0x3c1 D:\Documents\QuadCopter\Code\IMU\KalmanIMU\Release\..\..\..\libraries\Board_Support_Library\libArduino_Duemilanove_w__ATmega328.a(wiring.o)

.debug_frame    0x00000000      0x9a0
 *(.debug_frame)
 .debug_frame   0x00000000       0x30 ./IMU_Kalman.o
 .debug_frame   0x00000030       0xa0 ./utilities.o
 .debug_frame   0x000000d0      0x110 D:\Documents\QuadCopter\Code\IMU\KalmanIMU\Release\..\..\..\libraries\Board_Support_Library\libArduino_Duemilanove_w__ATmega328.a(HardwareSerial.o)
 .debug_frame   0x000001e0      0x1c0 D:\Documents\QuadCopter\Code\IMU\KalmanIMU\Release\..\..\..\libraries\Board_Support_Library\libArduino_Duemilanove_w__ATmega328.a(Print.o)
 .debug_frame   0x000003a0      0x4a0 D:\Documents\QuadCopter\Code\IMU\KalmanIMU\Release\..\..\..\libraries\Board_Support_Library\libArduino_Duemilanove_w__ATmega328.a(WString.o)
 .debug_frame   0x00000840       0x20 D:\Documents\QuadCopter\Code\IMU\KalmanIMU\Release\..\..\..\libraries\Board_Support_Library\libArduino_Duemilanove_w__ATmega328.a(main.o)
 .debug_frame   0x00000860       0x40 D:\Documents\QuadCopter\Code\IMU\KalmanIMU\Release\..\..\..\libraries\Board_Support_Library\libArduino_Duemilanove_w__ATmega328.a(malloc.o)
 .debug_frame   0x000008a0       0x90 D:\Documents\QuadCopter\Code\IMU\KalmanIMU\Release\..\..\..\libraries\Board_Support_Library\libArduino_Duemilanove_w__ATmega328.a(new.o)
 .debug_frame   0x00000930       0x70 D:\Documents\QuadCopter\Code\IMU\KalmanIMU\Release\..\..\..\libraries\Board_Support_Library\libArduino_Duemilanove_w__ATmega328.a(wiring.o)

.debug_str      0x00000000     0x2786
 *(.debug_str)
 .debug_str     0x00000000      0x207 ./GlobalVariables.o
                                0x245 (size before relaxing)
 .debug_str     0x00000207       0x1d ./IMU_Kalman.o
                                0x11f (size before relaxing)
 .debug_str     0x00000224     0x101f ./utilities.o
                               0x1235 (size before relaxing)
 .debug_str     0x00001243      0xcb1 D:\Documents\QuadCopter\Code\IMU\KalmanIMU\Release\..\..\..\libraries\Board_Support_Library\libArduino_Duemilanove_w__ATmega328.a(HardwareSerial.o)
                                0xe3b (size before relaxing)
 .debug_str     0x00001ef4      0x3e2 D:\Documents\QuadCopter\Code\IMU\KalmanIMU\Release\..\..\..\libraries\Board_Support_Library\libArduino_Duemilanove_w__ATmega328.a(Print.o)
                                0xc01 (size before relaxing)
 .debug_str     0x000022d6      0x1da D:\Documents\QuadCopter\Code\IMU\KalmanIMU\Release\..\..\..\libraries\Board_Support_Library\libArduino_Duemilanove_w__ATmega328.a(WString.o)
                                0x99d (size before relaxing)
 .debug_str     0x000024b0       0x54 D:\Documents\QuadCopter\Code\IMU\KalmanIMU\Release\..\..\..\libraries\Board_Support_Library\libArduino_Duemilanove_w__ATmega328.a(main.o)
                                 0xf7 (size before relaxing)
 .debug_str     0x00002504       0xd2 D:\Documents\QuadCopter\Code\IMU\KalmanIMU\Release\..\..\..\libraries\Board_Support_Library\libArduino_Duemilanove_w__ATmega328.a(malloc.o)
                                0x145 (size before relaxing)
 .debug_str     0x000025d6       0xfd D:\Documents\QuadCopter\Code\IMU\KalmanIMU\Release\..\..\..\libraries\Board_Support_Library\libArduino_Duemilanove_w__ATmega328.a(new.o)
                                0x13b (size before relaxing)
 .debug_str     0x000026d3       0xb3 D:\Documents\QuadCopter\Code\IMU\KalmanIMU\Release\..\..\..\libraries\Board_Support_Library\libArduino_Duemilanove_w__ATmega328.a(wiring.o)
                                0x164 (size before relaxing)

.debug_loc      0x00000000     0x3b5d
 *(.debug_loc)
 .debug_loc     0x00000000      0x230 ./utilities.o
 .debug_loc     0x00000230      0x473 D:\Documents\QuadCopter\Code\IMU\KalmanIMU\Release\..\..\..\libraries\Board_Support_Library\libArduino_Duemilanove_w__ATmega328.a(HardwareSerial.o)
 .debug_loc     0x000006a3      0xdb8 D:\Documents\QuadCopter\Code\IMU\KalmanIMU\Release\..\..\..\libraries\Board_Support_Library\libArduino_Duemilanove_w__ATmega328.a(Print.o)
 .debug_loc     0x0000145b     0x1f05 D:\Documents\QuadCopter\Code\IMU\KalmanIMU\Release\..\..\..\libraries\Board_Support_Library\libArduino_Duemilanove_w__ATmega328.a(WString.o)
 .debug_loc     0x00003360      0x5e0 D:\Documents\QuadCopter\Code\IMU\KalmanIMU\Release\..\..\..\libraries\Board_Support_Library\libArduino_Duemilanove_w__ATmega328.a(malloc.o)
 .debug_loc     0x00003940       0xb0 D:\Documents\QuadCopter\Code\IMU\KalmanIMU\Release\..\..\..\libraries\Board_Support_Library\libArduino_Duemilanove_w__ATmega328.a(new.o)
 .debug_loc     0x000039f0      0x16d D:\Documents\QuadCopter\Code\IMU\KalmanIMU\Release\..\..\..\libraries\Board_Support_Library\libArduino_Duemilanove_w__ATmega328.a(wiring.o)

.debug_macinfo
 *(.debug_macinfo)
OUTPUT(IMU_Kalman.elf elf32-avr)
LOAD linker stubs

.debug_ranges   0x00000000      0x530
 .debug_ranges  0x00000000       0x20 ./IMU_Kalman.o
 .debug_ranges  0x00000020       0x58 ./utilities.o
 .debug_ranges  0x00000078       0x90 D:\Documents\QuadCopter\Code\IMU\KalmanIMU\Release\..\..\..\libraries\Board_Support_Library\libArduino_Duemilanove_w__ATmega328.a(HardwareSerial.o)
 .debug_ranges  0x00000108       0xe8 D:\Documents\QuadCopter\Code\IMU\KalmanIMU\Release\..\..\..\libraries\Board_Support_Library\libArduino_Duemilanove_w__ATmega328.a(Print.o)
 .debug_ranges  0x000001f0      0x270 D:\Documents\QuadCopter\Code\IMU\KalmanIMU\Release\..\..\..\libraries\Board_Support_Library\libArduino_Duemilanove_w__ATmega328.a(WString.o)
 .debug_ranges  0x00000460       0x18 D:\Documents\QuadCopter\Code\IMU\KalmanIMU\Release\..\..\..\libraries\Board_Support_Library\libArduino_Duemilanove_w__ATmega328.a(main.o)
 .debug_ranges  0x00000478       0x28 D:\Documents\QuadCopter\Code\IMU\KalmanIMU\Release\..\..\..\libraries\Board_Support_Library\libArduino_Duemilanove_w__ATmega328.a(malloc.o)
 .debug_ranges  0x000004a0       0x50 D:\Documents\QuadCopter\Code\IMU\KalmanIMU\Release\..\..\..\libraries\Board_Support_Library\libArduino_Duemilanove_w__ATmega328.a(new.o)
 .debug_ranges  0x000004f0       0x40 D:\Documents\QuadCopter\Code\IMU\KalmanIMU\Release\..\..\..\libraries\Board_Support_Library\libArduino_Duemilanove_w__ATmega328.a(wiring.o)

Cross Reference Table

Symbol                                            File
CalcMeanAndVariance::CalcMeanAndVariance()        ./utilities.o
CalcMeanAndVariance::CalcMeanAndVariance()        ./utilities.o
CalcMeanAndVariance::CalcNextValue(long, long*)   ./utilities.o
CalcMeanAndVariance::Initialize(long, long)       ./utilities.o
Calculate_Kalman_Estimates()                      ./utilities.o
                                                  ./IMU_Kalman.o
CheckForData()                                    ./utilities.o
                                                  ./IMU_Kalman.o
GyroKalman::Est_Ctrl_MeasAngle(long, long, long)  D:\Documents\QuadCopter\Code\IMU\KalmanIMU\Release\..\..\..\libraries\GyroKalman\libGyroKalman.a(GyroKalman.o)
GyroKalman::Est_Ctrl_MeasAngleAndRate(long, long, long, long) D:\Documents\QuadCopter\Code\IMU\KalmanIMU\Release\..\..\..\libraries\GyroKalman\libGyroKalman.a(GyroKalman.o)
GyroKalman::Est_Ctrl_MeasRate(long, long, long)   D:\Documents\QuadCopter\Code\IMU\KalmanIMU\Release\..\..\..\libraries\GyroKalman\libGyroKalman.a(GyroKalman.o)
GyroKalman::Est_Ctrl_NoMeas(long, long)           D:\Documents\QuadCopter\Code\IMU\KalmanIMU\Release\..\..\..\libraries\GyroKalman\libGyroKalman.a(GyroKalman.o)
GyroKalman::Est_NoCtrl_MeasAngle(long, long)      D:\Documents\QuadCopter\Code\IMU\KalmanIMU\Release\..\..\..\libraries\GyroKalman\libGyroKalman.a(GyroKalman.o)
                                                  ./utilities.o
GyroKalman::Est_NoCtrl_MeasAngleAndRate(long, long, long) D:\Documents\QuadCopter\Code\IMU\KalmanIMU\Release\..\..\..\libraries\GyroKalman\libGyroKalman.a(GyroKalman.o)
                                                  ./utilities.o
GyroKalman::Est_NoCtrl_MeasRate(long, long)       D:\Documents\QuadCopter\Code\IMU\KalmanIMU\Release\..\..\..\libraries\GyroKalman\libGyroKalman.a(GyroKalman.o)
                                                  ./utilities.o
GyroKalman::Est_NoCtrl_NoMeas(long)               D:\Documents\QuadCopter\Code\IMU\KalmanIMU\Release\..\..\..\libraries\GyroKalman\libGyroKalman.a(GyroKalman.o)
                                                  ./utilities.o
GyroKalman::GetAngle()                            D:\Documents\QuadCopter\Code\IMU\KalmanIMU\Release\..\..\..\libraries\GyroKalman\libGyroKalman.a(GyroKalman.o)
                                                  ./utilities.o
GyroKalman::GetEstCov(unsigned char)              D:\Documents\QuadCopter\Code\IMU\KalmanIMU\Release\..\..\..\libraries\GyroKalman\libGyroKalman.a(GyroKalman.o)
GyroKalman::GetRate()                             D:\Documents\QuadCopter\Code\IMU\KalmanIMU\Release\..\..\..\libraries\GyroKalman\libGyroKalman.a(GyroKalman.o)
                                                  ./utilities.o
GyroKalman::GyroKalman()                          D:\Documents\QuadCopter\Code\IMU\KalmanIMU\Release\..\..\..\libraries\GyroKalman\libGyroKalman.a(GyroKalman.o)
GyroKalman::GyroKalman()                          D:\Documents\QuadCopter\Code\IMU\KalmanIMU\Release\..\..\..\libraries\GyroKalman\libGyroKalman.a(GyroKalman.o)
GyroKalman::Initialize(long, long, long, long, long, long, long, long) D:\Documents\QuadCopter\Code\IMU\KalmanIMU\Release\..\..\..\libraries\GyroKalman\libGyroKalman.a(GyroKalman.o)
                                                  ./utilities.o
GyroKalman::Predict(long)                         D:\Documents\QuadCopter\Code\IMU\KalmanIMU\Release\..\..\..\libraries\GyroKalman\libGyroKalman.a(GyroKalman.o)
GyroKalman::Predict(long, long)                   D:\Documents\QuadCopter\Code\IMU\KalmanIMU\Release\..\..\..\libraries\GyroKalman\libGyroKalman.a(GyroKalman.o)
GyroKalman::SetAngleObsNoiseVar(long)             D:\Documents\QuadCopter\Code\IMU\KalmanIMU\Release\..\..\..\libraries\GyroKalman\libGyroKalman.a(GyroKalman.o)
GyroKalman::SetAngleProcNoiseVar(long)            D:\Documents\QuadCopter\Code\IMU\KalmanIMU\Release\..\..\..\libraries\GyroKalman\libGyroKalman.a(GyroKalman.o)
GyroKalman::SetRateObsNoiseVar(long)              D:\Documents\QuadCopter\Code\IMU\KalmanIMU\Release\..\..\..\libraries\GyroKalman\libGyroKalman.a(GyroKalman.o)
GyroKalman::SetRateProcNoiseVar(long)             D:\Documents\QuadCopter\Code\IMU\KalmanIMU\Release\..\..\..\libraries\GyroKalman\libGyroKalman.a(GyroKalman.o)
GyroKalman::Update_with_Angle(long)               D:\Documents\QuadCopter\Code\IMU\KalmanIMU\Release\..\..\..\libraries\GyroKalman\libGyroKalman.a(GyroKalman.o)
GyroKalman::Update_with_Angle_and_Rate(long, long) D:\Documents\QuadCopter\Code\IMU\KalmanIMU\Release\..\..\..\libraries\GyroKalman\libGyroKalman.a(GyroKalman.o)
GyroKalman::Update_with_NoData()                  D:\Documents\QuadCopter\Code\IMU\KalmanIMU\Release\..\..\..\libraries\GyroKalman\libGyroKalman.a(GyroKalman.o)
GyroKalman::Update_with_Rate(long)                D:\Documents\QuadCopter\Code\IMU\KalmanIMU\Release\..\..\..\libraries\GyroKalman\libGyroKalman.a(GyroKalman.o)
HMC5883::Calc_Heading(long, long)                 D:\Documents\QuadCopter\Code\IMU\KalmanIMU\Release\..\..\..\libraries\HMC5883\libHMC5883.a(HMC5883.o)
                                                  ./utilities.o
HMC5883::GetDataCount()                           D:\Documents\QuadCopter\Code\IMU\KalmanIMU\Release\..\..\..\libraries\HMC5883\libHMC5883.a(HMC5883.o)
                                                  ./utilities.o
HMC5883::GetHeading()                             D:\Documents\QuadCopter\Code\IMU\KalmanIMU\Release\..\..\..\libraries\HMC5883\libHMC5883.a(HMC5883.o)
HMC5883::GetIdentity1()                           D:\Documents\QuadCopter\Code\IMU\KalmanIMU\Release\..\..\..\libraries\HMC5883\libHMC5883.a(HMC5883.o)
HMC5883::GetIdentity2()                           D:\Documents\QuadCopter\Code\IMU\KalmanIMU\Release\..\..\..\libraries\HMC5883\libHMC5883.a(HMC5883.o)
HMC5883::GetIdentity3()                           D:\Documents\QuadCopter\Code\IMU\KalmanIMU\Release\..\..\..\libraries\HMC5883\libHMC5883.a(HMC5883.o)
HMC5883::GetMagDeclination()                      D:\Documents\QuadCopter\Code\IMU\KalmanIMU\Release\..\..\..\libraries\HMC5883\libHMC5883.a(HMC5883.o)
HMC5883::GetMagX()                                D:\Documents\QuadCopter\Code\IMU\KalmanIMU\Release\..\..\..\libraries\HMC5883\libHMC5883.a(HMC5883.o)
HMC5883::GetMagY()                                D:\Documents\QuadCopter\Code\IMU\KalmanIMU\Release\..\..\..\libraries\HMC5883\libHMC5883.a(HMC5883.o)
HMC5883::GetMagZ()                                D:\Documents\QuadCopter\Code\IMU\KalmanIMU\Release\..\..\..\libraries\HMC5883\libHMC5883.a(HMC5883.o)
HMC5883::HMC5883()                                D:\Documents\QuadCopter\Code\IMU\KalmanIMU\Release\..\..\..\libraries\HMC5883\libHMC5883.a(HMC5883.o)
HMC5883::HMC5883()                                D:\Documents\QuadCopter\Code\IMU\KalmanIMU\Release\..\..\..\libraries\HMC5883\libHMC5883.a(HMC5883.o)
HMC5883::Initialize()                             D:\Documents\QuadCopter\Code\IMU\KalmanIMU\Release\..\..\..\libraries\HMC5883\libHMC5883.a(HMC5883.o)
HMC5883::Initialize(unsigned char, unsigned char, unsigned char, unsigned char) D:\Documents\QuadCopter\Code\IMU\KalmanIMU\Release\..\..\..\libraries\HMC5883\libHMC5883.a(HMC5883.o)
                                                  ./utilities.o
HMC5883::Read_Mag_Data()                          D:\Documents\QuadCopter\Code\IMU\KalmanIMU\Release\..\..\..\libraries\HMC5883\libHMC5883.a(HMC5883.o)
                                                  ./utilities.o
HMC5883::Read_Mag_Data_And_Calc_Heading(long, long) D:\Documents\QuadCopter\Code\IMU\KalmanIMU\Release\..\..\..\libraries\HMC5883\libHMC5883.a(HMC5883.o)
HMC5883::data_int()                               D:\Documents\QuadCopter\Code\IMU\KalmanIMU\Release\..\..\..\libraries\HMC5883\libHMC5883.a(HMC5883.o)
HMC5883::read(unsigned char, unsigned char, unsigned char*) D:\Documents\QuadCopter\Code\IMU\KalmanIMU\Release\..\..\..\libraries\HMC5883\libHMC5883.a(HMC5883.o)
HMC5883::set_mag_declination(long)                D:\Documents\QuadCopter\Code\IMU\KalmanIMU\Release\..\..\..\libraries\HMC5883\libHMC5883.a(HMC5883.o)
                                                  ./utilities.o
HMC5883::set_offset(long, long, long)             D:\Documents\QuadCopter\Code\IMU\KalmanIMU\Release\..\..\..\libraries\HMC5883\libHMC5883.a(HMC5883.o)
                                                  ./utilities.o
HMC5883::write(unsigned char, unsigned char)      D:\Documents\QuadCopter\Code\IMU\KalmanIMU\Release\..\..\..\libraries\HMC5883\libHMC5883.a(HMC5883.o)
HMC5883_data_int()                                D:\Documents\QuadCopter\Code\IMU\KalmanIMU\Release\..\..\..\libraries\HMC5883\libHMC5883.a(HMC5883.o)
HardwareSerial::HardwareSerial(ring_buffer*, ring_buffer*, unsigned char volatile*, unsigned char volatile*, unsigned char volatile*, unsigned char volatile*, unsigned char volatile*, unsigned char volatile*, unsigned char, unsigned char, unsigned char, unsigned char, unsigned char) D:\Documents\QuadCopter\Code\IMU\KalmanIMU\Release\..\..\..\libraries\Board_Support_Library\libArduino_Duemilanove_w__ATmega328.a(HardwareSerial.o)
HardwareSerial::HardwareSerial(ring_buffer*, ring_buffer*, unsigned char volatile*, unsigned char volatile*, unsigned char volatile*, unsigned char volatile*, unsigned char volatile*, unsigned char volatile*, unsigned char, unsigned char, unsigned char, unsigned char, unsigned char) D:\Documents\QuadCopter\Code\IMU\KalmanIMU\Release\..\..\..\libraries\Board_Support_Library\libArduino_Duemilanove_w__ATmega328.a(HardwareSerial.o)
HardwareSerial::available()                       D:\Documents\QuadCopter\Code\IMU\KalmanIMU\Release\..\..\..\libraries\Board_Support_Library\libArduino_Duemilanove_w__ATmega328.a(HardwareSerial.o)
HardwareSerial::begin(unsigned long)              D:\Documents\QuadCopter\Code\IMU\KalmanIMU\Release\..\..\..\libraries\Board_Support_Library\libArduino_Duemilanove_w__ATmega328.a(HardwareSerial.o)
                                                  ./utilities.o
HardwareSerial::begin(unsigned long, unsigned char) D:\Documents\QuadCopter\Code\IMU\KalmanIMU\Release\..\..\..\libraries\Board_Support_Library\libArduino_Duemilanove_w__ATmega328.a(HardwareSerial.o)
HardwareSerial::end()                             D:\Documents\QuadCopter\Code\IMU\KalmanIMU\Release\..\..\..\libraries\Board_Support_Library\libArduino_Duemilanove_w__ATmega328.a(HardwareSerial.o)
HardwareSerial::flush()                           D:\Documents\QuadCopter\Code\IMU\KalmanIMU\Release\..\..\..\libraries\Board_Support_Library\libArduino_Duemilanove_w__ATmega328.a(HardwareSerial.o)
HardwareSerial::operator bool()                   D:\Documents\QuadCopter\Code\IMU\KalmanIMU\Release\..\..\..\libraries\Board_Support_Library\libArduino_Duemilanove_w__ATmega328.a(HardwareSerial.o)
HardwareSerial::peek()                            D:\Documents\QuadCopter\Code\IMU\KalmanIMU\Release\..\..\..\libraries\Board_Support_Library\libArduino_Duemilanove_w__ATmega328.a(HardwareSerial.o)
HardwareSerial::read()                            D:\Documents\QuadCopter\Code\IMU\KalmanIMU\Release\..\..\..\libraries\Board_Support_Library\libArduino_Duemilanove_w__ATmega328.a(HardwareSerial.o)
HardwareSerial::write(unsigned char)              D:\Documents\QuadCopter\Code\IMU\KalmanIMU\Release\..\..\..\libraries\Board_Support_Library\libArduino_Duemilanove_w__ATmega328.a(HardwareSerial.o)
                                                  ./utilities.o
Hmc5883                                           D:\Documents\QuadCopter\Code\IMU\KalmanIMU\Release\..\..\..\libraries\HMC5883\libHMC5883.a(HMC5883.o)
                                                  ./utilities.o
Initialize_System()                               ./utilities.o
                                                  ./IMU_Kalman.o
MPU6000::Calculate_Angles()                       D:\Documents\QuadCopter\Code\IMU\KalmanIMU\Release\..\..\..\libraries\MPU6000\libMPU6000.a(MPU6000.o)
MPU6000::GetAccelX()                              D:\Documents\QuadCopter\Code\IMU\KalmanIMU\Release\..\..\..\libraries\MPU6000\libMPU6000.a(MPU6000.o)
                                                  ./utilities.o
MPU6000::GetAccelY()                              D:\Documents\QuadCopter\Code\IMU\KalmanIMU\Release\..\..\..\libraries\MPU6000\libMPU6000.a(MPU6000.o)
                                                  ./utilities.o
MPU6000::GetAccelZ()                              D:\Documents\QuadCopter\Code\IMU\KalmanIMU\Release\..\..\..\libraries\MPU6000\libMPU6000.a(MPU6000.o)
                                                  ./utilities.o
MPU6000::GetAngleX()                              D:\Documents\QuadCopter\Code\IMU\KalmanIMU\Release\..\..\..\libraries\MPU6000\libMPU6000.a(MPU6000.o)
                                                  ./utilities.o
MPU6000::GetAngleY()                              D:\Documents\QuadCopter\Code\IMU\KalmanIMU\Release\..\..\..\libraries\MPU6000\libMPU6000.a(MPU6000.o)
                                                  ./utilities.o
MPU6000::GetDataCount()                           D:\Documents\QuadCopter\Code\IMU\KalmanIMU\Release\..\..\..\libraries\MPU6000\libMPU6000.a(MPU6000.o)
                                                  ./utilities.o
MPU6000::GetGyroX()                               D:\Documents\QuadCopter\Code\IMU\KalmanIMU\Release\..\..\..\libraries\MPU6000\libMPU6000.a(MPU6000.o)
                                                  ./utilities.o
MPU6000::GetGyroY()                               D:\Documents\QuadCopter\Code\IMU\KalmanIMU\Release\..\..\..\libraries\MPU6000\libMPU6000.a(MPU6000.o)
                                                  ./utilities.o
MPU6000::GetGyroZ()                               D:\Documents\QuadCopter\Code\IMU\KalmanIMU\Release\..\..\..\libraries\MPU6000\libMPU6000.a(MPU6000.o)
                                                  ./utilities.o
MPU6000::GetIdentity()                            D:\Documents\QuadCopter\Code\IMU\KalmanIMU\Release\..\..\..\libraries\MPU6000\libMPU6000.a(MPU6000.o)
MPU6000::GetTemp()                                D:\Documents\QuadCopter\Code\IMU\KalmanIMU\Release\..\..\..\libraries\MPU6000\libMPU6000.a(MPU6000.o)
MPU6000::Initialize()                             D:\Documents\QuadCopter\Code\IMU\KalmanIMU\Release\..\..\..\libraries\MPU6000\libMPU6000.a(MPU6000.o)
MPU6000::Initialize(unsigned int, unsigned char, unsigned char, unsigned char) D:\Documents\QuadCopter\Code\IMU\KalmanIMU\Release\..\..\..\libraries\MPU6000\libMPU6000.a(MPU6000.o)
                                                  ./utilities.o
MPU6000::MPU6000()                                D:\Documents\QuadCopter\Code\IMU\KalmanIMU\Release\..\..\..\libraries\MPU6000\libMPU6000.a(MPU6000.o)
MPU6000::MPU6000()                                D:\Documents\QuadCopter\Code\IMU\KalmanIMU\Release\..\..\..\libraries\MPU6000\libMPU6000.a(MPU6000.o)
MPU6000::Read_Accel()                             D:\Documents\QuadCopter\Code\IMU\KalmanIMU\Release\..\..\..\libraries\MPU6000\libMPU6000.a(MPU6000.o)
MPU6000::Read_Accel_and_Gyro()                    D:\Documents\QuadCopter\Code\IMU\KalmanIMU\Release\..\..\..\libraries\MPU6000\libMPU6000.a(MPU6000.o)
                                                  ./utilities.o
MPU6000::Read_All_Data()                          D:\Documents\QuadCopter\Code\IMU\KalmanIMU\Release\..\..\..\libraries\MPU6000\libMPU6000.a(MPU6000.o)
MPU6000::Read_Gyro()                              D:\Documents\QuadCopter\Code\IMU\KalmanIMU\Release\..\..\..\libraries\MPU6000\libMPU6000.a(MPU6000.o)
MPU6000::Read_Temp()                              D:\Documents\QuadCopter\Code\IMU\KalmanIMU\Release\..\..\..\libraries\MPU6000\libMPU6000.a(MPU6000.o)
MPU6000::SPI_read(unsigned char)                  D:\Documents\QuadCopter\Code\IMU\KalmanIMU\Release\..\..\..\libraries\MPU6000\libMPU6000.a(MPU6000.o)
MPU6000::SPI_write(unsigned char, unsigned char)  D:\Documents\QuadCopter\Code\IMU\KalmanIMU\Release\..\..\..\libraries\MPU6000\libMPU6000.a(MPU6000.o)
MPU6000::Set_Accel_Offsets(long, long, long)      D:\Documents\QuadCopter\Code\IMU\KalmanIMU\Release\..\..\..\libraries\MPU6000\libMPU6000.a(MPU6000.o)
                                                  ./utilities.o
MPU6000::Set_Gyro_Offsets(long, long, long)       D:\Documents\QuadCopter\Code\IMU\KalmanIMU\Release\..\..\..\libraries\MPU6000\libMPU6000.a(MPU6000.o)
                                                  ./utilities.o
MPU6000::data_int()                               D:\Documents\QuadCopter\Code\IMU\KalmanIMU\Release\..\..\..\libraries\MPU6000\libMPU6000.a(MPU6000.o)
MPU6000_data_int()                                D:\Documents\QuadCopter\Code\IMU\KalmanIMU\Release\..\..\..\libraries\MPU6000\libMPU6000.a(MPU6000.o)
Mpu6000                                           D:\Documents\QuadCopter\Code\IMU\KalmanIMU\Release\..\..\..\libraries\MPU6000\libMPU6000.a(MPU6000.o)
                                                  ./utilities.o
Print::print(Printable const&)                    D:\Documents\QuadCopter\Code\IMU\KalmanIMU\Release\..\..\..\libraries\Board_Support_Library\libArduino_Duemilanove_w__ATmega328.a(Print.o)
Print::print(String const&)                       D:\Documents\QuadCopter\Code\IMU\KalmanIMU\Release\..\..\..\libraries\Board_Support_Library\libArduino_Duemilanove_w__ATmega328.a(Print.o)
Print::print(__FlashStringHelper const*)          D:\Documents\QuadCopter\Code\IMU\KalmanIMU\Release\..\..\..\libraries\Board_Support_Library\libArduino_Duemilanove_w__ATmega328.a(Print.o)
Print::print(char const*)                         D:\Documents\QuadCopter\Code\IMU\KalmanIMU\Release\..\..\..\libraries\Board_Support_Library\libArduino_Duemilanove_w__ATmega328.a(Print.o)
                                                  ./utilities.o
Print::print(char)                                D:\Documents\QuadCopter\Code\IMU\KalmanIMU\Release\..\..\..\libraries\Board_Support_Library\libArduino_Duemilanove_w__ATmega328.a(Print.o)
Print::print(double, int)                         D:\Documents\QuadCopter\Code\IMU\KalmanIMU\Release\..\..\..\libraries\Board_Support_Library\libArduino_Duemilanove_w__ATmega328.a(Print.o)
Print::print(int, int)                            D:\Documents\QuadCopter\Code\IMU\KalmanIMU\Release\..\..\..\libraries\Board_Support_Library\libArduino_Duemilanove_w__ATmega328.a(Print.o)
Print::print(long, int)                           D:\Documents\QuadCopter\Code\IMU\KalmanIMU\Release\..\..\..\libraries\Board_Support_Library\libArduino_Duemilanove_w__ATmega328.a(Print.o)
Print::print(unsigned char, int)                  D:\Documents\QuadCopter\Code\IMU\KalmanIMU\Release\..\..\..\libraries\Board_Support_Library\libArduino_Duemilanove_w__ATmega328.a(Print.o)
Print::print(unsigned int, int)                   D:\Documents\QuadCopter\Code\IMU\KalmanIMU\Release\..\..\..\libraries\Board_Support_Library\libArduino_Duemilanove_w__ATmega328.a(Print.o)
Print::print(unsigned long, int)                  D:\Documents\QuadCopter\Code\IMU\KalmanIMU\Release\..\..\..\libraries\Board_Support_Library\libArduino_Duemilanove_w__ATmega328.a(Print.o)
Print::printFloat(double, unsigned char)          D:\Documents\QuadCopter\Code\IMU\KalmanIMU\Release\..\..\..\libraries\Board_Support_Library\libArduino_Duemilanove_w__ATmega328.a(Print.o)
Print::printNumber(unsigned long, unsigned char)  D:\Documents\QuadCopter\Code\IMU\KalmanIMU\Release\..\..\..\libraries\Board_Support_Library\libArduino_Duemilanove_w__ATmega328.a(Print.o)
Print::println()                                  D:\Documents\QuadCopter\Code\IMU\KalmanIMU\Release\..\..\..\libraries\Board_Support_Library\libArduino_Duemilanove_w__ATmega328.a(Print.o)
Print::println(Printable const&)                  D:\Documents\QuadCopter\Code\IMU\KalmanIMU\Release\..\..\..\libraries\Board_Support_Library\libArduino_Duemilanove_w__ATmega328.a(Print.o)
Print::println(String const&)                     D:\Documents\QuadCopter\Code\IMU\KalmanIMU\Release\..\..\..\libraries\Board_Support_Library\libArduino_Duemilanove_w__ATmega328.a(Print.o)
Print::println(__FlashStringHelper const*)        D:\Documents\QuadCopter\Code\IMU\KalmanIMU\Release\..\..\..\libraries\Board_Support_Library\libArduino_Duemilanove_w__ATmega328.a(Print.o)
Print::println(char const*)                       D:\Documents\QuadCopter\Code\IMU\KalmanIMU\Release\..\..\..\libraries\Board_Support_Library\libArduino_Duemilanove_w__ATmega328.a(Print.o)
                                                  ./utilities.o
Print::println(char)                              D:\Documents\QuadCopter\Code\IMU\KalmanIMU\Release\..\..\..\libraries\Board_Support_Library\libArduino_Duemilanove_w__ATmega328.a(Print.o)
Print::println(double, int)                       D:\Documents\QuadCopter\Code\IMU\KalmanIMU\Release\..\..\..\libraries\Board_Support_Library\libArduino_Duemilanove_w__ATmega328.a(Print.o)
Print::println(int, int)                          D:\Documents\QuadCopter\Code\IMU\KalmanIMU\Release\..\..\..\libraries\Board_Support_Library\libArduino_Duemilanove_w__ATmega328.a(Print.o)
Print::println(long, int)                         D:\Documents\QuadCopter\Code\IMU\KalmanIMU\Release\..\..\..\libraries\Board_Support_Library\libArduino_Duemilanove_w__ATmega328.a(Print.o)
Print::println(unsigned char, int)                D:\Documents\QuadCopter\Code\IMU\KalmanIMU\Release\..\..\..\libraries\Board_Support_Library\libArduino_Duemilanove_w__ATmega328.a(Print.o)
Print::println(unsigned int, int)                 D:\Documents\QuadCopter\Code\IMU\KalmanIMU\Release\..\..\..\libraries\Board_Support_Library\libArduino_Duemilanove_w__ATmega328.a(Print.o)
Print::println(unsigned long, int)                D:\Documents\QuadCopter\Code\IMU\KalmanIMU\Release\..\..\..\libraries\Board_Support_Library\libArduino_Duemilanove_w__ATmega328.a(Print.o)
Print::write(char const*)                         D:\Documents\QuadCopter\Code\IMU\KalmanIMU\Release\..\..\..\libraries\Board_Support_Library\libArduino_Duemilanove_w__ATmega328.a(Print.o)
Print::write(unsigned char const*, unsigned int)  D:\Documents\QuadCopter\Code\IMU\KalmanIMU\Release\..\..\..\libraries\Board_Support_Library\libArduino_Duemilanove_w__ATmega328.a(Print.o)
                                                  D:\Documents\QuadCopter\Code\IMU\KalmanIMU\Release\..\..\..\libraries\Board_Support_Library\libArduino_Duemilanove_w__ATmega328.a(HardwareSerial.o)
PrintBinaryData()                                 ./utilities.o
                                                  ./IMU_Kalman.o
SPIClass::begin()                                 D:\Documents\QuadCopter\Code\IMU\KalmanIMU\Release\..\..\..\libraries\MPU6000\libMPU6000.a(MPU6000.o)
SPIClass::setClockDivider(unsigned char)          D:\Documents\QuadCopter\Code\IMU\KalmanIMU\Release\..\..\..\libraries\MPU6000\libMPU6000.a(MPU6000.o)
Serial                                            D:\Documents\QuadCopter\Code\IMU\KalmanIMU\Release\..\..\..\libraries\Board_Support_Library\libArduino_Duemilanove_w__ATmega328.a(HardwareSerial.o)
                                                  ./utilities.o
String::String(String const&)                     D:\Documents\QuadCopter\Code\IMU\KalmanIMU\Release\..\..\..\libraries\Board_Support_Library\libArduino_Duemilanove_w__ATmega328.a(WString.o)
String::String(String const&)                     D:\Documents\QuadCopter\Code\IMU\KalmanIMU\Release\..\..\..\libraries\Board_Support_Library\libArduino_Duemilanove_w__ATmega328.a(WString.o)
String::String(char const*)                       D:\Documents\QuadCopter\Code\IMU\KalmanIMU\Release\..\..\..\libraries\Board_Support_Library\libArduino_Duemilanove_w__ATmega328.a(WString.o)
String::String(char const*)                       D:\Documents\QuadCopter\Code\IMU\KalmanIMU\Release\..\..\..\libraries\Board_Support_Library\libArduino_Duemilanove_w__ATmega328.a(WString.o)
String::String(char)                              D:\Documents\QuadCopter\Code\IMU\KalmanIMU\Release\..\..\..\libraries\Board_Support_Library\libArduino_Duemilanove_w__ATmega328.a(WString.o)
String::String(char)                              D:\Documents\QuadCopter\Code\IMU\KalmanIMU\Release\..\..\..\libraries\Board_Support_Library\libArduino_Duemilanove_w__ATmega328.a(WString.o)
String::String(int, unsigned char)                D:\Documents\QuadCopter\Code\IMU\KalmanIMU\Release\..\..\..\libraries\Board_Support_Library\libArduino_Duemilanove_w__ATmega328.a(WString.o)
String::String(int, unsigned char)                D:\Documents\QuadCopter\Code\IMU\KalmanIMU\Release\..\..\..\libraries\Board_Support_Library\libArduino_Duemilanove_w__ATmega328.a(WString.o)
String::String(long, unsigned char)               D:\Documents\QuadCopter\Code\IMU\KalmanIMU\Release\..\..\..\libraries\Board_Support_Library\libArduino_Duemilanove_w__ATmega328.a(WString.o)
String::String(long, unsigned char)               D:\Documents\QuadCopter\Code\IMU\KalmanIMU\Release\..\..\..\libraries\Board_Support_Library\libArduino_Duemilanove_w__ATmega328.a(WString.o)
String::String(unsigned char, unsigned char)      D:\Documents\QuadCopter\Code\IMU\KalmanIMU\Release\..\..\..\libraries\Board_Support_Library\libArduino_Duemilanove_w__ATmega328.a(WString.o)
String::String(unsigned char, unsigned char)      D:\Documents\QuadCopter\Code\IMU\KalmanIMU\Release\..\..\..\libraries\Board_Support_Library\libArduino_Duemilanove_w__ATmega328.a(WString.o)
String::String(unsigned int, unsigned char)       D:\Documents\QuadCopter\Code\IMU\KalmanIMU\Release\..\..\..\libraries\Board_Support_Library\libArduino_Duemilanove_w__ATmega328.a(WString.o)
String::String(unsigned int, unsigned char)       D:\Documents\QuadCopter\Code\IMU\KalmanIMU\Release\..\..\..\libraries\Board_Support_Library\libArduino_Duemilanove_w__ATmega328.a(WString.o)
String::String(unsigned long, unsigned char)      D:\Documents\QuadCopter\Code\IMU\KalmanIMU\Release\..\..\..\libraries\Board_Support_Library\libArduino_Duemilanove_w__ATmega328.a(WString.o)
String::String(unsigned long, unsigned char)      D:\Documents\QuadCopter\Code\IMU\KalmanIMU\Release\..\..\..\libraries\Board_Support_Library\libArduino_Duemilanove_w__ATmega328.a(WString.o)
String::changeBuffer(unsigned int)                D:\Documents\QuadCopter\Code\IMU\KalmanIMU\Release\..\..\..\libraries\Board_Support_Library\libArduino_Duemilanove_w__ATmega328.a(WString.o)
String::charAt(unsigned int) const                D:\Documents\QuadCopter\Code\IMU\KalmanIMU\Release\..\..\..\libraries\Board_Support_Library\libArduino_Duemilanove_w__ATmega328.a(WString.o)
String::compareTo(String const&) const            D:\Documents\QuadCopter\Code\IMU\KalmanIMU\Release\..\..\..\libraries\Board_Support_Library\libArduino_Duemilanove_w__ATmega328.a(WString.o)
String::concat(String const&)                     D:\Documents\QuadCopter\Code\IMU\KalmanIMU\Release\..\..\..\libraries\Board_Support_Library\libArduino_Duemilanove_w__ATmega328.a(WString.o)
String::concat(char const*)                       D:\Documents\QuadCopter\Code\IMU\KalmanIMU\Release\..\..\..\libraries\Board_Support_Library\libArduino_Duemilanove_w__ATmega328.a(WString.o)
String::concat(char const*, unsigned int)         D:\Documents\QuadCopter\Code\IMU\KalmanIMU\Release\..\..\..\libraries\Board_Support_Library\libArduino_Duemilanove_w__ATmega328.a(WString.o)
String::concat(char)                              D:\Documents\QuadCopter\Code\IMU\KalmanIMU\Release\..\..\..\libraries\Board_Support_Library\libArduino_Duemilanove_w__ATmega328.a(WString.o)
String::concat(int)                               D:\Documents\QuadCopter\Code\IMU\KalmanIMU\Release\..\..\..\libraries\Board_Support_Library\libArduino_Duemilanove_w__ATmega328.a(WString.o)
String::concat(long)                              D:\Documents\QuadCopter\Code\IMU\KalmanIMU\Release\..\..\..\libraries\Board_Support_Library\libArduino_Duemilanove_w__ATmega328.a(WString.o)
String::concat(unsigned char)                     D:\Documents\QuadCopter\Code\IMU\KalmanIMU\Release\..\..\..\libraries\Board_Support_Library\libArduino_Duemilanove_w__ATmega328.a(WString.o)
String::concat(unsigned int)                      D:\Documents\QuadCopter\Code\IMU\KalmanIMU\Release\..\..\..\libraries\Board_Support_Library\libArduino_Duemilanove_w__ATmega328.a(WString.o)
String::concat(unsigned long)                     D:\Documents\QuadCopter\Code\IMU\KalmanIMU\Release\..\..\..\libraries\Board_Support_Library\libArduino_Duemilanove_w__ATmega328.a(WString.o)
String::copy(char const*, unsigned int)           D:\Documents\QuadCopter\Code\IMU\KalmanIMU\Release\..\..\..\libraries\Board_Support_Library\libArduino_Duemilanove_w__ATmega328.a(WString.o)
String::endsWith(String const&) const             D:\Documents\QuadCopter\Code\IMU\KalmanIMU\Release\..\..\..\libraries\Board_Support_Library\libArduino_Duemilanove_w__ATmega328.a(WString.o)
String::equals(String const&) const               D:\Documents\QuadCopter\Code\IMU\KalmanIMU\Release\..\..\..\libraries\Board_Support_Library\libArduino_Duemilanove_w__ATmega328.a(WString.o)
String::equals(char const*) const                 D:\Documents\QuadCopter\Code\IMU\KalmanIMU\Release\..\..\..\libraries\Board_Support_Library\libArduino_Duemilanove_w__ATmega328.a(WString.o)
String::equalsIgnoreCase(String const&) const     D:\Documents\QuadCopter\Code\IMU\KalmanIMU\Release\..\..\..\libraries\Board_Support_Library\libArduino_Duemilanove_w__ATmega328.a(WString.o)
String::getBytes(unsigned char*, unsigned int, unsigned int) const D:\Documents\QuadCopter\Code\IMU\KalmanIMU\Release\..\..\..\libraries\Board_Support_Library\libArduino_Duemilanove_w__ATmega328.a(WString.o)
String::indexOf(String const&) const              D:\Documents\QuadCopter\Code\IMU\KalmanIMU\Release\..\..\..\libraries\Board_Support_Library\libArduino_Duemilanove_w__ATmega328.a(WString.o)
String::indexOf(String const&, unsigned int) const D:\Documents\QuadCopter\Code\IMU\KalmanIMU\Release\..\..\..\libraries\Board_Support_Library\libArduino_Duemilanove_w__ATmega328.a(WString.o)
String::indexOf(char) const                       D:\Documents\QuadCopter\Code\IMU\KalmanIMU\Release\..\..\..\libraries\Board_Support_Library\libArduino_Duemilanove_w__ATmega328.a(WString.o)
String::indexOf(char, unsigned int) const         D:\Documents\QuadCopter\Code\IMU\KalmanIMU\Release\..\..\..\libraries\Board_Support_Library\libArduino_Duemilanove_w__ATmega328.a(WString.o)
String::invalidate()                              D:\Documents\QuadCopter\Code\IMU\KalmanIMU\Release\..\..\..\libraries\Board_Support_Library\libArduino_Duemilanove_w__ATmega328.a(WString.o)
String::lastIndexOf(String const&) const          D:\Documents\QuadCopter\Code\IMU\KalmanIMU\Release\..\..\..\libraries\Board_Support_Library\libArduino_Duemilanove_w__ATmega328.a(WString.o)
String::lastIndexOf(String const&, unsigned int) const D:\Documents\QuadCopter\Code\IMU\KalmanIMU\Release\..\..\..\libraries\Board_Support_Library\libArduino_Duemilanove_w__ATmega328.a(WString.o)
String::lastIndexOf(char) const                   D:\Documents\QuadCopter\Code\IMU\KalmanIMU\Release\..\..\..\libraries\Board_Support_Library\libArduino_Duemilanove_w__ATmega328.a(WString.o)
String::lastIndexOf(char, unsigned int) const     D:\Documents\QuadCopter\Code\IMU\KalmanIMU\Release\..\..\..\libraries\Board_Support_Library\libArduino_Duemilanove_w__ATmega328.a(WString.o)
String::operator<(String const&) const            D:\Documents\QuadCopter\Code\IMU\KalmanIMU\Release\..\..\..\libraries\Board_Support_Library\libArduino_Duemilanove_w__ATmega328.a(WString.o)
String::operator<=(String const&) const           D:\Documents\QuadCopter\Code\IMU\KalmanIMU\Release\..\..\..\libraries\Board_Support_Library\libArduino_Duemilanove_w__ATmega328.a(WString.o)
String::operator=(String const&)                  D:\Documents\QuadCopter\Code\IMU\KalmanIMU\Release\..\..\..\libraries\Board_Support_Library\libArduino_Duemilanove_w__ATmega328.a(WString.o)
String::operator=(char const*)                    D:\Documents\QuadCopter\Code\IMU\KalmanIMU\Release\..\..\..\libraries\Board_Support_Library\libArduino_Duemilanove_w__ATmega328.a(WString.o)
String::operator>(String const&) const            D:\Documents\QuadCopter\Code\IMU\KalmanIMU\Release\..\..\..\libraries\Board_Support_Library\libArduino_Duemilanove_w__ATmega328.a(WString.o)
String::operator>=(String const&) const           D:\Documents\QuadCopter\Code\IMU\KalmanIMU\Release\..\..\..\libraries\Board_Support_Library\libArduino_Duemilanove_w__ATmega328.a(WString.o)
String::operator[](unsigned int)                  D:\Documents\QuadCopter\Code\IMU\KalmanIMU\Release\..\..\..\libraries\Board_Support_Library\libArduino_Duemilanove_w__ATmega328.a(WString.o)
String::operator[](unsigned int) const            D:\Documents\QuadCopter\Code\IMU\KalmanIMU\Release\..\..\..\libraries\Board_Support_Library\libArduino_Duemilanove_w__ATmega328.a(WString.o)
                                                  D:\Documents\QuadCopter\Code\IMU\KalmanIMU\Release\..\..\..\libraries\Board_Support_Library\libArduino_Duemilanove_w__ATmega328.a(Print.o)
String::replace(String const&, String const&)     D:\Documents\QuadCopter\Code\IMU\KalmanIMU\Release\..\..\..\libraries\Board_Support_Library\libArduino_Duemilanove_w__ATmega328.a(WString.o)
String::replace(char, char)                       D:\Documents\QuadCopter\Code\IMU\KalmanIMU\Release\..\..\..\libraries\Board_Support_Library\libArduino_Duemilanove_w__ATmega328.a(WString.o)
String::reserve(unsigned int)                     D:\Documents\QuadCopter\Code\IMU\KalmanIMU\Release\..\..\..\libraries\Board_Support_Library\libArduino_Duemilanove_w__ATmega328.a(WString.o)
String::setCharAt(unsigned int, char)             D:\Documents\QuadCopter\Code\IMU\KalmanIMU\Release\..\..\..\libraries\Board_Support_Library\libArduino_Duemilanove_w__ATmega328.a(WString.o)
String::startsWith(String const&) const           D:\Documents\QuadCopter\Code\IMU\KalmanIMU\Release\..\..\..\libraries\Board_Support_Library\libArduino_Duemilanove_w__ATmega328.a(WString.o)
String::startsWith(String const&, unsigned int) const D:\Documents\QuadCopter\Code\IMU\KalmanIMU\Release\..\..\..\libraries\Board_Support_Library\libArduino_Duemilanove_w__ATmega328.a(WString.o)
String::substring(unsigned int) const             D:\Documents\QuadCopter\Code\IMU\KalmanIMU\Release\..\..\..\libraries\Board_Support_Library\libArduino_Duemilanove_w__ATmega328.a(WString.o)
String::substring(unsigned int, unsigned int) const D:\Documents\QuadCopter\Code\IMU\KalmanIMU\Release\..\..\..\libraries\Board_Support_Library\libArduino_Duemilanove_w__ATmega328.a(WString.o)
String::toInt() const                             D:\Documents\QuadCopter\Code\IMU\KalmanIMU\Release\..\..\..\libraries\Board_Support_Library\libArduino_Duemilanove_w__ATmega328.a(WString.o)
String::toLowerCase()                             D:\Documents\QuadCopter\Code\IMU\KalmanIMU\Release\..\..\..\libraries\Board_Support_Library\libArduino_Duemilanove_w__ATmega328.a(WString.o)
String::toUpperCase()                             D:\Documents\QuadCopter\Code\IMU\KalmanIMU\Release\..\..\..\libraries\Board_Support_Library\libArduino_Duemilanove_w__ATmega328.a(WString.o)
String::trim()                                    D:\Documents\QuadCopter\Code\IMU\KalmanIMU\Release\..\..\..\libraries\Board_Support_Library\libArduino_Duemilanove_w__ATmega328.a(WString.o)
String::~String()                                 D:\Documents\QuadCopter\Code\IMU\KalmanIMU\Release\..\..\..\libraries\Board_Support_Library\libArduino_Duemilanove_w__ATmega328.a(WString.o)
String::~String()                                 D:\Documents\QuadCopter\Code\IMU\KalmanIMU\Release\..\..\..\libraries\Board_Support_Library\libArduino_Duemilanove_w__ATmega328.a(WString.o)
TwoWire::available()                              D:\Documents\QuadCopter\Code\IMU\KalmanIMU\Release\..\..\..\libraries\HMC5883\libHMC5883.a(HMC5883.o)
TwoWire::begin()                                  D:\Documents\QuadCopter\Code\IMU\KalmanIMU\Release\..\..\..\libraries\HMC5883\libHMC5883.a(HMC5883.o)
TwoWire::beginTransmission(int)                   D:\Documents\QuadCopter\Code\IMU\KalmanIMU\Release\..\..\..\libraries\HMC5883\libHMC5883.a(HMC5883.o)
TwoWire::endTransmission()                        D:\Documents\QuadCopter\Code\IMU\KalmanIMU\Release\..\..\..\libraries\HMC5883\libHMC5883.a(HMC5883.o)
TwoWire::read()                                   D:\Documents\QuadCopter\Code\IMU\KalmanIMU\Release\..\..\..\libraries\HMC5883\libHMC5883.a(HMC5883.o)
TwoWire::requestFrom(unsigned char, unsigned char) D:\Documents\QuadCopter\Code\IMU\KalmanIMU\Release\..\..\..\libraries\HMC5883\libHMC5883.a(HMC5883.o)
TwoWire::write(unsigned char)                     D:\Documents\QuadCopter\Code\IMU\KalmanIMU\Release\..\..\..\libraries\HMC5883\libHMC5883.a(HMC5883.o)
Wire                                              D:\Documents\QuadCopter\Code\IMU\KalmanIMU\Release\..\..\..\libraries\HMC5883\libHMC5883.a(HMC5883.o)
XAxisAccelNoise                                   ./utilities.o
XAxisAngleNoise                                   ./utilities.o
XAxisGyroKalman                                   D:\Documents\QuadCopter\Code\IMU\KalmanIMU\Release\..\..\..\libraries\GyroKalman\libGyroKalman.a(GyroKalman.o)
                                                  ./utilities.o
XAxisRateNoise                                    ./utilities.o
YAxisAccelNoise                                   ./utilities.o
YAxisAngleNoise                                   ./utilities.o
YAxisGyroKalman                                   D:\Documents\QuadCopter\Code\IMU\KalmanIMU\Release\..\..\..\libraries\GyroKalman\libGyroKalman.a(GyroKalman.o)
                                                  ./utilities.o
YAxisRateNoise                                    ./utilities.o
ZAxisAccelNoise                                   ./utilities.o
ZAxisAngleNoise                                   ./utilities.o
ZAxisGyroKalman                                   D:\Documents\QuadCopter\Code\IMU\KalmanIMU\Release\..\..\..\libraries\GyroKalman\libGyroKalman.a(GyroKalman.o)
                                                  ./utilities.o
ZAxisRateNoise                                    ./utilities.o
__addsf3                                          c:/arduino-1.0.4-windows/arduino-1.0.4/hardware/tools/avr/bin/../lib/gcc/avr/4.3.2/../../../../avr/lib/avr5\libm.a(addsf3.o)
                                                  D:\Documents\QuadCopter\Code\IMU\KalmanIMU\Release\..\..\..\libraries\Board_Support_Library\libArduino_Duemilanove_w__ATmega328.a(Print.o)
__addsf3x                                         c:/arduino-1.0.4-windows/arduino-1.0.4/hardware/tools/avr/bin/../lib/gcc/avr/4.3.2/../../../../avr/lib/avr5\libm.a(addsf3x.o)
                                                  c:/arduino-1.0.4-windows/arduino-1.0.4/hardware/tools/avr/bin/../lib/gcc/avr/4.3.2/../../../../avr/lib/avr5\libm.a(addsf3.o)
__bad_interrupt                                   c:/arduino-1.0.4-windows/arduino-1.0.4/hardware/tools/avr/bin/../lib/gcc/avr/4.3.2/../../../../avr/lib/avr5/crtm328p.o
__brkval                                          D:\Documents\QuadCopter\Code\IMU\KalmanIMU\Release\..\..\..\libraries\Board_Support_Library\libArduino_Duemilanove_w__ATmega328.a(malloc.o)
__brkval_maximum                                  D:\Documents\QuadCopter\Code\IMU\KalmanIMU\Release\..\..\..\libraries\Board_Support_Library\libArduino_Duemilanove_w__ATmega328.a(malloc.o)
__bss_end                                         c:/arduino-1.0.4-windows/arduino-1.0.4/hardware/tools/avr/bin/../lib/gcc/avr/4.3.2/avr5\libgcc.a(_clear_bss.o)
__bss_start                                       c:/arduino-1.0.4-windows/arduino-1.0.4/hardware/tools/avr/bin/../lib/gcc/avr/4.3.2/avr5\libgcc.a(_clear_bss.o)
__cmpsf2                                          c:/arduino-1.0.4-windows/arduino-1.0.4/hardware/tools/avr/bin/../lib/gcc/avr/4.3.2/../../../../avr/lib/avr5\libm.a(cmpsf2.o)
__ctors_end                                       c:/arduino-1.0.4-windows/arduino-1.0.4/hardware/tools/avr/bin/../lib/gcc/avr/4.3.2/avr5\libgcc.a(_ctors.o)
__ctors_start                                     c:/arduino-1.0.4-windows/arduino-1.0.4/hardware/tools/avr/bin/../lib/gcc/avr/4.3.2/avr5\libgcc.a(_ctors.o)
__ctype_isfalse                                   c:/arduino-1.0.4-windows/arduino-1.0.4/hardware/tools/avr/bin/../lib/gcc/avr/4.3.2/../../../../avr/lib/avr5\libc.a(cty_isfalse.o)
                                                  c:/arduino-1.0.4-windows/arduino-1.0.4/hardware/tools/avr/bin/../lib/gcc/avr/4.3.2/../../../../avr/lib/avr5\libc.a(isspace.o)
__ctype_istrue                                    c:/arduino-1.0.4-windows/arduino-1.0.4/hardware/tools/avr/bin/../lib/gcc/avr/4.3.2/../../../../avr/lib/avr5\libc.a(cty_isfalse.o)
__cxa_guard_abort                                 D:\Documents\QuadCopter\Code\IMU\KalmanIMU\Release\..\..\..\libraries\Board_Support_Library\libArduino_Duemilanove_w__ATmega328.a(new.o)
__cxa_guard_acquire                               D:\Documents\QuadCopter\Code\IMU\KalmanIMU\Release\..\..\..\libraries\Board_Support_Library\libArduino_Duemilanove_w__ATmega328.a(new.o)
__cxa_guard_release                               D:\Documents\QuadCopter\Code\IMU\KalmanIMU\Release\..\..\..\libraries\Board_Support_Library\libArduino_Duemilanove_w__ATmega328.a(new.o)
__cxa_pure_virtual                                D:\Documents\QuadCopter\Code\IMU\KalmanIMU\Release\..\..\..\libraries\Board_Support_Library\libArduino_Duemilanove_w__ATmega328.a(new.o)
                                                  D:\Documents\QuadCopter\Code\IMU\KalmanIMU\Release\..\..\..\libraries\Board_Support_Library\libArduino_Duemilanove_w__ATmega328.a(Print.o)
                                                  D:\Documents\QuadCopter\Code\IMU\KalmanIMU\Release\..\..\..\libraries\Board_Support_Library\libArduino_Duemilanove_w__ATmega328.a(HardwareSerial.o)
__data_end                                        c:/arduino-1.0.4-windows/arduino-1.0.4/hardware/tools/avr/bin/../lib/gcc/avr/4.3.2/avr5\libgcc.a(_copy_data.o)
__data_load_start                                 c:/arduino-1.0.4-windows/arduino-1.0.4/hardware/tools/avr/bin/../lib/gcc/avr/4.3.2/avr5\libgcc.a(_copy_data.o)
__data_start                                      c:/arduino-1.0.4-windows/arduino-1.0.4/hardware/tools/avr/bin/../lib/gcc/avr/4.3.2/avr5\libgcc.a(_copy_data.o)
__divmodsi4                                       c:/arduino-1.0.4-windows/arduino-1.0.4/hardware/tools/avr/bin/../lib/gcc/avr/4.3.2/avr5\libgcc.a(_divmodsi4.o)
                                                  ./utilities.o
__divsf3                                          c:/arduino-1.0.4-windows/arduino-1.0.4/hardware/tools/avr/bin/../lib/gcc/avr/4.3.2/../../../../avr/lib/avr5\libm.a(divsf3.o)
                                                  D:\Documents\QuadCopter\Code\IMU\KalmanIMU\Release\..\..\..\libraries\Board_Support_Library\libArduino_Duemilanove_w__ATmega328.a(Print.o)
__divsf3_pse                                      c:/arduino-1.0.4-windows/arduino-1.0.4/hardware/tools/avr/bin/../lib/gcc/avr/4.3.2/../../../../avr/lib/avr5\libm.a(divsf3x.o)
__divsf3x                                         c:/arduino-1.0.4-windows/arduino-1.0.4/hardware/tools/avr/bin/../lib/gcc/avr/4.3.2/../../../../avr/lib/avr5\libm.a(divsf3x.o)
                                                  c:/arduino-1.0.4-windows/arduino-1.0.4/hardware/tools/avr/bin/../lib/gcc/avr/4.3.2/../../../../avr/lib/avr5\libm.a(divsf3.o)
__do_clear_bss                                    c:/arduino-1.0.4-windows/arduino-1.0.4/hardware/tools/avr/bin/../lib/gcc/avr/4.3.2/avr5\libgcc.a(_clear_bss.o)
                                                  D:\Documents\QuadCopter\Code\IMU\KalmanIMU\Release\..\..\..\libraries\GyroKalman\libGyroKalman.a(GyroKalman.o)
                                                  D:\Documents\QuadCopter\Code\IMU\KalmanIMU\Release\..\..\..\libraries\HMC5883\libHMC5883.a(HMC5883.o)
                                                  D:\Documents\QuadCopter\Code\IMU\KalmanIMU\Release\..\..\..\libraries\MPU6000\libMPU6000.a(MPU6000.o)
                                                  D:\Documents\QuadCopter\Code\IMU\KalmanIMU\Release\..\..\..\libraries\avrfix\libavrfix.a(lmullkD.o)
                                                  D:\Documents\QuadCopter\Code\IMU\KalmanIMU\Release\..\..\..\libraries\Board_Support_Library\libArduino_Duemilanove_w__ATmega328.a(wiring.o)
                                                  D:\Documents\QuadCopter\Code\IMU\KalmanIMU\Release\..\..\..\libraries\Board_Support_Library\libArduino_Duemilanove_w__ATmega328.a(new.o)
                                                  D:\Documents\QuadCopter\Code\IMU\KalmanIMU\Release\..\..\..\libraries\Board_Support_Library\libArduino_Duemilanove_w__ATmega328.a(malloc.o)
                                                  D:\Documents\QuadCopter\Code\IMU\KalmanIMU\Release\..\..\..\libraries\Board_Support_Library\libArduino_Duemilanove_w__ATmega328.a(main.o)
                                                  D:\Documents\QuadCopter\Code\IMU\KalmanIMU\Release\..\..\..\libraries\Board_Support_Library\libArduino_Duemilanove_w__ATmega328.a(WString.o)
                                                  D:\Documents\QuadCopter\Code\IMU\KalmanIMU\Release\..\..\..\libraries\Board_Support_Library\libArduino_Duemilanove_w__ATmega328.a(Print.o)
                                                  D:\Documents\QuadCopter\Code\IMU\KalmanIMU\Release\..\..\..\libraries\Board_Support_Library\libArduino_Duemilanove_w__ATmega328.a(HardwareSerial.o)
                                                  ./utilities.o